<!doctype html public "-//w3c//dtd html 4.0 transitional//en">
<html><head>
<title>Static Call Graph - [Face_Detection_CM7\Face_Detection_CM7.axf]</title></head>
<body><HR>
<H1>Static Call Graph for image Face_Detection_CM7\Face_Detection_CM7.axf</H1><HR>
<BR><P>#&#060CALLGRAPH&#062# ARM Linker, 5060750: Last Updated: Thu Jun 11 00:43:23 2026
<BR><P>
<H3>Maximum Stack Usage =        456 bytes + Unknown(Cycles, Untraceable Function Pointers)</H3><H3>
Call chain for Maximum Stack Depth:</H3>
main &rArr; aiRun &rArr; stai_network_run &rArr; forward_lite_eltwise_node_279 &rArr; forward_eltwise &rArr; core_compute_offsets
<P>
<H3>
Mutually Recursive functions
</H3> <LI><a href="#[91]">ADC3_IRQHandler</a>&nbsp;&nbsp;&nbsp;&rArr;&nbsp;&nbsp;&nbsp;<a href="#[91]">ADC3_IRQHandler</a><BR>
 <LI><a href="#[10]">BusFault_Handler</a>&nbsp;&nbsp;&nbsp;&rArr;&nbsp;&nbsp;&nbsp;<a href="#[10]">BusFault_Handler</a><BR>
 <LI><a href="#[e]">HardFault_Handler</a>&nbsp;&nbsp;&nbsp;&rArr;&nbsp;&nbsp;&nbsp;<a href="#[e]">HardFault_Handler</a><BR>
 <LI><a href="#[f]">MemManage_Handler</a>&nbsp;&nbsp;&nbsp;&rArr;&nbsp;&nbsp;&nbsp;<a href="#[f]">MemManage_Handler</a><BR>
 <LI><a href="#[d]">NMI_Handler</a>&nbsp;&nbsp;&nbsp;&rArr;&nbsp;&nbsp;&nbsp;<a href="#[d]">NMI_Handler</a><BR>
 <LI><a href="#[11]">UsageFault_Handler</a>&nbsp;&nbsp;&nbsp;&rArr;&nbsp;&nbsp;&nbsp;<a href="#[11]">UsageFault_Handler</a><BR>
</UL>
<P>
<H3>
Function Pointers
</H3><UL>
 <LI><a href="#[91]">ADC3_IRQHandler</a> from startup_stm32h747xx_cm7.o(.text) referenced from startup_stm32h747xx_cm7.o(RESET)
 <LI><a href="#[28]">ADC_IRQHandler</a> from startup_stm32h747xx_cm7.o(.text) referenced from startup_stm32h747xx_cm7.o(RESET)
 <LI><a href="#[93]">BDMA_Channel0_IRQHandler</a> from startup_stm32h747xx_cm7.o(.text) referenced from startup_stm32h747xx_cm7.o(RESET)
 <LI><a href="#[94]">BDMA_Channel1_IRQHandler</a> from startup_stm32h747xx_cm7.o(.text) referenced from startup_stm32h747xx_cm7.o(RESET)
 <LI><a href="#[95]">BDMA_Channel2_IRQHandler</a> from startup_stm32h747xx_cm7.o(.text) referenced from startup_stm32h747xx_cm7.o(RESET)
 <LI><a href="#[96]">BDMA_Channel3_IRQHandler</a> from startup_stm32h747xx_cm7.o(.text) referenced from startup_stm32h747xx_cm7.o(RESET)
 <LI><a href="#[97]">BDMA_Channel4_IRQHandler</a> from startup_stm32h747xx_cm7.o(.text) referenced from startup_stm32h747xx_cm7.o(RESET)
 <LI><a href="#[98]">BDMA_Channel5_IRQHandler</a> from startup_stm32h747xx_cm7.o(.text) referenced from startup_stm32h747xx_cm7.o(RESET)
 <LI><a href="#[99]">BDMA_Channel6_IRQHandler</a> from startup_stm32h747xx_cm7.o(.text) referenced from startup_stm32h747xx_cm7.o(RESET)
 <LI><a href="#[9a]">BDMA_Channel7_IRQHandler</a> from startup_stm32h747xx_cm7.o(.text) referenced from startup_stm32h747xx_cm7.o(RESET)
 <LI><a href="#[ac]">BSP_GetTick</a> from stm32h747i_discovery_bus.o(i.BSP_GetTick) referenced from lcd_display.o(i.LCD_Init)
 <LI><a href="#[b6]">BSP_LCD_DrawBitmap</a> from stm32h747i_discovery_lcd.o(i.BSP_LCD_DrawBitmap) referenced from main.o(.constdata)
 <LI><a href="#[b8]">BSP_LCD_DrawHLine</a> from stm32h747i_discovery_lcd.o(i.BSP_LCD_DrawHLine) referenced from main.o(.constdata)
 <LI><a href="#[b9]">BSP_LCD_DrawVLine</a> from stm32h747i_discovery_lcd.o(i.BSP_LCD_DrawVLine) referenced from main.o(.constdata)
 <LI><a href="#[b7]">BSP_LCD_FillRGBRect</a> from stm32h747i_discovery_lcd.o(i.BSP_LCD_FillRGBRect) referenced from main.o(.constdata)
 <LI><a href="#[ba]">BSP_LCD_FillRect</a> from stm32h747i_discovery_lcd.o(i.BSP_LCD_FillRect) referenced from main.o(.constdata)
 <LI><a href="#[c0]">BSP_LCD_GetPixelFormat</a> from stm32h747i_discovery_lcd.o(i.BSP_LCD_GetPixelFormat) referenced from main.o(.constdata)
 <LI><a href="#[bb]">BSP_LCD_ReadPixel</a> from stm32h747i_discovery_lcd.o(i.BSP_LCD_ReadPixel) referenced from main.o(.constdata)
 <LI><a href="#[bf]">BSP_LCD_SetActiveLayer</a> from stm32h747i_discovery_lcd.o(i.BSP_LCD_SetActiveLayer) referenced from main.o(.constdata)
 <LI><a href="#[bc]">BSP_LCD_WritePixel</a> from stm32h747i_discovery_lcd.o(i.BSP_LCD_WritePixel) referenced from main.o(.constdata)
 <LI><a href="#[0]">BUTTON_WAKEUP_EXTI_Callback</a> from stm32h747i_discovery.o(i.BUTTON_WAKEUP_EXTI_Callback) referenced 2 times from stm32h747i_discovery.o(.data)
 <LI><a href="#[10]">BusFault_Handler</a> from stm32h7xx_it.o(i.BusFault_Handler) referenced from startup_stm32h747xx_cm7.o(RESET)
 <LI><a href="#[70]">CEC_IRQHandler</a> from startup_stm32h747xx_cm7.o(.text) referenced from startup_stm32h747xx_cm7.o(RESET)
 <LI><a href="#[56]">CM4_SEV_IRQHandler</a> from startup_stm32h747xx_cm7.o(.text) referenced from startup_stm32h747xx_cm7.o(RESET)
 <LI><a href="#[55]">CM7_SEV_IRQHandler</a> from startup_stm32h747xx_cm7.o(.text) referenced from startup_stm32h747xx_cm7.o(RESET)
 <LI><a href="#[9b]">COMP1_IRQHandler</a> from startup_stm32h747xx_cm7.o(.text) referenced from startup_stm32h747xx_cm7.o(RESET)
 <LI><a href="#[a2]">CRS_IRQHandler</a> from startup_stm32h747xx_cm7.o(.text) referenced from startup_stm32h747xx_cm7.o(RESET)
 <LI><a href="#[61]">DCMI_IRQHandler</a> from startup_stm32h747xx_cm7.o(.text) referenced from startup_stm32h747xx_cm7.o(RESET)
 <LI><a href="#[80]">DFSDM1_FLT0_IRQHandler</a> from startup_stm32h747xx_cm7.o(.text) referenced from startup_stm32h747xx_cm7.o(RESET)
 <LI><a href="#[81]">DFSDM1_FLT1_IRQHandler</a> from startup_stm32h747xx_cm7.o(.text) referenced from startup_stm32h747xx_cm7.o(RESET)
 <LI><a href="#[82]">DFSDM1_FLT2_IRQHandler</a> from startup_stm32h747xx_cm7.o(.text) referenced from startup_stm32h747xx_cm7.o(RESET)
 <LI><a href="#[83]">DFSDM1_FLT3_IRQHandler</a> from startup_stm32h747xx_cm7.o(.text) referenced from startup_stm32h747xx_cm7.o(RESET)
 <LI><a href="#[21]">DMA1_Stream0_IRQHandler</a> from startup_stm32h747xx_cm7.o(.text) referenced from startup_stm32h747xx_cm7.o(RESET)
 <LI><a href="#[22]">DMA1_Stream1_IRQHandler</a> from startup_stm32h747xx_cm7.o(.text) referenced from startup_stm32h747xx_cm7.o(RESET)
 <LI><a href="#[23]">DMA1_Stream2_IRQHandler</a> from startup_stm32h747xx_cm7.o(.text) referenced from startup_stm32h747xx_cm7.o(RESET)
 <LI><a href="#[24]">DMA1_Stream3_IRQHandler</a> from startup_stm32h747xx_cm7.o(.text) referenced from startup_stm32h747xx_cm7.o(RESET)
 <LI><a href="#[25]">DMA1_Stream4_IRQHandler</a> from startup_stm32h747xx_cm7.o(.text) referenced from startup_stm32h747xx_cm7.o(RESET)
 <LI><a href="#[26]">DMA1_Stream5_IRQHandler</a> from startup_stm32h747xx_cm7.o(.text) referenced from startup_stm32h747xx_cm7.o(RESET)
 <LI><a href="#[27]">DMA1_Stream6_IRQHandler</a> from startup_stm32h747xx_cm7.o(.text) referenced from startup_stm32h747xx_cm7.o(RESET)
 <LI><a href="#[44]">DMA1_Stream7_IRQHandler</a> from startup_stm32h747xx_cm7.o(.text) referenced from startup_stm32h747xx_cm7.o(RESET)
 <LI><a href="#[6c]">DMA2D_IRQHandler</a> from startup_stm32h747xx_cm7.o(.text) referenced from startup_stm32h747xx_cm7.o(RESET)
 <LI><a href="#[4d]">DMA2_Stream0_IRQHandler</a> from startup_stm32h747xx_cm7.o(.text) referenced from startup_stm32h747xx_cm7.o(RESET)
 <LI><a href="#[4e]">DMA2_Stream1_IRQHandler</a> from startup_stm32h747xx_cm7.o(.text) referenced from startup_stm32h747xx_cm7.o(RESET)
 <LI><a href="#[4f]">DMA2_Stream2_IRQHandler</a> from startup_stm32h747xx_cm7.o(.text) referenced from startup_stm32h747xx_cm7.o(RESET)
 <LI><a href="#[50]">DMA2_Stream3_IRQHandler</a> from startup_stm32h747xx_cm7.o(.text) referenced from startup_stm32h747xx_cm7.o(RESET)
 <LI><a href="#[51]">DMA2_Stream4_IRQHandler</a> from startup_stm32h747xx_cm7.o(.text) referenced from startup_stm32h747xx_cm7.o(RESET)
 <LI><a href="#[57]">DMA2_Stream5_IRQHandler</a> from startup_stm32h747xx_cm7.o(.text) referenced from startup_stm32h747xx_cm7.o(RESET)
 <LI><a href="#[58]">DMA2_Stream6_IRQHandler</a> from startup_stm32h747xx_cm7.o(.text) referenced from startup_stm32h747xx_cm7.o(RESET)
 <LI><a href="#[59]">DMA2_Stream7_IRQHandler</a> from startup_stm32h747xx_cm7.o(.text) referenced from startup_stm32h747xx_cm7.o(RESET)
 <LI><a href="#[78]">DMAMUX1_OVR_IRQHandler</a> from startup_stm32h747xx_cm7.o(.text) referenced from startup_stm32h747xx_cm7.o(RESET)
 <LI><a href="#[92]">DMAMUX2_OVR_IRQHandler</a> from startup_stm32h747xx_cm7.o(.text) referenced from startup_stm32h747xx_cm7.o(RESET)
 <LI><a href="#[ae]">DSI_IO_Read</a> from lcd_display.o(i.DSI_IO_Read) referenced from lcd_display.o(i.LCD_Init)
 <LI><a href="#[ad]">DSI_IO_Write</a> from lcd_display.o(i.DSI_IO_Write) referenced from lcd_display.o(i.LCD_Init)
 <LI><a href="#[8d]">DSI_IRQHandler</a> from lcd_display.o(i.DSI_IRQHandler) referenced from startup_stm32h747xx_cm7.o(RESET)
 <LI><a href="#[13]">DebugMon_Handler</a> from stm32h7xx_it.o(i.DebugMon_Handler) referenced from startup_stm32h747xx_cm7.o(RESET)
 <LI><a href="#[a3]">ECC_IRQHandler</a> from startup_stm32h747xx_cm7.o(.text) referenced from startup_stm32h747xx_cm7.o(RESET)
 <LI><a href="#[52]">ETH_IRQHandler</a> from startup_stm32h747xx_cm7.o(.text) referenced from startup_stm32h747xx_cm7.o(RESET)
 <LI><a href="#[53]">ETH_WKUP_IRQHandler</a> from startup_stm32h747xx_cm7.o(.text) referenced from startup_stm32h747xx_cm7.o(RESET)
 <LI><a href="#[1c]">EXTI0_IRQHandler</a> from startup_stm32h747xx_cm7.o(.text) referenced from startup_stm32h747xx_cm7.o(RESET)
 <LI><a href="#[3e]">EXTI15_10_IRQHandler</a> from startup_stm32h747xx_cm7.o(.text) referenced from startup_stm32h747xx_cm7.o(RESET)
 <LI><a href="#[1d]">EXTI1_IRQHandler</a> from startup_stm32h747xx_cm7.o(.text) referenced from startup_stm32h747xx_cm7.o(RESET)
 <LI><a href="#[1e]">EXTI2_IRQHandler</a> from startup_stm32h747xx_cm7.o(.text) referenced from startup_stm32h747xx_cm7.o(RESET)
 <LI><a href="#[1f]">EXTI3_IRQHandler</a> from startup_stm32h747xx_cm7.o(.text) referenced from startup_stm32h747xx_cm7.o(RESET)
 <LI><a href="#[20]">EXTI4_IRQHandler</a> from startup_stm32h747xx_cm7.o(.text) referenced from startup_stm32h747xx_cm7.o(RESET)
 <LI><a href="#[2d]">EXTI9_5_IRQHandler</a> from startup_stm32h747xx_cm7.o(.text) referenced from startup_stm32h747xx_cm7.o(RESET)
 <LI><a href="#[a8]">ExitRun0Mode</a> from main.o(i.ExitRun0Mode) referenced from startup_stm32h747xx_cm7.o(.text)
 <LI><a href="#[29]">FDCAN1_IT0_IRQHandler</a> from startup_stm32h747xx_cm7.o(.text) referenced from startup_stm32h747xx_cm7.o(RESET)
 <LI><a href="#[2b]">FDCAN1_IT1_IRQHandler</a> from startup_stm32h747xx_cm7.o(.text) referenced from startup_stm32h747xx_cm7.o(RESET)
 <LI><a href="#[2a]">FDCAN2_IT0_IRQHandler</a> from startup_stm32h747xx_cm7.o(.text) referenced from startup_stm32h747xx_cm7.o(RESET)
 <LI><a href="#[2c]">FDCAN2_IT1_IRQHandler</a> from startup_stm32h747xx_cm7.o(.text) referenced from startup_stm32h747xx_cm7.o(RESET)
 <LI><a href="#[54]">FDCAN_CAL_IRQHandler</a> from startup_stm32h747xx_cm7.o(.text) referenced from startup_stm32h747xx_cm7.o(RESET)
 <LI><a href="#[1a]">FLASH_IRQHandler</a> from startup_stm32h747xx_cm7.o(.text) referenced from startup_stm32h747xx_cm7.o(RESET)
 <LI><a href="#[45]">FMC_IRQHandler</a> from startup_stm32h747xx_cm7.o(.text) referenced from startup_stm32h747xx_cm7.o(RESET)
 <LI><a href="#[63]">FPU_IRQHandler</a> from startup_stm32h747xx_cm7.o(.text) referenced from startup_stm32h747xx_cm7.o(RESET)
 <LI><a href="#[a5]">HOLD_CORE_IRQHandler</a> from startup_stm32h747xx_cm7.o(.text) referenced from startup_stm32h747xx_cm7.o(RESET)
 <LI><a href="#[7f]">HRTIM1_FLT_IRQHandler</a> from startup_stm32h747xx_cm7.o(.text) referenced from startup_stm32h747xx_cm7.o(RESET)
 <LI><a href="#[79]">HRTIM1_Master_IRQHandler</a> from startup_stm32h747xx_cm7.o(.text) referenced from startup_stm32h747xx_cm7.o(RESET)
 <LI><a href="#[7a]">HRTIM1_TIMA_IRQHandler</a> from startup_stm32h747xx_cm7.o(.text) referenced from startup_stm32h747xx_cm7.o(RESET)
 <LI><a href="#[7b]">HRTIM1_TIMB_IRQHandler</a> from startup_stm32h747xx_cm7.o(.text) referenced from startup_stm32h747xx_cm7.o(RESET)
 <LI><a href="#[7c]">HRTIM1_TIMC_IRQHandler</a> from startup_stm32h747xx_cm7.o(.text) referenced from startup_stm32h747xx_cm7.o(RESET)
 <LI><a href="#[7d]">HRTIM1_TIMD_IRQHandler</a> from startup_stm32h747xx_cm7.o(.text) referenced from startup_stm32h747xx_cm7.o(RESET)
 <LI><a href="#[7e]">HRTIM1_TIME_IRQHandler</a> from startup_stm32h747xx_cm7.o(.text) referenced from startup_stm32h747xx_cm7.o(RESET)
 <LI><a href="#[8f]">HSEM1_IRQHandler</a> from startup_stm32h747xx_cm7.o(.text) referenced from startup_stm32h747xx_cm7.o(RESET)
 <LI><a href="#[90]">HSEM2_IRQHandler</a> from startup_stm32h747xx_cm7.o(.text) referenced from startup_stm32h747xx_cm7.o(RESET)
 <LI><a href="#[e]">HardFault_Handler</a> from stm32h7xx_it.o(i.HardFault_Handler) referenced from startup_stm32h747xx_cm7.o(RESET)
 <LI><a href="#[36]">I2C1_ER_IRQHandler</a> from startup_stm32h747xx_cm7.o(.text) referenced from startup_stm32h747xx_cm7.o(RESET)
 <LI><a href="#[35]">I2C1_EV_IRQHandler</a> from startup_stm32h747xx_cm7.o(.text) referenced from startup_stm32h747xx_cm7.o(RESET)
 <LI><a href="#[38]">I2C2_ER_IRQHandler</a> from startup_stm32h747xx_cm7.o(.text) referenced from startup_stm32h747xx_cm7.o(RESET)
 <LI><a href="#[37]">I2C2_EV_IRQHandler</a> from startup_stm32h747xx_cm7.o(.text) referenced from startup_stm32h747xx_cm7.o(RESET)
 <LI><a href="#[5c]">I2C3_ER_IRQHandler</a> from startup_stm32h747xx_cm7.o(.text) referenced from startup_stm32h747xx_cm7.o(RESET)
 <LI><a href="#[5b]">I2C3_EV_IRQHandler</a> from startup_stm32h747xx_cm7.o(.text) referenced from startup_stm32h747xx_cm7.o(RESET)
 <LI><a href="#[72]">I2C4_ER_IRQHandler</a> from startup_stm32h747xx_cm7.o(.text) referenced from startup_stm32h747xx_cm7.o(RESET)
 <LI><a href="#[71]">I2C4_EV_IRQHandler</a> from startup_stm32h747xx_cm7.o(.text) referenced from startup_stm32h747xx_cm7.o(RESET)
 <LI><a href="#[2]">JOY1_DOWN_EXTI_Callback</a> from stm32h747i_discovery.o(i.JOY1_DOWN_EXTI_Callback) referenced 2 times from stm32h747i_discovery.o(.data)
 <LI><a href="#[3]">JOY1_LEFT_EXTI_Callback</a> from stm32h747i_discovery.o(i.JOY1_LEFT_EXTI_Callback) referenced 2 times from stm32h747i_discovery.o(.data)
 <LI><a href="#[4]">JOY1_RIGHT_EXTI_Callback</a> from stm32h747i_discovery.o(i.JOY1_RIGHT_EXTI_Callback) referenced 2 times from stm32h747i_discovery.o(.data)
 <LI><a href="#[1]">JOY1_SEL_EXTI_Callback</a> from stm32h747i_discovery.o(i.JOY1_SEL_EXTI_Callback) referenced 2 times from stm32h747i_discovery.o(.data)
 <LI><a href="#[5]">JOY1_UP_EXTI_Callback</a> from stm32h747i_discovery.o(i.JOY1_UP_EXTI_Callback) referenced 2 times from stm32h747i_discovery.o(.data)
 <LI><a href="#[8b]">JPEG_IRQHandler</a> from startup_stm32h747xx_cm7.o(.text) referenced from startup_stm32h747xx_cm7.o(RESET)
 <LI><a href="#[bd]">LCD_GetXSize</a> from lcd_display.o(i.LCD_GetXSize) referenced from main.o(.constdata)
 <LI><a href="#[be]">LCD_GetYSize</a> from lcd_display.o(i.LCD_GetYSize) referenced from main.o(.constdata)
 <LI><a href="#[6f]">LPTIM1_IRQHandler</a> from startup_stm32h747xx_cm7.o(.text) referenced from startup_stm32h747xx_cm7.o(RESET)
 <LI><a href="#[9c]">LPTIM2_IRQHandler</a> from startup_stm32h747xx_cm7.o(.text) referenced from startup_stm32h747xx_cm7.o(RESET)
 <LI><a href="#[9d]">LPTIM3_IRQHandler</a> from startup_stm32h747xx_cm7.o(.text) referenced from startup_stm32h747xx_cm7.o(RESET)
 <LI><a href="#[9e]">LPTIM4_IRQHandler</a> from startup_stm32h747xx_cm7.o(.text) referenced from startup_stm32h747xx_cm7.o(RESET)
 <LI><a href="#[9f]">LPTIM5_IRQHandler</a> from startup_stm32h747xx_cm7.o(.text) referenced from startup_stm32h747xx_cm7.o(RESET)
 <LI><a href="#[a0]">LPUART1_IRQHandler</a> from startup_stm32h747xx_cm7.o(.text) referenced from startup_stm32h747xx_cm7.o(RESET)
 <LI><a href="#[6b]">LTDC_ER_IRQHandler</a> from startup_stm32h747xx_cm7.o(.text) referenced from startup_stm32h747xx_cm7.o(RESET)
 <LI><a href="#[6a]">LTDC_IRQHandler</a> from startup_stm32h747xx_cm7.o(.text) referenced from startup_stm32h747xx_cm7.o(RESET)
 <LI><a href="#[8a]">MDIOS_IRQHandler</a> from startup_stm32h747xx_cm7.o(.text) referenced from startup_stm32h747xx_cm7.o(RESET)
 <LI><a href="#[89]">MDIOS_WKUP_IRQHandler</a> from startup_stm32h747xx_cm7.o(.text) referenced from startup_stm32h747xx_cm7.o(RESET)
 <LI><a href="#[8c]">MDMA_IRQHandler</a> from startup_stm32h747xx_cm7.o(.text) referenced from startup_stm32h747xx_cm7.o(RESET)
 <LI><a href="#[f]">MemManage_Handler</a> from stm32h7xx_it.o(i.MemManage_Handler) referenced from startup_stm32h747xx_cm7.o(RESET)
 <LI><a href="#[d]">NMI_Handler</a> from stm32h7xx_it.o(i.NMI_Handler) referenced from startup_stm32h747xx_cm7.o(RESET)
 <LI><a href="#[75]">OTG_FS_EP1_IN_IRQHandler</a> from startup_stm32h747xx_cm7.o(.text) referenced from startup_stm32h747xx_cm7.o(RESET)
 <LI><a href="#[74]">OTG_FS_EP1_OUT_IRQHandler</a> from startup_stm32h747xx_cm7.o(.text) referenced from startup_stm32h747xx_cm7.o(RESET)
 <LI><a href="#[77]">OTG_FS_IRQHandler</a> from startup_stm32h747xx_cm7.o(.text) referenced from startup_stm32h747xx_cm7.o(RESET)
 <LI><a href="#[76]">OTG_FS_WKUP_IRQHandler</a> from startup_stm32h747xx_cm7.o(.text) referenced from startup_stm32h747xx_cm7.o(RESET)
 <LI><a href="#[5e]">OTG_HS_EP1_IN_IRQHandler</a> from startup_stm32h747xx_cm7.o(.text) referenced from startup_stm32h747xx_cm7.o(RESET)
 <LI><a href="#[5d]">OTG_HS_EP1_OUT_IRQHandler</a> from startup_stm32h747xx_cm7.o(.text) referenced from startup_stm32h747xx_cm7.o(RESET)
 <LI><a href="#[60]">OTG_HS_IRQHandler</a> from startup_stm32h747xx_cm7.o(.text) referenced from startup_stm32h747xx_cm7.o(RESET)
 <LI><a href="#[5f]">OTG_HS_WKUP_IRQHandler</a> from startup_stm32h747xx_cm7.o(.text) referenced from startup_stm32h747xx_cm7.o(RESET)
 <LI><a href="#[af]">OTM8009A_ReadRegWrap</a> from otm8009a.o(i.OTM8009A_ReadRegWrap) referenced from otm8009a.o(i.OTM8009A_RegisterBusIO)
 <LI><a href="#[b0]">OTM8009A_WriteRegWrap</a> from otm8009a.o(i.OTM8009A_WriteRegWrap) referenced from otm8009a.o(i.OTM8009A_RegisterBusIO)
 <LI><a href="#[17]">PVD_AVD_IRQHandler</a> from startup_stm32h747xx_cm7.o(.text) referenced from startup_stm32h747xx_cm7.o(RESET)
 <LI><a href="#[14]">PendSV_Handler</a> from stm32h7xx_it.o(i.PendSV_Handler) referenced from startup_stm32h747xx_cm7.o(RESET)
 <LI><a href="#[6e]">QUADSPI_IRQHandler</a> from startup_stm32h747xx_cm7.o(.text) referenced from startup_stm32h747xx_cm7.o(RESET)
 <LI><a href="#[1b]">RCC_IRQHandler</a> from startup_stm32h747xx_cm7.o(.text) referenced from startup_stm32h747xx_cm7.o(RESET)
 <LI><a href="#[62]">RNG_IRQHandler</a> from startup_stm32h747xx_cm7.o(.text) referenced from startup_stm32h747xx_cm7.o(RESET)
 <LI><a href="#[3f]">RTC_Alarm_IRQHandler</a> from startup_stm32h747xx_cm7.o(.text) referenced from startup_stm32h747xx_cm7.o(RESET)
 <LI><a href="#[19]">RTC_WKUP_IRQHandler</a> from startup_stm32h747xx_cm7.o(.text) referenced from startup_stm32h747xx_cm7.o(RESET)
 <LI><a href="#[c]">Reset_Handler</a> from startup_stm32h747xx_cm7.o(.text) referenced from startup_stm32h747xx_cm7.o(RESET)
 <LI><a href="#[69]">SAI1_IRQHandler</a> from startup_stm32h747xx_cm7.o(.text) referenced from startup_stm32h747xx_cm7.o(RESET)
 <LI><a href="#[6d]">SAI2_IRQHandler</a> from startup_stm32h747xx_cm7.o(.text) referenced from startup_stm32h747xx_cm7.o(RESET)
 <LI><a href="#[84]">SAI3_IRQHandler</a> from startup_stm32h747xx_cm7.o(.text) referenced from startup_stm32h747xx_cm7.o(RESET)
 <LI><a href="#[a4]">SAI4_IRQHandler</a> from startup_stm32h747xx_cm7.o(.text) referenced from startup_stm32h747xx_cm7.o(RESET)
 <LI><a href="#[46]">SDMMC1_IRQHandler</a> from startup_stm32h747xx_cm7.o(.text) referenced from startup_stm32h747xx_cm7.o(RESET)
 <LI><a href="#[8e]">SDMMC2_IRQHandler</a> from startup_stm32h747xx_cm7.o(.text) referenced from startup_stm32h747xx_cm7.o(RESET)
 <LI><a href="#[73]">SPDIF_RX_IRQHandler</a> from startup_stm32h747xx_cm7.o(.text) referenced from startup_stm32h747xx_cm7.o(RESET)
 <LI><a href="#[39]">SPI1_IRQHandler</a> from startup_stm32h747xx_cm7.o(.text) referenced from startup_stm32h747xx_cm7.o(RESET)
 <LI><a href="#[3a]">SPI2_IRQHandler</a> from startup_stm32h747xx_cm7.o(.text) referenced from startup_stm32h747xx_cm7.o(RESET)
 <LI><a href="#[48]">SPI3_IRQHandler</a> from startup_stm32h747xx_cm7.o(.text) referenced from startup_stm32h747xx_cm7.o(RESET)
 <LI><a href="#[66]">SPI4_IRQHandler</a> from startup_stm32h747xx_cm7.o(.text) referenced from startup_stm32h747xx_cm7.o(RESET)
 <LI><a href="#[67]">SPI5_IRQHandler</a> from startup_stm32h747xx_cm7.o(.text) referenced from startup_stm32h747xx_cm7.o(RESET)
 <LI><a href="#[68]">SPI6_IRQHandler</a> from startup_stm32h747xx_cm7.o(.text) referenced from startup_stm32h747xx_cm7.o(RESET)
 <LI><a href="#[12]">SVC_Handler</a> from stm32h7xx_it.o(i.SVC_Handler) referenced from startup_stm32h747xx_cm7.o(RESET)
 <LI><a href="#[85]">SWPMI1_IRQHandler</a> from startup_stm32h747xx_cm7.o(.text) referenced from startup_stm32h747xx_cm7.o(RESET)
 <LI><a href="#[15]">SysTick_Handler</a> from stm32h7xx_it.o(i.SysTick_Handler) referenced from startup_stm32h747xx_cm7.o(RESET)
 <LI><a href="#[a9]">SystemInit</a> from system_stm32h7xx_dualcore_boot_cm4_cm7.o(i.SystemInit) referenced from startup_stm32h747xx_cm7.o(.text)
 <LI><a href="#[18]">TAMP_STAMP_IRQHandler</a> from startup_stm32h747xx_cm7.o(.text) referenced from startup_stm32h747xx_cm7.o(RESET)
 <LI><a href="#[86]">TIM15_IRQHandler</a> from startup_stm32h747xx_cm7.o(.text) referenced from startup_stm32h747xx_cm7.o(RESET)
 <LI><a href="#[87]">TIM16_IRQHandler</a> from startup_stm32h747xx_cm7.o(.text) referenced from startup_stm32h747xx_cm7.o(RESET)
 <LI><a href="#[88]">TIM17_IRQHandler</a> from startup_stm32h747xx_cm7.o(.text) referenced from startup_stm32h747xx_cm7.o(RESET)
 <LI><a href="#[2e]">TIM1_BRK_IRQHandler</a> from startup_stm32h747xx_cm7.o(.text) referenced from startup_stm32h747xx_cm7.o(RESET)
 <LI><a href="#[31]">TIM1_CC_IRQHandler</a> from startup_stm32h747xx_cm7.o(.text) referenced from startup_stm32h747xx_cm7.o(RESET)
 <LI><a href="#[30]">TIM1_TRG_COM_IRQHandler</a> from startup_stm32h747xx_cm7.o(.text) referenced from startup_stm32h747xx_cm7.o(RESET)
 <LI><a href="#[2f]">TIM1_UP_IRQHandler</a> from startup_stm32h747xx_cm7.o(.text) referenced from startup_stm32h747xx_cm7.o(RESET)
 <LI><a href="#[32]">TIM2_IRQHandler</a> from startup_stm32h747xx_cm7.o(.text) referenced from startup_stm32h747xx_cm7.o(RESET)
 <LI><a href="#[33]">TIM3_IRQHandler</a> from startup_stm32h747xx_cm7.o(.text) referenced from startup_stm32h747xx_cm7.o(RESET)
 <LI><a href="#[34]">TIM4_IRQHandler</a> from startup_stm32h747xx_cm7.o(.text) referenced from startup_stm32h747xx_cm7.o(RESET)
 <LI><a href="#[47]">TIM5_IRQHandler</a> from startup_stm32h747xx_cm7.o(.text) referenced from startup_stm32h747xx_cm7.o(RESET)
 <LI><a href="#[4b]">TIM6_DAC_IRQHandler</a> from startup_stm32h747xx_cm7.o(.text) referenced from startup_stm32h747xx_cm7.o(RESET)
 <LI><a href="#[4c]">TIM7_IRQHandler</a> from startup_stm32h747xx_cm7.o(.text) referenced from startup_stm32h747xx_cm7.o(RESET)
 <LI><a href="#[40]">TIM8_BRK_TIM12_IRQHandler</a> from startup_stm32h747xx_cm7.o(.text) referenced from startup_stm32h747xx_cm7.o(RESET)
 <LI><a href="#[43]">TIM8_CC_IRQHandler</a> from startup_stm32h747xx_cm7.o(.text) referenced from startup_stm32h747xx_cm7.o(RESET)
 <LI><a href="#[42]">TIM8_TRG_COM_TIM14_IRQHandler</a> from startup_stm32h747xx_cm7.o(.text) referenced from startup_stm32h747xx_cm7.o(RESET)
 <LI><a href="#[41]">TIM8_UP_TIM13_IRQHandler</a> from startup_stm32h747xx_cm7.o(.text) referenced from startup_stm32h747xx_cm7.o(RESET)
 <LI><a href="#[49]">UART4_IRQHandler</a> from startup_stm32h747xx_cm7.o(.text) referenced from startup_stm32h747xx_cm7.o(RESET)
 <LI><a href="#[4a]">UART5_IRQHandler</a> from startup_stm32h747xx_cm7.o(.text) referenced from startup_stm32h747xx_cm7.o(RESET)
 <LI><a href="#[64]">UART7_IRQHandler</a> from startup_stm32h747xx_cm7.o(.text) referenced from startup_stm32h747xx_cm7.o(RESET)
 <LI><a href="#[65]">UART8_IRQHandler</a> from startup_stm32h747xx_cm7.o(.text) referenced from startup_stm32h747xx_cm7.o(RESET)
 <LI><a href="#[ab]">UART_DMAAbortOnError</a> from stm32h7xx_hal_uart.o(i.UART_DMAAbortOnError) referenced from stm32h7xx_hal_uart.o(i.HAL_UART_IRQHandler)
 <LI><a href="#[b1]">UART_RxISR_16BIT</a> from stm32h7xx_hal_uart.o(i.UART_RxISR_16BIT) referenced from stm32h7xx_hal_uart.o(i.UART_RxISR_16BIT_FIFOEN)
 <LI><a href="#[b1]">UART_RxISR_16BIT</a> from stm32h7xx_hal_uart.o(i.UART_RxISR_16BIT) referenced from stm32h7xx_hal_uart.o(i.UART_Start_Receive_IT)
 <LI><a href="#[b4]">UART_RxISR_16BIT_FIFOEN</a> from stm32h7xx_hal_uart.o(i.UART_RxISR_16BIT_FIFOEN) referenced from stm32h7xx_hal_uart.o(i.UART_Start_Receive_IT)
 <LI><a href="#[b2]">UART_RxISR_8BIT</a> from stm32h7xx_hal_uart.o(i.UART_RxISR_8BIT) referenced from stm32h7xx_hal_uart.o(i.UART_RxISR_8BIT_FIFOEN)
 <LI><a href="#[b2]">UART_RxISR_8BIT</a> from stm32h7xx_hal_uart.o(i.UART_RxISR_8BIT) referenced from stm32h7xx_hal_uart.o(i.UART_Start_Receive_IT)
 <LI><a href="#[b3]">UART_RxISR_8BIT_FIFOEN</a> from stm32h7xx_hal_uart.o(i.UART_RxISR_8BIT_FIFOEN) referenced from stm32h7xx_hal_uart.o(i.UART_Start_Receive_IT)
 <LI><a href="#[3b]">USART1_IRQHandler</a> from stm32h7xx_it.o(i.USART1_IRQHandler) referenced from startup_stm32h747xx_cm7.o(RESET)
 <LI><a href="#[3c]">USART2_IRQHandler</a> from startup_stm32h747xx_cm7.o(.text) referenced from startup_stm32h747xx_cm7.o(RESET)
 <LI><a href="#[3d]">USART3_IRQHandler</a> from startup_stm32h747xx_cm7.o(.text) referenced from startup_stm32h747xx_cm7.o(RESET)
 <LI><a href="#[5a]">USART6_IRQHandler</a> from startup_stm32h747xx_cm7.o(.text) referenced from startup_stm32h747xx_cm7.o(RESET)
 <LI><a href="#[11]">UsageFault_Handler</a> from stm32h7xx_it.o(i.UsageFault_Handler) referenced from startup_stm32h747xx_cm7.o(RESET)
 <LI><a href="#[a6]">WAKEUP_PIN_IRQHandler</a> from startup_stm32h747xx_cm7.o(.text) referenced from startup_stm32h747xx_cm7.o(RESET)
 <LI><a href="#[16]">WWDG_IRQHandler</a> from startup_stm32h747xx_cm7.o(.text) referenced from startup_stm32h747xx_cm7.o(RESET)
 <LI><a href="#[a1]">WWDG_RST_IRQHandler</a> from startup_stm32h747xx_cm7.o(.text) referenced from startup_stm32h747xx_cm7.o(RESET)
 <LI><a href="#[aa]">__main</a> from entry.o(.ARM.Collect$$$$00000000) referenced from startup_stm32h747xx_cm7.o(.text)
 <LI><a href="#[b5]">_sputc</a> from printf6.o(i._sputc) referenced from printf6.o(i.__0sprintf$6)
 <LI><a href="#[b]">ai_sum_buffer_f32</a> from ai_math_helpers.o(i.ai_sum_buffer_f32) referenced 4 times from network.o(.data)
 <LI><a href="#[a]">ai_sum_f32</a> from ai_math_helpers.o(i.ai_sum_f32) referenced 4 times from network.o(.data)
 <LI><a href="#[9]">forward_eltwise</a> from layers_generic_float.o(i.forward_eltwise) referenced 4 times from network.o(.data)
 <LI><a href="#[7]">forward_mp</a> from layers_pool_generic_float.o(i.forward_mp) referenced 8 times from network.o(.data)
 <LI><a href="#[6]">forward_transpose</a> from layers_generic_float.o(i.forward_transpose) referenced 2 times from network.o(.data)
 <LI><a href="#[8]">forward_upsample_nearest</a> from layers_upsample_generic.o(i.forward_upsample_nearest) referenced 4 times from network.o(.data)
 <LI><a href="#[a7]">main</a> from main.o(i.main) referenced from entry9a.o(.ARM.Collect$$$$0000000B)
</UL>
<P>
<H3>
Global Symbols
</H3>
<P><STRONG><a name="[aa]"></a>__main</STRONG> (Thumb, 0 bytes, Stack size unknown bytes, entry.o(.ARM.Collect$$$$00000000))
<BR>[Address Reference Count : 1]<UL><LI> startup_stm32h747xx_cm7.o(.text)
</UL>
<P><STRONG><a name="[18c]"></a>_main_stk</STRONG> (Thumb, 0 bytes, Stack size unknown bytes, entry2.o(.ARM.Collect$$$$00000001))

<P><STRONG><a name="[c1]"></a>_main_scatterload</STRONG> (Thumb, 0 bytes, Stack size unknown bytes, entry5.o(.ARM.Collect$$$$00000004))
<BR><BR>[Calls]<UL><LI><a href="#[c2]">&gt;&gt;</a>&nbsp;&nbsp;&nbsp;__scatterload
</UL>

<P><STRONG><a name="[cb]"></a>__main_after_scatterload</STRONG> (Thumb, 0 bytes, Stack size unknown bytes, entry5.o(.ARM.Collect$$$$00000004))
<BR><BR>[Called By]<UL><LI><a href="#[c2]">&gt;&gt;</a>&nbsp;&nbsp;&nbsp;__scatterload
</UL>

<P><STRONG><a name="[18d]"></a>_main_clock</STRONG> (Thumb, 0 bytes, Stack size unknown bytes, entry7b.o(.ARM.Collect$$$$00000008))

<P><STRONG><a name="[18e]"></a>_main_cpp_init</STRONG> (Thumb, 0 bytes, Stack size unknown bytes, entry8b.o(.ARM.Collect$$$$0000000A))

<P><STRONG><a name="[18f]"></a>_main_init</STRONG> (Thumb, 0 bytes, Stack size unknown bytes, entry9a.o(.ARM.Collect$$$$0000000B))

<P><STRONG><a name="[190]"></a>__rt_final_cpp</STRONG> (Thumb, 0 bytes, Stack size unknown bytes, entry10a.o(.ARM.Collect$$$$0000000D))

<P><STRONG><a name="[191]"></a>__rt_final_exit</STRONG> (Thumb, 0 bytes, Stack size unknown bytes, entry11a.o(.ARM.Collect$$$$0000000F))

<P><STRONG><a name="[c]"></a>Reset_Handler</STRONG> (Thumb, 12 bytes, Stack size 0 bytes, startup_stm32h747xx_cm7.o(.text))
<BR>[Address Reference Count : 1]<UL><LI> startup_stm32h747xx_cm7.o(RESET)
</UL>
<P><STRONG><a name="[91]"></a>ADC3_IRQHandler</STRONG> (Thumb, 0 bytes, Stack size 0 bytes, startup_stm32h747xx_cm7.o(.text))
<BR><BR>[Calls]<UL><LI><a href="#[91]">&gt;&gt;</a>&nbsp;&nbsp;&nbsp;ADC3_IRQHandler
</UL>
<BR>[Called By]<UL><LI><a href="#[91]">&gt;&gt;</a>&nbsp;&nbsp;&nbsp;ADC3_IRQHandler
</UL>
<BR>[Address Reference Count : 1]<UL><LI> startup_stm32h747xx_cm7.o(RESET)
</UL>
<P><STRONG><a name="[28]"></a>ADC_IRQHandler</STRONG> (Thumb, 0 bytes, Stack size 0 bytes, startup_stm32h747xx_cm7.o(.text))
<BR>[Address Reference Count : 1]<UL><LI> startup_stm32h747xx_cm7.o(RESET)
</UL>
<P><STRONG><a name="[93]"></a>BDMA_Channel0_IRQHandler</STRONG> (Thumb, 0 bytes, Stack size 0 bytes, startup_stm32h747xx_cm7.o(.text))
<BR>[Address Reference Count : 1]<UL><LI> startup_stm32h747xx_cm7.o(RESET)
</UL>
<P><STRONG><a name="[94]"></a>BDMA_Channel1_IRQHandler</STRONG> (Thumb, 0 bytes, Stack size 0 bytes, startup_stm32h747xx_cm7.o(.text))
<BR>[Address Reference Count : 1]<UL><LI> startup_stm32h747xx_cm7.o(RESET)
</UL>
<P><STRONG><a name="[95]"></a>BDMA_Channel2_IRQHandler</STRONG> (Thumb, 0 bytes, Stack size 0 bytes, startup_stm32h747xx_cm7.o(.text))
<BR>[Address Reference Count : 1]<UL><LI> startup_stm32h747xx_cm7.o(RESET)
</UL>
<P><STRONG><a name="[96]"></a>BDMA_Channel3_IRQHandler</STRONG> (Thumb, 0 bytes, Stack size 0 bytes, startup_stm32h747xx_cm7.o(.text))
<BR>[Address Reference Count : 1]<UL><LI> startup_stm32h747xx_cm7.o(RESET)
</UL>
<P><STRONG><a name="[97]"></a>BDMA_Channel4_IRQHandler</STRONG> (Thumb, 0 bytes, Stack size 0 bytes, startup_stm32h747xx_cm7.o(.text))
<BR>[Address Reference Count : 1]<UL><LI> startup_stm32h747xx_cm7.o(RESET)
</UL>
<P><STRONG><a name="[98]"></a>BDMA_Channel5_IRQHandler</STRONG> (Thumb, 0 bytes, Stack size 0 bytes, startup_stm32h747xx_cm7.o(.text))
<BR>[Address Reference Count : 1]<UL><LI> startup_stm32h747xx_cm7.o(RESET)
</UL>
<P><STRONG><a name="[99]"></a>BDMA_Channel6_IRQHandler</STRONG> (Thumb, 0 bytes, Stack size 0 bytes, startup_stm32h747xx_cm7.o(.text))
<BR>[Address Reference Count : 1]<UL><LI> startup_stm32h747xx_cm7.o(RESET)
</UL>
<P><STRONG><a name="[9a]"></a>BDMA_Channel7_IRQHandler</STRONG> (Thumb, 0 bytes, Stack size 0 bytes, startup_stm32h747xx_cm7.o(.text))
<BR>[Address Reference Count : 1]<UL><LI> startup_stm32h747xx_cm7.o(RESET)
</UL>
<P><STRONG><a name="[70]"></a>CEC_IRQHandler</STRONG> (Thumb, 0 bytes, Stack size 0 bytes, startup_stm32h747xx_cm7.o(.text))
<BR>[Address Reference Count : 1]<UL><LI> startup_stm32h747xx_cm7.o(RESET)
</UL>
<P><STRONG><a name="[56]"></a>CM4_SEV_IRQHandler</STRONG> (Thumb, 0 bytes, Stack size 0 bytes, startup_stm32h747xx_cm7.o(.text))
<BR>[Address Reference Count : 1]<UL><LI> startup_stm32h747xx_cm7.o(RESET)
</UL>
<P><STRONG><a name="[55]"></a>CM7_SEV_IRQHandler</STRONG> (Thumb, 0 bytes, Stack size 0 bytes, startup_stm32h747xx_cm7.o(.text))
<BR>[Address Reference Count : 1]<UL><LI> startup_stm32h747xx_cm7.o(RESET)
</UL>
<P><STRONG><a name="[9b]"></a>COMP1_IRQHandler</STRONG> (Thumb, 0 bytes, Stack size 0 bytes, startup_stm32h747xx_cm7.o(.text))
<BR>[Address Reference Count : 1]<UL><LI> startup_stm32h747xx_cm7.o(RESET)
</UL>
<P><STRONG><a name="[a2]"></a>CRS_IRQHandler</STRONG> (Thumb, 0 bytes, Stack size 0 bytes, startup_stm32h747xx_cm7.o(.text))
<BR>[Address Reference Count : 1]<UL><LI> startup_stm32h747xx_cm7.o(RESET)
</UL>
<P><STRONG><a name="[61]"></a>DCMI_IRQHandler</STRONG> (Thumb, 0 bytes, Stack size 0 bytes, startup_stm32h747xx_cm7.o(.text))
<BR>[Address Reference Count : 1]<UL><LI> startup_stm32h747xx_cm7.o(RESET)
</UL>
<P><STRONG><a name="[80]"></a>DFSDM1_FLT0_IRQHandler</STRONG> (Thumb, 0 bytes, Stack size 0 bytes, startup_stm32h747xx_cm7.o(.text))
<BR>[Address Reference Count : 1]<UL><LI> startup_stm32h747xx_cm7.o(RESET)
</UL>
<P><STRONG><a name="[81]"></a>DFSDM1_FLT1_IRQHandler</STRONG> (Thumb, 0 bytes, Stack size 0 bytes, startup_stm32h747xx_cm7.o(.text))
<BR>[Address Reference Count : 1]<UL><LI> startup_stm32h747xx_cm7.o(RESET)
</UL>
<P><STRONG><a name="[82]"></a>DFSDM1_FLT2_IRQHandler</STRONG> (Thumb, 0 bytes, Stack size 0 bytes, startup_stm32h747xx_cm7.o(.text))
<BR>[Address Reference Count : 1]<UL><LI> startup_stm32h747xx_cm7.o(RESET)
</UL>
<P><STRONG><a name="[83]"></a>DFSDM1_FLT3_IRQHandler</STRONG> (Thumb, 0 bytes, Stack size 0 bytes, startup_stm32h747xx_cm7.o(.text))
<BR>[Address Reference Count : 1]<UL><LI> startup_stm32h747xx_cm7.o(RESET)
</UL>
<P><STRONG><a name="[21]"></a>DMA1_Stream0_IRQHandler</STRONG> (Thumb, 0 bytes, Stack size 0 bytes, startup_stm32h747xx_cm7.o(.text))
<BR>[Address Reference Count : 1]<UL><LI> startup_stm32h747xx_cm7.o(RESET)
</UL>
<P><STRONG><a name="[22]"></a>DMA1_Stream1_IRQHandler</STRONG> (Thumb, 0 bytes, Stack size 0 bytes, startup_stm32h747xx_cm7.o(.text))
<BR>[Address Reference Count : 1]<UL><LI> startup_stm32h747xx_cm7.o(RESET)
</UL>
<P><STRONG><a name="[23]"></a>DMA1_Stream2_IRQHandler</STRONG> (Thumb, 0 bytes, Stack size 0 bytes, startup_stm32h747xx_cm7.o(.text))
<BR>[Address Reference Count : 1]<UL><LI> startup_stm32h747xx_cm7.o(RESET)
</UL>
<P><STRONG><a name="[24]"></a>DMA1_Stream3_IRQHandler</STRONG> (Thumb, 0 bytes, Stack size 0 bytes, startup_stm32h747xx_cm7.o(.text))
<BR>[Address Reference Count : 1]<UL><LI> startup_stm32h747xx_cm7.o(RESET)
</UL>
<P><STRONG><a name="[25]"></a>DMA1_Stream4_IRQHandler</STRONG> (Thumb, 0 bytes, Stack size 0 bytes, startup_stm32h747xx_cm7.o(.text))
<BR>[Address Reference Count : 1]<UL><LI> startup_stm32h747xx_cm7.o(RESET)
</UL>
<P><STRONG><a name="[26]"></a>DMA1_Stream5_IRQHandler</STRONG> (Thumb, 0 bytes, Stack size 0 bytes, startup_stm32h747xx_cm7.o(.text))
<BR>[Address Reference Count : 1]<UL><LI> startup_stm32h747xx_cm7.o(RESET)
</UL>
<P><STRONG><a name="[27]"></a>DMA1_Stream6_IRQHandler</STRONG> (Thumb, 0 bytes, Stack size 0 bytes, startup_stm32h747xx_cm7.o(.text))
<BR>[Address Reference Count : 1]<UL><LI> startup_stm32h747xx_cm7.o(RESET)
</UL>
<P><STRONG><a name="[44]"></a>DMA1_Stream7_IRQHandler</STRONG> (Thumb, 0 bytes, Stack size 0 bytes, startup_stm32h747xx_cm7.o(.text))
<BR>[Address Reference Count : 1]<UL><LI> startup_stm32h747xx_cm7.o(RESET)
</UL>
<P><STRONG><a name="[6c]"></a>DMA2D_IRQHandler</STRONG> (Thumb, 0 bytes, Stack size 0 bytes, startup_stm32h747xx_cm7.o(.text))
<BR>[Address Reference Count : 1]<UL><LI> startup_stm32h747xx_cm7.o(RESET)
</UL>
<P><STRONG><a name="[4d]"></a>DMA2_Stream0_IRQHandler</STRONG> (Thumb, 0 bytes, Stack size 0 bytes, startup_stm32h747xx_cm7.o(.text))
<BR>[Address Reference Count : 1]<UL><LI> startup_stm32h747xx_cm7.o(RESET)
</UL>
<P><STRONG><a name="[4e]"></a>DMA2_Stream1_IRQHandler</STRONG> (Thumb, 0 bytes, Stack size 0 bytes, startup_stm32h747xx_cm7.o(.text))
<BR>[Address Reference Count : 1]<UL><LI> startup_stm32h747xx_cm7.o(RESET)
</UL>
<P><STRONG><a name="[4f]"></a>DMA2_Stream2_IRQHandler</STRONG> (Thumb, 0 bytes, Stack size 0 bytes, startup_stm32h747xx_cm7.o(.text))
<BR>[Address Reference Count : 1]<UL><LI> startup_stm32h747xx_cm7.o(RESET)
</UL>
<P><STRONG><a name="[50]"></a>DMA2_Stream3_IRQHandler</STRONG> (Thumb, 0 bytes, Stack size 0 bytes, startup_stm32h747xx_cm7.o(.text))
<BR>[Address Reference Count : 1]<UL><LI> startup_stm32h747xx_cm7.o(RESET)
</UL>
<P><STRONG><a name="[51]"></a>DMA2_Stream4_IRQHandler</STRONG> (Thumb, 0 bytes, Stack size 0 bytes, startup_stm32h747xx_cm7.o(.text))
<BR>[Address Reference Count : 1]<UL><LI> startup_stm32h747xx_cm7.o(RESET)
</UL>
<P><STRONG><a name="[57]"></a>DMA2_Stream5_IRQHandler</STRONG> (Thumb, 0 bytes, Stack size 0 bytes, startup_stm32h747xx_cm7.o(.text))
<BR>[Address Reference Count : 1]<UL><LI> startup_stm32h747xx_cm7.o(RESET)
</UL>
<P><STRONG><a name="[58]"></a>DMA2_Stream6_IRQHandler</STRONG> (Thumb, 0 bytes, Stack size 0 bytes, startup_stm32h747xx_cm7.o(.text))
<BR>[Address Reference Count : 1]<UL><LI> startup_stm32h747xx_cm7.o(RESET)
</UL>
<P><STRONG><a name="[59]"></a>DMA2_Stream7_IRQHandler</STRONG> (Thumb, 0 bytes, Stack size 0 bytes, startup_stm32h747xx_cm7.o(.text))
<BR>[Address Reference Count : 1]<UL><LI> startup_stm32h747xx_cm7.o(RESET)
</UL>
<P><STRONG><a name="[78]"></a>DMAMUX1_OVR_IRQHandler</STRONG> (Thumb, 0 bytes, Stack size 0 bytes, startup_stm32h747xx_cm7.o(.text))
<BR>[Address Reference Count : 1]<UL><LI> startup_stm32h747xx_cm7.o(RESET)
</UL>
<P><STRONG><a name="[92]"></a>DMAMUX2_OVR_IRQHandler</STRONG> (Thumb, 0 bytes, Stack size 0 bytes, startup_stm32h747xx_cm7.o(.text))
<BR>[Address Reference Count : 1]<UL><LI> startup_stm32h747xx_cm7.o(RESET)
</UL>
<P><STRONG><a name="[a3]"></a>ECC_IRQHandler</STRONG> (Thumb, 0 bytes, Stack size 0 bytes, startup_stm32h747xx_cm7.o(.text))
<BR>[Address Reference Count : 1]<UL><LI> startup_stm32h747xx_cm7.o(RESET)
</UL>
<P><STRONG><a name="[52]"></a>ETH_IRQHandler</STRONG> (Thumb, 0 bytes, Stack size 0 bytes, startup_stm32h747xx_cm7.o(.text))
<BR>[Address Reference Count : 1]<UL><LI> startup_stm32h747xx_cm7.o(RESET)
</UL>
<P><STRONG><a name="[53]"></a>ETH_WKUP_IRQHandler</STRONG> (Thumb, 0 bytes, Stack size 0 bytes, startup_stm32h747xx_cm7.o(.text))
<BR>[Address Reference Count : 1]<UL><LI> startup_stm32h747xx_cm7.o(RESET)
</UL>
<P><STRONG><a name="[1c]"></a>EXTI0_IRQHandler</STRONG> (Thumb, 0 bytes, Stack size 0 bytes, startup_stm32h747xx_cm7.o(.text))
<BR>[Address Reference Count : 1]<UL><LI> startup_stm32h747xx_cm7.o(RESET)
</UL>
<P><STRONG><a name="[3e]"></a>EXTI15_10_IRQHandler</STRONG> (Thumb, 0 bytes, Stack size 0 bytes, startup_stm32h747xx_cm7.o(.text))
<BR>[Address Reference Count : 1]<UL><LI> startup_stm32h747xx_cm7.o(RESET)
</UL>
<P><STRONG><a name="[1d]"></a>EXTI1_IRQHandler</STRONG> (Thumb, 0 bytes, Stack size 0 bytes, startup_stm32h747xx_cm7.o(.text))
<BR>[Address Reference Count : 1]<UL><LI> startup_stm32h747xx_cm7.o(RESET)
</UL>
<P><STRONG><a name="[1e]"></a>EXTI2_IRQHandler</STRONG> (Thumb, 0 bytes, Stack size 0 bytes, startup_stm32h747xx_cm7.o(.text))
<BR>[Address Reference Count : 1]<UL><LI> startup_stm32h747xx_cm7.o(RESET)
</UL>
<P><STRONG><a name="[1f]"></a>EXTI3_IRQHandler</STRONG> (Thumb, 0 bytes, Stack size 0 bytes, startup_stm32h747xx_cm7.o(.text))
<BR>[Address Reference Count : 1]<UL><LI> startup_stm32h747xx_cm7.o(RESET)
</UL>
<P><STRONG><a name="[20]"></a>EXTI4_IRQHandler</STRONG> (Thumb, 0 bytes, Stack size 0 bytes, startup_stm32h747xx_cm7.o(.text))
<BR>[Address Reference Count : 1]<UL><LI> startup_stm32h747xx_cm7.o(RESET)
</UL>
<P><STRONG><a name="[2d]"></a>EXTI9_5_IRQHandler</STRONG> (Thumb, 0 bytes, Stack size 0 bytes, startup_stm32h747xx_cm7.o(.text))
<BR>[Address Reference Count : 1]<UL><LI> startup_stm32h747xx_cm7.o(RESET)
</UL>
<P><STRONG><a name="[29]"></a>FDCAN1_IT0_IRQHandler</STRONG> (Thumb, 0 bytes, Stack size 0 bytes, startup_stm32h747xx_cm7.o(.text))
<BR>[Address Reference Count : 1]<UL><LI> startup_stm32h747xx_cm7.o(RESET)
</UL>
<P><STRONG><a name="[2b]"></a>FDCAN1_IT1_IRQHandler</STRONG> (Thumb, 0 bytes, Stack size 0 bytes, startup_stm32h747xx_cm7.o(.text))
<BR>[Address Reference Count : 1]<UL><LI> startup_stm32h747xx_cm7.o(RESET)
</UL>
<P><STRONG><a name="[2a]"></a>FDCAN2_IT0_IRQHandler</STRONG> (Thumb, 0 bytes, Stack size 0 bytes, startup_stm32h747xx_cm7.o(.text))
<BR>[Address Reference Count : 1]<UL><LI> startup_stm32h747xx_cm7.o(RESET)
</UL>
<P><STRONG><a name="[2c]"></a>FDCAN2_IT1_IRQHandler</STRONG> (Thumb, 0 bytes, Stack size 0 bytes, startup_stm32h747xx_cm7.o(.text))
<BR>[Address Reference Count : 1]<UL><LI> startup_stm32h747xx_cm7.o(RESET)
</UL>
<P><STRONG><a name="[54]"></a>FDCAN_CAL_IRQHandler</STRONG> (Thumb, 0 bytes, Stack size 0 bytes, startup_stm32h747xx_cm7.o(.text))
<BR>[Address Reference Count : 1]<UL><LI> startup_stm32h747xx_cm7.o(RESET)
</UL>
<P><STRONG><a name="[1a]"></a>FLASH_IRQHandler</STRONG> (Thumb, 0 bytes, Stack size 0 bytes, startup_stm32h747xx_cm7.o(.text))
<BR>[Address Reference Count : 1]<UL><LI> startup_stm32h747xx_cm7.o(RESET)
</UL>
<P><STRONG><a name="[45]"></a>FMC_IRQHandler</STRONG> (Thumb, 0 bytes, Stack size 0 bytes, startup_stm32h747xx_cm7.o(.text))
<BR>[Address Reference Count : 1]<UL><LI> startup_stm32h747xx_cm7.o(RESET)
</UL>
<P><STRONG><a name="[63]"></a>FPU_IRQHandler</STRONG> (Thumb, 0 bytes, Stack size 0 bytes, startup_stm32h747xx_cm7.o(.text))
<BR>[Address Reference Count : 1]<UL><LI> startup_stm32h747xx_cm7.o(RESET)
</UL>
<P><STRONG><a name="[a5]"></a>HOLD_CORE_IRQHandler</STRONG> (Thumb, 0 bytes, Stack size 0 bytes, startup_stm32h747xx_cm7.o(.text))
<BR>[Address Reference Count : 1]<UL><LI> startup_stm32h747xx_cm7.o(RESET)
</UL>
<P><STRONG><a name="[7f]"></a>HRTIM1_FLT_IRQHandler</STRONG> (Thumb, 0 bytes, Stack size 0 bytes, startup_stm32h747xx_cm7.o(.text))
<BR>[Address Reference Count : 1]<UL><LI> startup_stm32h747xx_cm7.o(RESET)
</UL>
<P><STRONG><a name="[79]"></a>HRTIM1_Master_IRQHandler</STRONG> (Thumb, 0 bytes, Stack size 0 bytes, startup_stm32h747xx_cm7.o(.text))
<BR>[Address Reference Count : 1]<UL><LI> startup_stm32h747xx_cm7.o(RESET)
</UL>
<P><STRONG><a name="[7a]"></a>HRTIM1_TIMA_IRQHandler</STRONG> (Thumb, 0 bytes, Stack size 0 bytes, startup_stm32h747xx_cm7.o(.text))
<BR>[Address Reference Count : 1]<UL><LI> startup_stm32h747xx_cm7.o(RESET)
</UL>
<P><STRONG><a name="[7b]"></a>HRTIM1_TIMB_IRQHandler</STRONG> (Thumb, 0 bytes, Stack size 0 bytes, startup_stm32h747xx_cm7.o(.text))
<BR>[Address Reference Count : 1]<UL><LI> startup_stm32h747xx_cm7.o(RESET)
</UL>
<P><STRONG><a name="[7c]"></a>HRTIM1_TIMC_IRQHandler</STRONG> (Thumb, 0 bytes, Stack size 0 bytes, startup_stm32h747xx_cm7.o(.text))
<BR>[Address Reference Count : 1]<UL><LI> startup_stm32h747xx_cm7.o(RESET)
</UL>
<P><STRONG><a name="[7d]"></a>HRTIM1_TIMD_IRQHandler</STRONG> (Thumb, 0 bytes, Stack size 0 bytes, startup_stm32h747xx_cm7.o(.text))
<BR>[Address Reference Count : 1]<UL><LI> startup_stm32h747xx_cm7.o(RESET)
</UL>
<P><STRONG><a name="[7e]"></a>HRTIM1_TIME_IRQHandler</STRONG> (Thumb, 0 bytes, Stack size 0 bytes, startup_stm32h747xx_cm7.o(.text))
<BR>[Address Reference Count : 1]<UL><LI> startup_stm32h747xx_cm7.o(RESET)
</UL>
<P><STRONG><a name="[8f]"></a>HSEM1_IRQHandler</STRONG> (Thumb, 0 bytes, Stack size 0 bytes, startup_stm32h747xx_cm7.o(.text))
<BR>[Address Reference Count : 1]<UL><LI> startup_stm32h747xx_cm7.o(RESET)
</UL>
<P><STRONG><a name="[90]"></a>HSEM2_IRQHandler</STRONG> (Thumb, 0 bytes, Stack size 0 bytes, startup_stm32h747xx_cm7.o(.text))
<BR>[Address Reference Count : 1]<UL><LI> startup_stm32h747xx_cm7.o(RESET)
</UL>
<P><STRONG><a name="[36]"></a>I2C1_ER_IRQHandler</STRONG> (Thumb, 0 bytes, Stack size 0 bytes, startup_stm32h747xx_cm7.o(.text))
<BR>[Address Reference Count : 1]<UL><LI> startup_stm32h747xx_cm7.o(RESET)
</UL>
<P><STRONG><a name="[35]"></a>I2C1_EV_IRQHandler</STRONG> (Thumb, 0 bytes, Stack size 0 bytes, startup_stm32h747xx_cm7.o(.text))
<BR>[Address Reference Count : 1]<UL><LI> startup_stm32h747xx_cm7.o(RESET)
</UL>
<P><STRONG><a name="[38]"></a>I2C2_ER_IRQHandler</STRONG> (Thumb, 0 bytes, Stack size 0 bytes, startup_stm32h747xx_cm7.o(.text))
<BR>[Address Reference Count : 1]<UL><LI> startup_stm32h747xx_cm7.o(RESET)
</UL>
<P><STRONG><a name="[37]"></a>I2C2_EV_IRQHandler</STRONG> (Thumb, 0 bytes, Stack size 0 bytes, startup_stm32h747xx_cm7.o(.text))
<BR>[Address Reference Count : 1]<UL><LI> startup_stm32h747xx_cm7.o(RESET)
</UL>
<P><STRONG><a name="[5c]"></a>I2C3_ER_IRQHandler</STRONG> (Thumb, 0 bytes, Stack size 0 bytes, startup_stm32h747xx_cm7.o(.text))
<BR>[Address Reference Count : 1]<UL><LI> startup_stm32h747xx_cm7.o(RESET)
</UL>
<P><STRONG><a name="[5b]"></a>I2C3_EV_IRQHandler</STRONG> (Thumb, 0 bytes, Stack size 0 bytes, startup_stm32h747xx_cm7.o(.text))
<BR>[Address Reference Count : 1]<UL><LI> startup_stm32h747xx_cm7.o(RESET)
</UL>
<P><STRONG><a name="[72]"></a>I2C4_ER_IRQHandler</STRONG> (Thumb, 0 bytes, Stack size 0 bytes, startup_stm32h747xx_cm7.o(.text))
<BR>[Address Reference Count : 1]<UL><LI> startup_stm32h747xx_cm7.o(RESET)
</UL>
<P><STRONG><a name="[71]"></a>I2C4_EV_IRQHandler</STRONG> (Thumb, 0 bytes, Stack size 0 bytes, startup_stm32h747xx_cm7.o(.text))
<BR>[Address Reference Count : 1]<UL><LI> startup_stm32h747xx_cm7.o(RESET)
</UL>
<P><STRONG><a name="[8b]"></a>JPEG_IRQHandler</STRONG> (Thumb, 0 bytes, Stack size 0 bytes, startup_stm32h747xx_cm7.o(.text))
<BR>[Address Reference Count : 1]<UL><LI> startup_stm32h747xx_cm7.o(RESET)
</UL>
<P><STRONG><a name="[6f]"></a>LPTIM1_IRQHandler</STRONG> (Thumb, 0 bytes, Stack size 0 bytes, startup_stm32h747xx_cm7.o(.text))
<BR>[Address Reference Count : 1]<UL><LI> startup_stm32h747xx_cm7.o(RESET)
</UL>
<P><STRONG><a name="[9c]"></a>LPTIM2_IRQHandler</STRONG> (Thumb, 0 bytes, Stack size 0 bytes, startup_stm32h747xx_cm7.o(.text))
<BR>[Address Reference Count : 1]<UL><LI> startup_stm32h747xx_cm7.o(RESET)
</UL>
<P><STRONG><a name="[9d]"></a>LPTIM3_IRQHandler</STRONG> (Thumb, 0 bytes, Stack size 0 bytes, startup_stm32h747xx_cm7.o(.text))
<BR>[Address Reference Count : 1]<UL><LI> startup_stm32h747xx_cm7.o(RESET)
</UL>
<P><STRONG><a name="[9e]"></a>LPTIM4_IRQHandler</STRONG> (Thumb, 0 bytes, Stack size 0 bytes, startup_stm32h747xx_cm7.o(.text))
<BR>[Address Reference Count : 1]<UL><LI> startup_stm32h747xx_cm7.o(RESET)
</UL>
<P><STRONG><a name="[9f]"></a>LPTIM5_IRQHandler</STRONG> (Thumb, 0 bytes, Stack size 0 bytes, startup_stm32h747xx_cm7.o(.text))
<BR>[Address Reference Count : 1]<UL><LI> startup_stm32h747xx_cm7.o(RESET)
</UL>
<P><STRONG><a name="[a0]"></a>LPUART1_IRQHandler</STRONG> (Thumb, 0 bytes, Stack size 0 bytes, startup_stm32h747xx_cm7.o(.text))
<BR>[Address Reference Count : 1]<UL><LI> startup_stm32h747xx_cm7.o(RESET)
</UL>
<P><STRONG><a name="[6b]"></a>LTDC_ER_IRQHandler</STRONG> (Thumb, 0 bytes, Stack size 0 bytes, startup_stm32h747xx_cm7.o(.text))
<BR>[Address Reference Count : 1]<UL><LI> startup_stm32h747xx_cm7.o(RESET)
</UL>
<P><STRONG><a name="[6a]"></a>LTDC_IRQHandler</STRONG> (Thumb, 0 bytes, Stack size 0 bytes, startup_stm32h747xx_cm7.o(.text))
<BR>[Address Reference Count : 1]<UL><LI> startup_stm32h747xx_cm7.o(RESET)
</UL>
<P><STRONG><a name="[8a]"></a>MDIOS_IRQHandler</STRONG> (Thumb, 0 bytes, Stack size 0 bytes, startup_stm32h747xx_cm7.o(.text))
<BR>[Address Reference Count : 1]<UL><LI> startup_stm32h747xx_cm7.o(RESET)
</UL>
<P><STRONG><a name="[89]"></a>MDIOS_WKUP_IRQHandler</STRONG> (Thumb, 0 bytes, Stack size 0 bytes, startup_stm32h747xx_cm7.o(.text))
<BR>[Address Reference Count : 1]<UL><LI> startup_stm32h747xx_cm7.o(RESET)
</UL>
<P><STRONG><a name="[8c]"></a>MDMA_IRQHandler</STRONG> (Thumb, 0 bytes, Stack size 0 bytes, startup_stm32h747xx_cm7.o(.text))
<BR>[Address Reference Count : 1]<UL><LI> startup_stm32h747xx_cm7.o(RESET)
</UL>
<P><STRONG><a name="[75]"></a>OTG_FS_EP1_IN_IRQHandler</STRONG> (Thumb, 0 bytes, Stack size 0 bytes, startup_stm32h747xx_cm7.o(.text))
<BR>[Address Reference Count : 1]<UL><LI> startup_stm32h747xx_cm7.o(RESET)
</UL>
<P><STRONG><a name="[74]"></a>OTG_FS_EP1_OUT_IRQHandler</STRONG> (Thumb, 0 bytes, Stack size 0 bytes, startup_stm32h747xx_cm7.o(.text))
<BR>[Address Reference Count : 1]<UL><LI> startup_stm32h747xx_cm7.o(RESET)
</UL>
<P><STRONG><a name="[77]"></a>OTG_FS_IRQHandler</STRONG> (Thumb, 0 bytes, Stack size 0 bytes, startup_stm32h747xx_cm7.o(.text))
<BR>[Address Reference Count : 1]<UL><LI> startup_stm32h747xx_cm7.o(RESET)
</UL>
<P><STRONG><a name="[76]"></a>OTG_FS_WKUP_IRQHandler</STRONG> (Thumb, 0 bytes, Stack size 0 bytes, startup_stm32h747xx_cm7.o(.text))
<BR>[Address Reference Count : 1]<UL><LI> startup_stm32h747xx_cm7.o(RESET)
</UL>
<P><STRONG><a name="[5e]"></a>OTG_HS_EP1_IN_IRQHandler</STRONG> (Thumb, 0 bytes, Stack size 0 bytes, startup_stm32h747xx_cm7.o(.text))
<BR>[Address Reference Count : 1]<UL><LI> startup_stm32h747xx_cm7.o(RESET)
</UL>
<P><STRONG><a name="[5d]"></a>OTG_HS_EP1_OUT_IRQHandler</STRONG> (Thumb, 0 bytes, Stack size 0 bytes, startup_stm32h747xx_cm7.o(.text))
<BR>[Address Reference Count : 1]<UL><LI> startup_stm32h747xx_cm7.o(RESET)
</UL>
<P><STRONG><a name="[60]"></a>OTG_HS_IRQHandler</STRONG> (Thumb, 0 bytes, Stack size 0 bytes, startup_stm32h747xx_cm7.o(.text))
<BR>[Address Reference Count : 1]<UL><LI> startup_stm32h747xx_cm7.o(RESET)
</UL>
<P><STRONG><a name="[5f]"></a>OTG_HS_WKUP_IRQHandler</STRONG> (Thumb, 0 bytes, Stack size 0 bytes, startup_stm32h747xx_cm7.o(.text))
<BR>[Address Reference Count : 1]<UL><LI> startup_stm32h747xx_cm7.o(RESET)
</UL>
<P><STRONG><a name="[17]"></a>PVD_AVD_IRQHandler</STRONG> (Thumb, 0 bytes, Stack size 0 bytes, startup_stm32h747xx_cm7.o(.text))
<BR>[Address Reference Count : 1]<UL><LI> startup_stm32h747xx_cm7.o(RESET)
</UL>
<P><STRONG><a name="[6e]"></a>QUADSPI_IRQHandler</STRONG> (Thumb, 0 bytes, Stack size 0 bytes, startup_stm32h747xx_cm7.o(.text))
<BR>[Address Reference Count : 1]<UL><LI> startup_stm32h747xx_cm7.o(RESET)
</UL>
<P><STRONG><a name="[1b]"></a>RCC_IRQHandler</STRONG> (Thumb, 0 bytes, Stack size 0 bytes, startup_stm32h747xx_cm7.o(.text))
<BR>[Address Reference Count : 1]<UL><LI> startup_stm32h747xx_cm7.o(RESET)
</UL>
<P><STRONG><a name="[62]"></a>RNG_IRQHandler</STRONG> (Thumb, 0 bytes, Stack size 0 bytes, startup_stm32h747xx_cm7.o(.text))
<BR>[Address Reference Count : 1]<UL><LI> startup_stm32h747xx_cm7.o(RESET)
</UL>
<P><STRONG><a name="[3f]"></a>RTC_Alarm_IRQHandler</STRONG> (Thumb, 0 bytes, Stack size 0 bytes, startup_stm32h747xx_cm7.o(.text))
<BR>[Address Reference Count : 1]<UL><LI> startup_stm32h747xx_cm7.o(RESET)
</UL>
<P><STRONG><a name="[19]"></a>RTC_WKUP_IRQHandler</STRONG> (Thumb, 0 bytes, Stack size 0 bytes, startup_stm32h747xx_cm7.o(.text))
<BR>[Address Reference Count : 1]<UL><LI> startup_stm32h747xx_cm7.o(RESET)
</UL>
<P><STRONG><a name="[69]"></a>SAI1_IRQHandler</STRONG> (Thumb, 0 bytes, Stack size 0 bytes, startup_stm32h747xx_cm7.o(.text))
<BR>[Address Reference Count : 1]<UL><LI> startup_stm32h747xx_cm7.o(RESET)
</UL>
<P><STRONG><a name="[6d]"></a>SAI2_IRQHandler</STRONG> (Thumb, 0 bytes, Stack size 0 bytes, startup_stm32h747xx_cm7.o(.text))
<BR>[Address Reference Count : 1]<UL><LI> startup_stm32h747xx_cm7.o(RESET)
</UL>
<P><STRONG><a name="[84]"></a>SAI3_IRQHandler</STRONG> (Thumb, 0 bytes, Stack size 0 bytes, startup_stm32h747xx_cm7.o(.text))
<BR>[Address Reference Count : 1]<UL><LI> startup_stm32h747xx_cm7.o(RESET)
</UL>
<P><STRONG><a name="[a4]"></a>SAI4_IRQHandler</STRONG> (Thumb, 0 bytes, Stack size 0 bytes, startup_stm32h747xx_cm7.o(.text))
<BR>[Address Reference Count : 1]<UL><LI> startup_stm32h747xx_cm7.o(RESET)
</UL>
<P><STRONG><a name="[46]"></a>SDMMC1_IRQHandler</STRONG> (Thumb, 0 bytes, Stack size 0 bytes, startup_stm32h747xx_cm7.o(.text))
<BR>[Address Reference Count : 1]<UL><LI> startup_stm32h747xx_cm7.o(RESET)
</UL>
<P><STRONG><a name="[8e]"></a>SDMMC2_IRQHandler</STRONG> (Thumb, 0 bytes, Stack size 0 bytes, startup_stm32h747xx_cm7.o(.text))
<BR>[Address Reference Count : 1]<UL><LI> startup_stm32h747xx_cm7.o(RESET)
</UL>
<P><STRONG><a name="[73]"></a>SPDIF_RX_IRQHandler</STRONG> (Thumb, 0 bytes, Stack size 0 bytes, startup_stm32h747xx_cm7.o(.text))
<BR>[Address Reference Count : 1]<UL><LI> startup_stm32h747xx_cm7.o(RESET)
</UL>
<P><STRONG><a name="[39]"></a>SPI1_IRQHandler</STRONG> (Thumb, 0 bytes, Stack size 0 bytes, startup_stm32h747xx_cm7.o(.text))
<BR>[Address Reference Count : 1]<UL><LI> startup_stm32h747xx_cm7.o(RESET)
</UL>
<P><STRONG><a name="[3a]"></a>SPI2_IRQHandler</STRONG> (Thumb, 0 bytes, Stack size 0 bytes, startup_stm32h747xx_cm7.o(.text))
<BR>[Address Reference Count : 1]<UL><LI> startup_stm32h747xx_cm7.o(RESET)
</UL>
<P><STRONG><a name="[48]"></a>SPI3_IRQHandler</STRONG> (Thumb, 0 bytes, Stack size 0 bytes, startup_stm32h747xx_cm7.o(.text))
<BR>[Address Reference Count : 1]<UL><LI> startup_stm32h747xx_cm7.o(RESET)
</UL>
<P><STRONG><a name="[66]"></a>SPI4_IRQHandler</STRONG> (Thumb, 0 bytes, Stack size 0 bytes, startup_stm32h747xx_cm7.o(.text))
<BR>[Address Reference Count : 1]<UL><LI> startup_stm32h747xx_cm7.o(RESET)
</UL>
<P><STRONG><a name="[67]"></a>SPI5_IRQHandler</STRONG> (Thumb, 0 bytes, Stack size 0 bytes, startup_stm32h747xx_cm7.o(.text))
<BR>[Address Reference Count : 1]<UL><LI> startup_stm32h747xx_cm7.o(RESET)
</UL>
<P><STRONG><a name="[68]"></a>SPI6_IRQHandler</STRONG> (Thumb, 0 bytes, Stack size 0 bytes, startup_stm32h747xx_cm7.o(.text))
<BR>[Address Reference Count : 1]<UL><LI> startup_stm32h747xx_cm7.o(RESET)
</UL>
<P><STRONG><a name="[85]"></a>SWPMI1_IRQHandler</STRONG> (Thumb, 0 bytes, Stack size 0 bytes, startup_stm32h747xx_cm7.o(.text))
<BR>[Address Reference Count : 1]<UL><LI> startup_stm32h747xx_cm7.o(RESET)
</UL>
<P><STRONG><a name="[18]"></a>TAMP_STAMP_IRQHandler</STRONG> (Thumb, 0 bytes, Stack size 0 bytes, startup_stm32h747xx_cm7.o(.text))
<BR>[Address Reference Count : 1]<UL><LI> startup_stm32h747xx_cm7.o(RESET)
</UL>
<P><STRONG><a name="[86]"></a>TIM15_IRQHandler</STRONG> (Thumb, 0 bytes, Stack size 0 bytes, startup_stm32h747xx_cm7.o(.text))
<BR>[Address Reference Count : 1]<UL><LI> startup_stm32h747xx_cm7.o(RESET)
</UL>
<P><STRONG><a name="[87]"></a>TIM16_IRQHandler</STRONG> (Thumb, 0 bytes, Stack size 0 bytes, startup_stm32h747xx_cm7.o(.text))
<BR>[Address Reference Count : 1]<UL><LI> startup_stm32h747xx_cm7.o(RESET)
</UL>
<P><STRONG><a name="[88]"></a>TIM17_IRQHandler</STRONG> (Thumb, 0 bytes, Stack size 0 bytes, startup_stm32h747xx_cm7.o(.text))
<BR>[Address Reference Count : 1]<UL><LI> startup_stm32h747xx_cm7.o(RESET)
</UL>
<P><STRONG><a name="[2e]"></a>TIM1_BRK_IRQHandler</STRONG> (Thumb, 0 bytes, Stack size 0 bytes, startup_stm32h747xx_cm7.o(.text))
<BR>[Address Reference Count : 1]<UL><LI> startup_stm32h747xx_cm7.o(RESET)
</UL>
<P><STRONG><a name="[31]"></a>TIM1_CC_IRQHandler</STRONG> (Thumb, 0 bytes, Stack size 0 bytes, startup_stm32h747xx_cm7.o(.text))
<BR>[Address Reference Count : 1]<UL><LI> startup_stm32h747xx_cm7.o(RESET)
</UL>
<P><STRONG><a name="[30]"></a>TIM1_TRG_COM_IRQHandler</STRONG> (Thumb, 0 bytes, Stack size 0 bytes, startup_stm32h747xx_cm7.o(.text))
<BR>[Address Reference Count : 1]<UL><LI> startup_stm32h747xx_cm7.o(RESET)
</UL>
<P><STRONG><a name="[2f]"></a>TIM1_UP_IRQHandler</STRONG> (Thumb, 0 bytes, Stack size 0 bytes, startup_stm32h747xx_cm7.o(.text))
<BR>[Address Reference Count : 1]<UL><LI> startup_stm32h747xx_cm7.o(RESET)
</UL>
<P><STRONG><a name="[32]"></a>TIM2_IRQHandler</STRONG> (Thumb, 0 bytes, Stack size 0 bytes, startup_stm32h747xx_cm7.o(.text))
<BR>[Address Reference Count : 1]<UL><LI> startup_stm32h747xx_cm7.o(RESET)
</UL>
<P><STRONG><a name="[33]"></a>TIM3_IRQHandler</STRONG> (Thumb, 0 bytes, Stack size 0 bytes, startup_stm32h747xx_cm7.o(.text))
<BR>[Address Reference Count : 1]<UL><LI> startup_stm32h747xx_cm7.o(RESET)
</UL>
<P><STRONG><a name="[34]"></a>TIM4_IRQHandler</STRONG> (Thumb, 0 bytes, Stack size 0 bytes, startup_stm32h747xx_cm7.o(.text))
<BR>[Address Reference Count : 1]<UL><LI> startup_stm32h747xx_cm7.o(RESET)
</UL>
<P><STRONG><a name="[47]"></a>TIM5_IRQHandler</STRONG> (Thumb, 0 bytes, Stack size 0 bytes, startup_stm32h747xx_cm7.o(.text))
<BR>[Address Reference Count : 1]<UL><LI> startup_stm32h747xx_cm7.o(RESET)
</UL>
<P><STRONG><a name="[4b]"></a>TIM6_DAC_IRQHandler</STRONG> (Thumb, 0 bytes, Stack size 0 bytes, startup_stm32h747xx_cm7.o(.text))
<BR>[Address Reference Count : 1]<UL><LI> startup_stm32h747xx_cm7.o(RESET)
</UL>
<P><STRONG><a name="[4c]"></a>TIM7_IRQHandler</STRONG> (Thumb, 0 bytes, Stack size 0 bytes, startup_stm32h747xx_cm7.o(.text))
<BR>[Address Reference Count : 1]<UL><LI> startup_stm32h747xx_cm7.o(RESET)
</UL>
<P><STRONG><a name="[40]"></a>TIM8_BRK_TIM12_IRQHandler</STRONG> (Thumb, 0 bytes, Stack size 0 bytes, startup_stm32h747xx_cm7.o(.text))
<BR>[Address Reference Count : 1]<UL><LI> startup_stm32h747xx_cm7.o(RESET)
</UL>
<P><STRONG><a name="[43]"></a>TIM8_CC_IRQHandler</STRONG> (Thumb, 0 bytes, Stack size 0 bytes, startup_stm32h747xx_cm7.o(.text))
<BR>[Address Reference Count : 1]<UL><LI> startup_stm32h747xx_cm7.o(RESET)
</UL>
<P><STRONG><a name="[42]"></a>TIM8_TRG_COM_TIM14_IRQHandler</STRONG> (Thumb, 0 bytes, Stack size 0 bytes, startup_stm32h747xx_cm7.o(.text))
<BR>[Address Reference Count : 1]<UL><LI> startup_stm32h747xx_cm7.o(RESET)
</UL>
<P><STRONG><a name="[41]"></a>TIM8_UP_TIM13_IRQHandler</STRONG> (Thumb, 0 bytes, Stack size 0 bytes, startup_stm32h747xx_cm7.o(.text))
<BR>[Address Reference Count : 1]<UL><LI> startup_stm32h747xx_cm7.o(RESET)
</UL>
<P><STRONG><a name="[49]"></a>UART4_IRQHandler</STRONG> (Thumb, 0 bytes, Stack size 0 bytes, startup_stm32h747xx_cm7.o(.text))
<BR>[Address Reference Count : 1]<UL><LI> startup_stm32h747xx_cm7.o(RESET)
</UL>
<P><STRONG><a name="[4a]"></a>UART5_IRQHandler</STRONG> (Thumb, 0 bytes, Stack size 0 bytes, startup_stm32h747xx_cm7.o(.text))
<BR>[Address Reference Count : 1]<UL><LI> startup_stm32h747xx_cm7.o(RESET)
</UL>
<P><STRONG><a name="[64]"></a>UART7_IRQHandler</STRONG> (Thumb, 0 bytes, Stack size 0 bytes, startup_stm32h747xx_cm7.o(.text))
<BR>[Address Reference Count : 1]<UL><LI> startup_stm32h747xx_cm7.o(RESET)
</UL>
<P><STRONG><a name="[65]"></a>UART8_IRQHandler</STRONG> (Thumb, 0 bytes, Stack size 0 bytes, startup_stm32h747xx_cm7.o(.text))
<BR>[Address Reference Count : 1]<UL><LI> startup_stm32h747xx_cm7.o(RESET)
</UL>
<P><STRONG><a name="[3c]"></a>USART2_IRQHandler</STRONG> (Thumb, 0 bytes, Stack size 0 bytes, startup_stm32h747xx_cm7.o(.text))
<BR>[Address Reference Count : 1]<UL><LI> startup_stm32h747xx_cm7.o(RESET)
</UL>
<P><STRONG><a name="[3d]"></a>USART3_IRQHandler</STRONG> (Thumb, 0 bytes, Stack size 0 bytes, startup_stm32h747xx_cm7.o(.text))
<BR>[Address Reference Count : 1]<UL><LI> startup_stm32h747xx_cm7.o(RESET)
</UL>
<P><STRONG><a name="[5a]"></a>USART6_IRQHandler</STRONG> (Thumb, 0 bytes, Stack size 0 bytes, startup_stm32h747xx_cm7.o(.text))
<BR>[Address Reference Count : 1]<UL><LI> startup_stm32h747xx_cm7.o(RESET)
</UL>
<P><STRONG><a name="[a6]"></a>WAKEUP_PIN_IRQHandler</STRONG> (Thumb, 0 bytes, Stack size 0 bytes, startup_stm32h747xx_cm7.o(.text))
<BR>[Address Reference Count : 1]<UL><LI> startup_stm32h747xx_cm7.o(RESET)
</UL>
<P><STRONG><a name="[16]"></a>WWDG_IRQHandler</STRONG> (Thumb, 0 bytes, Stack size 0 bytes, startup_stm32h747xx_cm7.o(.text))
<BR>[Address Reference Count : 1]<UL><LI> startup_stm32h747xx_cm7.o(RESET)
</UL>
<P><STRONG><a name="[a1]"></a>WWDG_RST_IRQHandler</STRONG> (Thumb, 0 bytes, Stack size 0 bytes, startup_stm32h747xx_cm7.o(.text))
<BR>[Address Reference Count : 1]<UL><LI> startup_stm32h747xx_cm7.o(RESET)
</UL>
<P><STRONG><a name="[c3]"></a>__aeabi_uldivmod</STRONG> (Thumb, 98 bytes, Stack size 40 bytes, uldiv.o(.text))
<BR><BR>[Stack]<UL><LI>Max Depth = 40<LI>Call Chain = __aeabi_uldivmod
</UL>
<BR>[Calls]<UL><LI><a href="#[c4]">&gt;&gt;</a>&nbsp;&nbsp;&nbsp;__aeabi_llsr
<LI><a href="#[c5]">&gt;&gt;</a>&nbsp;&nbsp;&nbsp;__aeabi_llsl
</UL>
<BR>[Called By]<UL><LI><a href="#[123]">&gt;&gt;</a>&nbsp;&nbsp;&nbsp;UART_SetConfig
</UL>

<P><STRONG><a name="[192]"></a>__aeabi_memcpy</STRONG> (Thumb, 36 bytes, Stack size 0 bytes, memcpya.o(.text), UNUSED)

<P><STRONG><a name="[f8]"></a>__aeabi_memcpy4</STRONG> (Thumb, 0 bytes, Stack size 0 bytes, memcpya.o(.text))
<BR><BR>[Called By]<UL><LI><a href="#[16e]">&gt;&gt;</a>&nbsp;&nbsp;&nbsp;ai_postprocess
<LI><a href="#[16f]">&gt;&gt;</a>&nbsp;&nbsp;&nbsp;core_compute_offsets
<LI><a href="#[9]">&gt;&gt;</a>&nbsp;&nbsp;&nbsp;forward_eltwise
<LI><a href="#[f7]">&gt;&gt;</a>&nbsp;&nbsp;&nbsp;HAL_LTDC_ConfigLayer
<LI><a href="#[189]">&gt;&gt;</a>&nbsp;&nbsp;&nbsp;stai_network_init
</UL>

<P><STRONG><a name="[193]"></a>__aeabi_memcpy8</STRONG> (Thumb, 0 bytes, Stack size 0 bytes, memcpya.o(.text), UNUSED)

<P><STRONG><a name="[c7]"></a>__aeabi_memset</STRONG> (Thumb, 14 bytes, Stack size 0 bytes, memseta.o(.text), UNUSED)
<BR><BR>[Called By]<UL><LI><a href="#[c8]">&gt;&gt;</a>&nbsp;&nbsp;&nbsp;_memset$wrapper
<LI><a href="#[c6]">&gt;&gt;</a>&nbsp;&nbsp;&nbsp;__aeabi_memclr
</UL>

<P><STRONG><a name="[194]"></a>__aeabi_memset4</STRONG> (Thumb, 0 bytes, Stack size 0 bytes, memseta.o(.text), UNUSED)

<P><STRONG><a name="[195]"></a>__aeabi_memset8</STRONG> (Thumb, 0 bytes, Stack size 0 bytes, memseta.o(.text), UNUSED)

<P><STRONG><a name="[c6]"></a>__aeabi_memclr</STRONG> (Thumb, 4 bytes, Stack size 0 bytes, memseta.o(.text), UNUSED)
<BR><BR>[Calls]<UL><LI><a href="#[c7]">&gt;&gt;</a>&nbsp;&nbsp;&nbsp;__aeabi_memset
</UL>

<P><STRONG><a name="[125]"></a>__aeabi_memclr4</STRONG> (Thumb, 0 bytes, Stack size 0 bytes, memseta.o(.text))
<BR><BR>[Called By]<UL><LI><a href="#[121]">&gt;&gt;</a>&nbsp;&nbsp;&nbsp;HAL_UART_MspInit
<LI><a href="#[16e]">&gt;&gt;</a>&nbsp;&nbsp;&nbsp;ai_postprocess
<LI><a href="#[148]">&gt;&gt;</a>&nbsp;&nbsp;&nbsp;MX_GPIO_Init
<LI><a href="#[151]">&gt;&gt;</a>&nbsp;&nbsp;&nbsp;SystemClock_Config
<LI><a href="#[9]">&gt;&gt;</a>&nbsp;&nbsp;&nbsp;forward_eltwise
</UL>

<P><STRONG><a name="[196]"></a>__aeabi_memclr8</STRONG> (Thumb, 0 bytes, Stack size 0 bytes, memseta.o(.text), UNUSED)

<P><STRONG><a name="[c8]"></a>_memset$wrapper</STRONG> (Thumb, 18 bytes, Stack size 8 bytes, memseta.o(.text), UNUSED)
<BR><BR>[Calls]<UL><LI><a href="#[c7]">&gt;&gt;</a>&nbsp;&nbsp;&nbsp;__aeabi_memset
</UL>

<P><STRONG><a name="[197]"></a>__aeabi_uidiv</STRONG> (Thumb, 0 bytes, Stack size 12 bytes, uidiv.o(.text), UNUSED)

<P><STRONG><a name="[162]"></a>__aeabi_uidivmod</STRONG> (Thumb, 44 bytes, Stack size 12 bytes, uidiv.o(.text), UNUSED)
<BR><BR>[Called By]<UL><LI><a href="#[159]">&gt;&gt;</a>&nbsp;&nbsp;&nbsp;_printf_core
</UL>

<P><STRONG><a name="[c5]"></a>__aeabi_llsl</STRONG> (Thumb, 30 bytes, Stack size 0 bytes, llshl.o(.text))
<BR><BR>[Called By]<UL><LI><a href="#[c3]">&gt;&gt;</a>&nbsp;&nbsp;&nbsp;__aeabi_uldivmod
</UL>

<P><STRONG><a name="[198]"></a>_ll_shift_l</STRONG> (Thumb, 0 bytes, Stack size 0 bytes, llshl.o(.text), UNUSED)

<P><STRONG><a name="[c4]"></a>__aeabi_llsr</STRONG> (Thumb, 32 bytes, Stack size 0 bytes, llushr.o(.text))
<BR><BR>[Called By]<UL><LI><a href="#[c3]">&gt;&gt;</a>&nbsp;&nbsp;&nbsp;__aeabi_uldivmod
</UL>

<P><STRONG><a name="[199]"></a>_ll_ushift_r</STRONG> (Thumb, 0 bytes, Stack size 0 bytes, llushr.o(.text), UNUSED)

<P><STRONG><a name="[19a]"></a>__I$use$fp</STRONG> (Thumb, 0 bytes, Stack size 0 bytes, iusefp.o(.text), UNUSED)

<P><STRONG><a name="[ca]"></a>_float_round</STRONG> (Thumb, 18 bytes, Stack size 0 bytes, fepilogue.o(.text))
<BR><BR>[Called By]<UL><LI><a href="#[c9]">&gt;&gt;</a>&nbsp;&nbsp;&nbsp;_frnd
</UL>

<P><STRONG><a name="[19b]"></a>_float_epilogue</STRONG> (Thumb, 92 bytes, Stack size 4 bytes, fepilogue.o(.text), UNUSED)

<P><STRONG><a name="[c9]"></a>_frnd</STRONG> (Thumb, 60 bytes, Stack size 8 bytes, frnd.o(.text))
<BR><BR>[Stack]<UL><LI>Max Depth = 8<LI>Call Chain = _frnd
</UL>
<BR>[Calls]<UL><LI><a href="#[ca]">&gt;&gt;</a>&nbsp;&nbsp;&nbsp;_float_round
</UL>
<BR>[Called By]<UL><LI><a href="#[160]">&gt;&gt;</a>&nbsp;&nbsp;&nbsp;__hardfp_roundf
</UL>

<P><STRONG><a name="[c2]"></a>__scatterload</STRONG> (Thumb, 28 bytes, Stack size 0 bytes, init.o(.text))
<BR><BR>[Calls]<UL><LI><a href="#[cb]">&gt;&gt;</a>&nbsp;&nbsp;&nbsp;__main_after_scatterload
</UL>
<BR>[Called By]<UL><LI><a href="#[c1]">&gt;&gt;</a>&nbsp;&nbsp;&nbsp;_main_scatterload
</UL>

<P><STRONG><a name="[19c]"></a>__scatterload_rt2</STRONG> (Thumb, 0 bytes, Stack size 0 bytes, init.o(.text), UNUSED)

<P><STRONG><a name="[19d]"></a>__decompress</STRONG> (Thumb, 0 bytes, Stack size unknown bytes, __dczerorl2.o(.text), UNUSED)

<P><STRONG><a name="[19e]"></a>__decompress1</STRONG> (Thumb, 86 bytes, Stack size unknown bytes, __dczerorl2.o(.text), UNUSED)

<P><STRONG><a name="[ac]"></a>BSP_GetTick</STRONG> (Thumb, 4 bytes, Stack size 0 bytes, stm32h747i_discovery_bus.o(i.BSP_GetTick))
<BR><BR>[Calls]<UL><LI><a href="#[cc]">&gt;&gt;</a>&nbsp;&nbsp;&nbsp;HAL_GetTick
</UL>
<BR>[Address Reference Count : 1]<UL><LI> lcd_display.o(i.LCD_Init)
</UL>
<P><STRONG><a name="[131]"></a>BSP_JOY_Callback</STRONG> (Thumb, 2 bytes, Stack size 0 bytes, stm32h747i_discovery.o(i.BSP_JOY_Callback))
<BR><BR>[Called By]<UL><LI><a href="#[5]">&gt;&gt;</a>&nbsp;&nbsp;&nbsp;JOY1_UP_EXTI_Callback
<LI><a href="#[1]">&gt;&gt;</a>&nbsp;&nbsp;&nbsp;JOY1_SEL_EXTI_Callback
<LI><a href="#[4]">&gt;&gt;</a>&nbsp;&nbsp;&nbsp;JOY1_RIGHT_EXTI_Callback
<LI><a href="#[3]">&gt;&gt;</a>&nbsp;&nbsp;&nbsp;JOY1_LEFT_EXTI_Callback
<LI><a href="#[2]">&gt;&gt;</a>&nbsp;&nbsp;&nbsp;JOY1_DOWN_EXTI_Callback
</UL>

<P><STRONG><a name="[b6]"></a>BSP_LCD_DrawBitmap</STRONG> (Thumb, 242 bytes, Stack size 64 bytes, stm32h747i_discovery_lcd.o(i.BSP_LCD_DrawBitmap))
<BR><BR>[Stack]<UL><LI>Max Depth = 140<LI>Call Chain = BSP_LCD_DrawBitmap &rArr; LL_ConvertLineToRGB &rArr; HAL_DMA2D_Start &rArr; DMA2D_SetConfig
</UL>
<BR>[Calls]<UL><LI><a href="#[cd]">&gt;&gt;</a>&nbsp;&nbsp;&nbsp;LL_ConvertLineToRGB
</UL>
<BR>[Address Reference Count : 1]<UL><LI> main.o(.constdata)
</UL>
<P><STRONG><a name="[b8]"></a>BSP_LCD_DrawHLine</STRONG> (Thumb, 88 bytes, Stack size 32 bytes, stm32h747i_discovery_lcd.o(i.BSP_LCD_DrawHLine))
<BR><BR>[Stack]<UL><LI>Max Depth = 100<LI>Call Chain = BSP_LCD_DrawHLine &rArr; LL_FillBuffer &rArr; HAL_DMA2D_Start &rArr; DMA2D_SetConfig
</UL>
<BR>[Calls]<UL><LI><a href="#[ce]">&gt;&gt;</a>&nbsp;&nbsp;&nbsp;LL_FillBuffer
</UL>
<BR>[Address Reference Count : 1]<UL><LI> main.o(.constdata)
</UL>
<P><STRONG><a name="[b9]"></a>BSP_LCD_DrawVLine</STRONG> (Thumb, 86 bytes, Stack size 32 bytes, stm32h747i_discovery_lcd.o(i.BSP_LCD_DrawVLine))
<BR><BR>[Stack]<UL><LI>Max Depth = 100<LI>Call Chain = BSP_LCD_DrawVLine &rArr; LL_FillBuffer &rArr; HAL_DMA2D_Start &rArr; DMA2D_SetConfig
</UL>
<BR>[Calls]<UL><LI><a href="#[ce]">&gt;&gt;</a>&nbsp;&nbsp;&nbsp;LL_FillBuffer
</UL>
<BR>[Address Reference Count : 1]<UL><LI> main.o(.constdata)
</UL>
<P><STRONG><a name="[b7]"></a>BSP_LCD_FillRGBRect</STRONG> (Thumb, 84 bytes, Stack size 52 bytes, stm32h747i_discovery_lcd.o(i.BSP_LCD_FillRGBRect))
<BR><BR>[Stack]<UL><LI>Max Depth = 68<LI>Call Chain = BSP_LCD_FillRGBRect &rArr; BSP_LCD_WritePixel
</UL>
<BR>[Calls]<UL><LI><a href="#[bc]">&gt;&gt;</a>&nbsp;&nbsp;&nbsp;BSP_LCD_WritePixel
</UL>
<BR>[Address Reference Count : 1]<UL><LI> main.o(.constdata)
</UL>
<P><STRONG><a name="[ba]"></a>BSP_LCD_FillRect</STRONG> (Thumb, 74 bytes, Stack size 32 bytes, stm32h747i_discovery_lcd.o(i.BSP_LCD_FillRect))
<BR><BR>[Stack]<UL><LI>Max Depth = 100<LI>Call Chain = BSP_LCD_FillRect &rArr; LL_FillBuffer &rArr; HAL_DMA2D_Start &rArr; DMA2D_SetConfig
</UL>
<BR>[Calls]<UL><LI><a href="#[ce]">&gt;&gt;</a>&nbsp;&nbsp;&nbsp;LL_FillBuffer
</UL>
<BR>[Address Reference Count : 1]<UL><LI> main.o(.constdata)
</UL>
<P><STRONG><a name="[c0]"></a>BSP_LCD_GetPixelFormat</STRONG> (Thumb, 20 bytes, Stack size 0 bytes, stm32h747i_discovery_lcd.o(i.BSP_LCD_GetPixelFormat))
<BR>[Address Reference Count : 1]<UL><LI> main.o(.constdata)
</UL>
<P><STRONG><a name="[bb]"></a>BSP_LCD_ReadPixel</STRONG> (Thumb, 62 bytes, Stack size 16 bytes, stm32h747i_discovery_lcd.o(i.BSP_LCD_ReadPixel))
<BR><BR>[Stack]<UL><LI>Max Depth = 16<LI>Call Chain = BSP_LCD_ReadPixel
</UL>
<BR>[Address Reference Count : 1]<UL><LI> main.o(.constdata)
</UL>
<P><STRONG><a name="[cf]"></a>BSP_LCD_Reset</STRONG> (Thumb, 82 bytes, Stack size 32 bytes, stm32h747i_discovery_lcd.o(i.BSP_LCD_Reset))
<BR><BR>[Stack]<UL><LI>Max Depth = 72<LI>Call Chain = BSP_LCD_Reset &rArr; HAL_GPIO_Init
</UL>
<BR>[Calls]<UL><LI><a href="#[d1]">&gt;&gt;</a>&nbsp;&nbsp;&nbsp;HAL_GPIO_WritePin
<LI><a href="#[d0]">&gt;&gt;</a>&nbsp;&nbsp;&nbsp;HAL_GPIO_Init
<LI><a href="#[d2]">&gt;&gt;</a>&nbsp;&nbsp;&nbsp;HAL_Delay
</UL>
<BR>[Called By]<UL><LI><a href="#[138]">&gt;&gt;</a>&nbsp;&nbsp;&nbsp;LCD_Init
</UL>

<P><STRONG><a name="[bf]"></a>BSP_LCD_SetActiveLayer</STRONG> (Thumb, 18 bytes, Stack size 0 bytes, stm32h747i_discovery_lcd.o(i.BSP_LCD_SetActiveLayer))
<BR>[Address Reference Count : 1]<UL><LI> main.o(.constdata)
</UL>
<P><STRONG><a name="[bc]"></a>BSP_LCD_WritePixel</STRONG> (Thumb, 60 bytes, Stack size 16 bytes, stm32h747i_discovery_lcd.o(i.BSP_LCD_WritePixel))
<BR><BR>[Stack]<UL><LI>Max Depth = 16<LI>Call Chain = BSP_LCD_WritePixel
</UL>
<BR>[Called By]<UL><LI><a href="#[b7]">&gt;&gt;</a>&nbsp;&nbsp;&nbsp;BSP_LCD_FillRGBRect
</UL>
<BR>[Address Reference Count : 1]<UL><LI> main.o(.constdata)
</UL>
<P><STRONG><a name="[d3]"></a>BSP_LED_Init</STRONG> (Thumb, 78 bytes, Stack size 48 bytes, stm32h747i_discovery.o(i.BSP_LED_Init))
<BR><BR>[Stack]<UL><LI>Max Depth = 88<LI>Call Chain = BSP_LED_Init &rArr; HAL_GPIO_Init
</UL>
<BR>[Calls]<UL><LI><a href="#[d1]">&gt;&gt;</a>&nbsp;&nbsp;&nbsp;HAL_GPIO_WritePin
<LI><a href="#[d0]">&gt;&gt;</a>&nbsp;&nbsp;&nbsp;HAL_GPIO_Init
</UL>
<BR>[Called By]<UL><LI><a href="#[a7]">&gt;&gt;</a>&nbsp;&nbsp;&nbsp;main
</UL>

<P><STRONG><a name="[d8]"></a>BSP_PB_Callback</STRONG> (Thumb, 2 bytes, Stack size 0 bytes, stm32h747i_discovery.o(i.BSP_PB_Callback))
<BR><BR>[Called By]<UL><LI><a href="#[0]">&gt;&gt;</a>&nbsp;&nbsp;&nbsp;BUTTON_WAKEUP_EXTI_Callback
</UL>

<P><STRONG><a name="[d4]"></a>BSP_SDRAM_Init</STRONG> (Thumb, 82 bytes, Stack size 16 bytes, stm32h747i_discovery_sdram.o(i.BSP_SDRAM_Init))
<BR><BR>[Stack]<UL><LI>Max Depth = 116<LI>Call Chain = BSP_SDRAM_Init &rArr; MX_SDRAM_Init &rArr; HAL_SDRAM_Init &rArr; FMC_SDRAM_Timing_Init
</UL>
<BR>[Calls]<UL><LI><a href="#[d7]">&gt;&gt;</a>&nbsp;&nbsp;&nbsp;IS42S32800J_Init
<LI><a href="#[d6]">&gt;&gt;</a>&nbsp;&nbsp;&nbsp;MX_SDRAM_Init
<LI><a href="#[d5]">&gt;&gt;</a>&nbsp;&nbsp;&nbsp;SDRAM_MspInit
</UL>
<BR>[Called By]<UL><LI><a href="#[a7]">&gt;&gt;</a>&nbsp;&nbsp;&nbsp;main
</UL>

<P><STRONG><a name="[10]"></a>BusFault_Handler</STRONG> (Thumb, 2 bytes, Stack size 0 bytes, stm32h7xx_it.o(i.BusFault_Handler))
<BR><BR>[Calls]<UL><LI><a href="#[10]">&gt;&gt;</a>&nbsp;&nbsp;&nbsp;BusFault_Handler
</UL>
<BR>[Called By]<UL><LI><a href="#[10]">&gt;&gt;</a>&nbsp;&nbsp;&nbsp;BusFault_Handler
</UL>
<BR>[Address Reference Count : 1]<UL><LI> startup_stm32h747xx_cm7.o(RESET)
</UL>
<P><STRONG><a name="[d9]"></a>CopyBuffer</STRONG> (Thumb, 122 bytes, Stack size 32 bytes, lcd_display.o(i.CopyBuffer))
<BR><BR>[Stack]<UL><LI>Max Depth = 76<LI>Call Chain = CopyBuffer &rArr; HAL_DMA2D_Start &rArr; DMA2D_SetConfig
</UL>
<BR>[Calls]<UL><LI><a href="#[dc]">&gt;&gt;</a>&nbsp;&nbsp;&nbsp;HAL_DMA2D_Start
<LI><a href="#[dd]">&gt;&gt;</a>&nbsp;&nbsp;&nbsp;HAL_DMA2D_PollForTransfer
<LI><a href="#[da]">&gt;&gt;</a>&nbsp;&nbsp;&nbsp;HAL_DMA2D_Init
<LI><a href="#[db]">&gt;&gt;</a>&nbsp;&nbsp;&nbsp;HAL_DMA2D_ConfigLayer
</UL>
<BR>[Called By]<UL><LI><a href="#[a7]">&gt;&gt;</a>&nbsp;&nbsp;&nbsp;main
</UL>

<P><STRONG><a name="[8d]"></a>DSI_IRQHandler</STRONG> (Thumb, 6 bytes, Stack size 0 bytes, lcd_display.o(i.DSI_IRQHandler))
<BR><BR>[Stack]<UL><LI>Max Depth = 8<LI>Call Chain = DSI_IRQHandler &rArr; HAL_DSI_IRQHandler
</UL>
<BR>[Calls]<UL><LI><a href="#[e1]">&gt;&gt;</a>&nbsp;&nbsp;&nbsp;HAL_DSI_IRQHandler
</UL>
<BR>[Address Reference Count : 1]<UL><LI> startup_stm32h747xx_cm7.o(RESET)
</UL>
<P><STRONG><a name="[13]"></a>DebugMon_Handler</STRONG> (Thumb, 2 bytes, Stack size 0 bytes, stm32h7xx_it.o(i.DebugMon_Handler))
<BR>[Address Reference Count : 1]<UL><LI> startup_stm32h747xx_cm7.o(RESET)
</UL>
<P><STRONG><a name="[126]"></a>Error_Handler</STRONG> (Thumb, 4 bytes, Stack size 0 bytes, main.o(i.Error_Handler))
<BR><BR>[Called By]<UL><LI><a href="#[121]">&gt;&gt;</a>&nbsp;&nbsp;&nbsp;HAL_UART_MspInit
<LI><a href="#[149]">&gt;&gt;</a>&nbsp;&nbsp;&nbsp;MX_USART1_UART_Init
</UL>

<P><STRONG><a name="[a8]"></a>ExitRun0Mode</STRONG> (Thumb, 2 bytes, Stack size 0 bytes, main.o(i.ExitRun0Mode))
<BR>[Address Reference Count : 1]<UL><LI> startup_stm32h747xx_cm7.o(.text)
</UL>
<P><STRONG><a name="[10e]"></a>FMC_SDRAM_Init</STRONG> (Thumb, 106 bytes, Stack size 20 bytes, stm32h7xx_ll_fmc.o(i.FMC_SDRAM_Init))
<BR><BR>[Stack]<UL><LI>Max Depth = 20<LI>Call Chain = FMC_SDRAM_Init
</UL>
<BR>[Called By]<UL><LI><a href="#[10c]">&gt;&gt;</a>&nbsp;&nbsp;&nbsp;HAL_SDRAM_Init
</UL>

<P><STRONG><a name="[111]"></a>FMC_SDRAM_ProgramRefreshRate</STRONG> (Thumb, 18 bytes, Stack size 0 bytes, stm32h7xx_ll_fmc.o(i.FMC_SDRAM_ProgramRefreshRate))
<BR><BR>[Called By]<UL><LI><a href="#[110]">&gt;&gt;</a>&nbsp;&nbsp;&nbsp;HAL_SDRAM_ProgramRefreshRate
</UL>

<P><STRONG><a name="[113]"></a>FMC_SDRAM_SendCommand</STRONG> (Thumb, 38 bytes, Stack size 16 bytes, stm32h7xx_ll_fmc.o(i.FMC_SDRAM_SendCommand))
<BR><BR>[Stack]<UL><LI>Max Depth = 16<LI>Call Chain = FMC_SDRAM_SendCommand
</UL>
<BR>[Called By]<UL><LI><a href="#[112]">&gt;&gt;</a>&nbsp;&nbsp;&nbsp;HAL_SDRAM_SendCommand
</UL>

<P><STRONG><a name="[10f]"></a>FMC_SDRAM_Timing_Init</STRONG> (Thumb, 164 bytes, Stack size 36 bytes, stm32h7xx_ll_fmc.o(i.FMC_SDRAM_Timing_Init))
<BR><BR>[Stack]<UL><LI>Max Depth = 36<LI>Call Chain = FMC_SDRAM_Timing_Init
</UL>
<BR>[Called By]<UL><LI><a href="#[10c]">&gt;&gt;</a>&nbsp;&nbsp;&nbsp;HAL_SDRAM_Init
</UL>

<P><STRONG><a name="[db]"></a>HAL_DMA2D_ConfigLayer</STRONG> (Thumb, 190 bytes, Stack size 20 bytes, stm32h7xx_hal_dma2d.o(i.HAL_DMA2D_ConfigLayer))
<BR><BR>[Stack]<UL><LI>Max Depth = 20<LI>Call Chain = HAL_DMA2D_ConfigLayer
</UL>
<BR>[Called By]<UL><LI><a href="#[d9]">&gt;&gt;</a>&nbsp;&nbsp;&nbsp;CopyBuffer
<LI><a href="#[ce]">&gt;&gt;</a>&nbsp;&nbsp;&nbsp;LL_FillBuffer
<LI><a href="#[cd]">&gt;&gt;</a>&nbsp;&nbsp;&nbsp;LL_ConvertLineToRGB
</UL>

<P><STRONG><a name="[da]"></a>HAL_DMA2D_Init</STRONG> (Thumb, 130 bytes, Stack size 24 bytes, stm32h7xx_hal_dma2d.o(i.HAL_DMA2D_Init))
<BR><BR>[Stack]<UL><LI>Max Depth = 24<LI>Call Chain = HAL_DMA2D_Init
</UL>
<BR>[Calls]<UL><LI><a href="#[e5]">&gt;&gt;</a>&nbsp;&nbsp;&nbsp;HAL_DMA2D_MspInit
</UL>
<BR>[Called By]<UL><LI><a href="#[d9]">&gt;&gt;</a>&nbsp;&nbsp;&nbsp;CopyBuffer
<LI><a href="#[ce]">&gt;&gt;</a>&nbsp;&nbsp;&nbsp;LL_FillBuffer
<LI><a href="#[cd]">&gt;&gt;</a>&nbsp;&nbsp;&nbsp;LL_ConvertLineToRGB
</UL>

<P><STRONG><a name="[e5]"></a>HAL_DMA2D_MspInit</STRONG> (Thumb, 2 bytes, Stack size 0 bytes, stm32h7xx_hal_dma2d.o(i.HAL_DMA2D_MspInit))
<BR><BR>[Called By]<UL><LI><a href="#[da]">&gt;&gt;</a>&nbsp;&nbsp;&nbsp;HAL_DMA2D_Init
</UL>

<P><STRONG><a name="[dd]"></a>HAL_DMA2D_PollForTransfer</STRONG> (Thumb, 270 bytes, Stack size 32 bytes, stm32h7xx_hal_dma2d.o(i.HAL_DMA2D_PollForTransfer))
<BR><BR>[Stack]<UL><LI>Max Depth = 32<LI>Call Chain = HAL_DMA2D_PollForTransfer
</UL>
<BR>[Calls]<UL><LI><a href="#[cc]">&gt;&gt;</a>&nbsp;&nbsp;&nbsp;HAL_GetTick
</UL>
<BR>[Called By]<UL><LI><a href="#[d9]">&gt;&gt;</a>&nbsp;&nbsp;&nbsp;CopyBuffer
<LI><a href="#[ce]">&gt;&gt;</a>&nbsp;&nbsp;&nbsp;LL_FillBuffer
<LI><a href="#[cd]">&gt;&gt;</a>&nbsp;&nbsp;&nbsp;LL_ConvertLineToRGB
</UL>

<P><STRONG><a name="[dc]"></a>HAL_DMA2D_Start</STRONG> (Thumb, 52 bytes, Stack size 24 bytes, stm32h7xx_hal_dma2d.o(i.HAL_DMA2D_Start))
<BR><BR>[Stack]<UL><LI>Max Depth = 44<LI>Call Chain = HAL_DMA2D_Start &rArr; DMA2D_SetConfig
</UL>
<BR>[Calls]<UL><LI><a href="#[e6]">&gt;&gt;</a>&nbsp;&nbsp;&nbsp;DMA2D_SetConfig
</UL>
<BR>[Called By]<UL><LI><a href="#[d9]">&gt;&gt;</a>&nbsp;&nbsp;&nbsp;CopyBuffer
<LI><a href="#[ce]">&gt;&gt;</a>&nbsp;&nbsp;&nbsp;LL_FillBuffer
<LI><a href="#[cd]">&gt;&gt;</a>&nbsp;&nbsp;&nbsp;LL_ConvertLineToRGB
</UL>

<P><STRONG><a name="[e7]"></a>HAL_DMA_Abort</STRONG> (Thumb, 836 bytes, Stack size 40 bytes, stm32h7xx_hal_dma.o(i.HAL_DMA_Abort))
<BR><BR>[Stack]<UL><LI>Max Depth = 40<LI>Call Chain = HAL_DMA_Abort
</UL>
<BR>[Calls]<UL><LI><a href="#[cc]">&gt;&gt;</a>&nbsp;&nbsp;&nbsp;HAL_GetTick
</UL>
<BR>[Called By]<UL><LI><a href="#[117]">&gt;&gt;</a>&nbsp;&nbsp;&nbsp;HAL_UART_IRQHandler
</UL>

<P><STRONG><a name="[119]"></a>HAL_DMA_Abort_IT</STRONG> (Thumb, 498 bytes, Stack size 40 bytes, stm32h7xx_hal_dma.o(i.HAL_DMA_Abort_IT))
<BR><BR>[Stack]<UL><LI>Max Depth = 40<LI>Call Chain = HAL_DMA_Abort_IT
</UL>
<BR>[Called By]<UL><LI><a href="#[117]">&gt;&gt;</a>&nbsp;&nbsp;&nbsp;HAL_UART_IRQHandler
</UL>

<P><STRONG><a name="[13a]"></a>HAL_DSI_ConfigAdaptedCommandMode</STRONG> (Thumb, 272 bytes, Stack size 20 bytes, stm32h7xx_hal_dsi.o(i.HAL_DSI_ConfigAdaptedCommandMode))
<BR><BR>[Stack]<UL><LI>Max Depth = 20<LI>Call Chain = HAL_DSI_ConfigAdaptedCommandMode
</UL>
<BR>[Called By]<UL><LI><a href="#[138]">&gt;&gt;</a>&nbsp;&nbsp;&nbsp;LCD_Init
</UL>

<P><STRONG><a name="[13b]"></a>HAL_DSI_ConfigCommand</STRONG> (Thumb, 110 bytes, Stack size 20 bytes, stm32h7xx_hal_dsi.o(i.HAL_DSI_ConfigCommand))
<BR><BR>[Stack]<UL><LI>Max Depth = 20<LI>Call Chain = HAL_DSI_ConfigCommand
</UL>
<BR>[Called By]<UL><LI><a href="#[138]">&gt;&gt;</a>&nbsp;&nbsp;&nbsp;LCD_Init
</UL>

<P><STRONG><a name="[141]"></a>HAL_DSI_ConfigFlowControl</STRONG> (Thumb, 42 bytes, Stack size 8 bytes, stm32h7xx_hal_dsi.o(i.HAL_DSI_ConfigFlowControl))
<BR><BR>[Stack]<UL><LI>Max Depth = 8<LI>Call Chain = HAL_DSI_ConfigFlowControl
</UL>
<BR>[Called By]<UL><LI><a href="#[138]">&gt;&gt;</a>&nbsp;&nbsp;&nbsp;LCD_Init
</UL>

<P><STRONG><a name="[13e]"></a>HAL_DSI_ConfigPhyTimer</STRONG> (Thumb, 132 bytes, Stack size 20 bytes, stm32h7xx_hal_dsi.o(i.HAL_DSI_ConfigPhyTimer))
<BR><BR>[Stack]<UL><LI>Max Depth = 20<LI>Call Chain = HAL_DSI_ConfigPhyTimer
</UL>
<BR>[Called By]<UL><LI><a href="#[138]">&gt;&gt;</a>&nbsp;&nbsp;&nbsp;LCD_Init
</UL>

<P><STRONG><a name="[e8]"></a>HAL_DSI_DeInit</STRONG> (Thumb, 138 bytes, Stack size 16 bytes, stm32h7xx_hal_dsi.o(i.HAL_DSI_DeInit))
<BR><BR>[Stack]<UL><LI>Max Depth = 16<LI>Call Chain = HAL_DSI_DeInit
</UL>
<BR>[Calls]<UL><LI><a href="#[e9]">&gt;&gt;</a>&nbsp;&nbsp;&nbsp;HAL_DSI_MspDeInit
</UL>
<BR>[Called By]<UL><LI><a href="#[138]">&gt;&gt;</a>&nbsp;&nbsp;&nbsp;LCD_Init
</UL>

<P><STRONG><a name="[eb]"></a>HAL_DSI_EndOfRefreshCallback</STRONG> (Thumb, 16 bytes, Stack size 0 bytes, lcd_display.o(i.HAL_DSI_EndOfRefreshCallback))
<BR><BR>[Called By]<UL><LI><a href="#[e1]">&gt;&gt;</a>&nbsp;&nbsp;&nbsp;HAL_DSI_IRQHandler
</UL>

<P><STRONG><a name="[ec]"></a>HAL_DSI_ErrorCallback</STRONG> (Thumb, 2 bytes, Stack size 0 bytes, stm32h7xx_hal_dsi.o(i.HAL_DSI_ErrorCallback))
<BR><BR>[Called By]<UL><LI><a href="#[e1]">&gt;&gt;</a>&nbsp;&nbsp;&nbsp;HAL_DSI_IRQHandler
</UL>

<P><STRONG><a name="[142]"></a>HAL_DSI_ForceRXLowPower</STRONG> (Thumb, 52 bytes, Stack size 8 bytes, stm32h7xx_hal_dsi.o(i.HAL_DSI_ForceRXLowPower))
<BR><BR>[Stack]<UL><LI>Max Depth = 8<LI>Call Chain = HAL_DSI_ForceRXLowPower
</UL>
<BR>[Called By]<UL><LI><a href="#[138]">&gt;&gt;</a>&nbsp;&nbsp;&nbsp;LCD_Init
</UL>

<P><STRONG><a name="[e1]"></a>HAL_DSI_IRQHandler</STRONG> (Thumb, 236 bytes, Stack size 8 bytes, stm32h7xx_hal_dsi.o(i.HAL_DSI_IRQHandler))
<BR><BR>[Stack]<UL><LI>Max Depth = 8<LI>Call Chain = HAL_DSI_IRQHandler
</UL>
<BR>[Calls]<UL><LI><a href="#[eb]">&gt;&gt;</a>&nbsp;&nbsp;&nbsp;HAL_DSI_EndOfRefreshCallback
<LI><a href="#[ea]">&gt;&gt;</a>&nbsp;&nbsp;&nbsp;HAL_DSI_TearingEffectCallback
<LI><a href="#[ec]">&gt;&gt;</a>&nbsp;&nbsp;&nbsp;HAL_DSI_ErrorCallback
</UL>
<BR>[Called By]<UL><LI><a href="#[8d]">&gt;&gt;</a>&nbsp;&nbsp;&nbsp;DSI_IRQHandler
</UL>

<P><STRONG><a name="[ed]"></a>HAL_DSI_Init</STRONG> (Thumb, 510 bytes, Stack size 32 bytes, stm32h7xx_hal_dsi.o(i.HAL_DSI_Init))
<BR><BR>[Stack]<UL><LI>Max Depth = 48<LI>Call Chain = HAL_DSI_Init &rArr; HAL_Delay
</UL>
[...]
<LI><a href="#[179]">&gt;&gt;</a>&nbsp;&nbsp;&nbsp;forward_lite_mp_node_233
<LI><a href="#[178]">&gt;&gt;</a>&nbsp;&nbsp;&nbsp;forward_lite_mp_node_216
<LI><a href="#[177]">&gt;&gt;</a>&nbsp;&nbsp;&nbsp;forward_lite_eltwise_node_279
<LI><a href="#[176]">&gt;&gt;</a>&nbsp;&nbsp;&nbsp;forward_lite_eltwise_node_269
</UL>
<BR>[Called By]<UL><LI><a href="#[16b]">&gt;&gt;</a>&nbsp;&nbsp;&nbsp;aiRun
</UL>

<P><STRONG><a name="[168]"></a>stai_network_set_activations</STRONG> (Thumb, 272 bytes, Stack size 32 bytes, network.o(i.stai_network_set_activations))
<BR><BR>[Stack]<UL><LI>Max Depth = 32<LI>Call Chain = stai_network_set_activations
</UL>
<BR>[Calls]<UL><LI><a href="#[18a]">&gt;&gt;</a>&nbsp;&nbsp;&nbsp;_stai_network_check
</UL>
<BR>[Called By]<UL><LI><a href="#[14f]">&gt;&gt;</a>&nbsp;&nbsp;&nbsp;aiInit
</UL>

<P><STRONG><a name="[166]"></a>stai_runtime_init</STRONG> (Thumb, 4 bytes, Stack size 0 bytes, stai_internal.o(i.stai_runtime_init))
<BR><BR>[Called By]<UL><LI><a href="#[14f]">&gt;&gt;</a>&nbsp;&nbsp;&nbsp;aiInit
</UL>

<P><STRONG><a name="[167]"></a>user_stai_network_init</STRONG> (Thumb, 4 bytes, Stack size 0 bytes, user_init.o(i.user_stai_network_init))
<BR><BR>[Stack]<UL><LI>Max Depth = 104<LI>Call Chain = user_stai_network_init &rArr; stai_network_init
</UL>
<BR>[Calls]<UL><LI><a href="#[189]">&gt;&gt;</a>&nbsp;&nbsp;&nbsp;stai_network_init
</UL>
<BR>[Called By]<UL><LI><a href="#[14f]">&gt;&gt;</a>&nbsp;&nbsp;&nbsp;aiInit
</UL>
<P>
<H3>
Local Symbols
</H3>
<P><STRONG><a name="[144]"></a>MPU_Config</STRONG> (Thumb, 122 bytes, Stack size 32 bytes, main.o(i.MPU_Config))
<BR><BR>[Stack]<UL><LI>Max Depth = 52<LI>Call Chain = MPU_Config &rArr; HAL_MPU_ConfigRegion
</UL>
<BR>[Calls]<UL><LI><a href="#[147]">&gt;&gt;</a>&nbsp;&nbsp;&nbsp;HAL_MPU_Enable
<LI><a href="#[145]">&gt;&gt;</a>&nbsp;&nbsp;&nbsp;HAL_MPU_Disable
<LI><a href="#[146]">&gt;&gt;</a>&nbsp;&nbsp;&nbsp;HAL_MPU_ConfigRegion
</UL>
<BR>[Called By]<UL><LI><a href="#[a7]">&gt;&gt;</a>&nbsp;&nbsp;&nbsp;main
</UL>

<P><STRONG><a name="[12b]"></a>USART_StartRxByte</STRONG> (Thumb, 10 bytes, Stack size 0 bytes, main.o(i.USART_StartRxByte))
<BR><BR>[Stack]<UL><LI>Max Depth = 24<LI>Call Chain = USART_StartRxByte &rArr; HAL_UART_Receive_IT &rArr; UART_Start_Receive_IT
</UL>
<BR>[Calls]<UL><LI><a href="#[128]">&gt;&gt;</a>&nbsp;&nbsp;&nbsp;HAL_UART_Receive_IT
</UL>
<BR>[Called By]<UL><LI><a href="#[a7]">&gt;&gt;</a>&nbsp;&nbsp;&nbsp;main
<LI><a href="#[12a]">&gt;&gt;</a>&nbsp;&nbsp;&nbsp;HAL_UART_RxCpltCallback
</UL>

<P><STRONG><a name="[ae]"></a>DSI_IO_Read</STRONG> (Thumb, 30 bytes, Stack size 24 bytes, lcd_display.o(i.DSI_IO_Read))
<BR><BR>[Stack]<UL><LI>Max Depth = 96<LI>Call Chain = DSI_IO_Read &rArr; HAL_DSI_Read &rArr; DSI_ShortWrite
</UL>
<BR>[Calls]<UL><LI><a href="#[de]">&gt;&gt;</a>&nbsp;&nbsp;&nbsp;HAL_DSI_Read
</UL>
<BR>[Address Reference Count : 1]<UL><LI> lcd_display.o(i.LCD_Init)
</UL>
<P><STRONG><a name="[ad]"></a>DSI_IO_Write</STRONG> (Thumb, 54 bytes, Stack size 24 bytes, lcd_display.o(i.DSI_IO_Write))
<BR><BR>[Stack]<UL><LI>Max Depth = 88<LI>Call Chain = DSI_IO_Write &rArr; HAL_DSI_LongWrite &rArr; DSI_ConfigPacketHeader
</UL>
<BR>[Calls]<UL><LI><a href="#[df]">&gt;&gt;</a>&nbsp;&nbsp;&nbsp;HAL_DSI_ShortWrite
<LI><a href="#[e0]">&gt;&gt;</a>&nbsp;&nbsp;&nbsp;HAL_DSI_LongWrite
</UL>
<BR>[Address Reference Count : 1]<UL><LI> lcd_display.o(i.LCD_Init)
</UL>
<P><STRONG><a name="[139]"></a>LCD_MspInit</STRONG> (Thumb, 164 bytes, Stack size 8 bytes, lcd_display.o(i.LCD_MspInit))
<BR><BR>[Stack]<UL><LI>Max Depth = 24<LI>Call Chain = LCD_MspInit &rArr; HAL_NVIC_SetPriority
</UL>
<BR>[Calls]<UL><LI><a href="#[f6]">&gt;&gt;</a>&nbsp;&nbsp;&nbsp;HAL_NVIC_SetPriority
<LI><a href="#[127]">&gt;&gt;</a>&nbsp;&nbsp;&nbsp;HAL_NVIC_EnableIRQ
</UL>
<BR>[Called By]<UL><LI><a href="#[138]">&gt;&gt;</a>&nbsp;&nbsp;&nbsp;LCD_Init
</UL>

<P><STRONG><a name="[13c]"></a>LTDC_Init</STRONG> (Thumb, 86 bytes, Stack size 24 bytes, lcd_display.o(i.LTDC_Init))
<BR><BR>[Stack]<UL><LI>Max Depth = 48<LI>Call Chain = LTDC_Init &rArr; HAL_LTDC_Init
</UL>
<BR>[Calls]<UL><LI><a href="#[fc]">&gt;&gt;</a>&nbsp;&nbsp;&nbsp;HAL_LTDC_Init
<LI><a href="#[fa]">&gt;&gt;</a>&nbsp;&nbsp;&nbsp;HAL_LTDC_DeInit
</UL>
<BR>[Called By]<UL><LI><a href="#[138]">&gt;&gt;</a>&nbsp;&nbsp;&nbsp;LCD_Init
</UL>

<P><STRONG><a name="[100]"></a>__NVIC_SetPriority</STRONG> (Thumb, 34 bytes, Stack size 0 bytes, stm32h7xx_hal_cortex.o(i.__NVIC_SetPriority))
<BR><BR>[Called By]<UL><LI><a href="#[f6]">&gt;&gt;</a>&nbsp;&nbsp;&nbsp;HAL_NVIC_SetPriority
<LI><a href="#[f5]">&gt;&gt;</a>&nbsp;&nbsp;&nbsp;HAL_SYSTICK_Config
</UL>

<P><STRONG><a name="[ab]"></a>UART_DMAAbortOnError</STRONG> (Thumb, 10 bytes, Stack size 8 bytes, stm32h7xx_hal_uart.o(i.UART_DMAAbortOnError))
<BR><BR>[Stack]<UL><LI>Max Depth = 8<LI>Call Chain = UART_DMAAbortOnError
</UL>
<BR>[Calls]<UL><LI><a href="#[11a]">&gt;&gt;</a>&nbsp;&nbsp;&nbsp;HAL_UART_ErrorCallback
</UL>
<BR>[Address Reference Count : 1]<UL><LI> stm32h7xx_hal_uart.o(i.HAL_UART_IRQHandler)
</UL>
<P><STRONG><a name="[118]"></a>UART_EndRxTransfer</STRONG> (Thumb, 78 bytes, Stack size 8 bytes, stm32h7xx_hal_uart.o(i.UART_EndRxTransfer))
<BR><BR>[Stack]<UL><LI>Max Depth = 8<LI>Call Chain = UART_EndRxTransfer
</UL>
<BR>[Called By]<UL><LI><a href="#[117]">&gt;&gt;</a>&nbsp;&nbsp;&nbsp;HAL_UART_IRQHandler
<LI><a href="#[152]">&gt;&gt;</a>&nbsp;&nbsp;&nbsp;UART_WaitOnFlagUntilTimeout
</UL>

<P><STRONG><a name="[b1]"></a>UART_RxISR_16BIT</STRONG> (Thumb, 196 bytes, Stack size 8 bytes, stm32h7xx_hal_uart.o(i.UART_RxISR_16BIT))
<BR><BR>[Stack]<UL><LI>Max Depth = 56<LI>Call Chain = UART_RxISR_16BIT &rArr; HAL_UART_RxCpltCallback &rArr; USART_StartRxByte &rArr; HAL_UART_Receive_IT &rArr; UART_Start_Receive_IT
</UL>
<BR>[Calls]<UL><LI><a href="#[12a]">&gt;&gt;</a>&nbsp;&nbsp;&nbsp;HAL_UART_RxCpltCallback
<LI><a href="#[11b]">&gt;&gt;</a>&nbsp;&nbsp;&nbsp;HAL_UARTEx_RxEventCallback
</UL>
<BR>[Address Reference Count : 2]<UL><LI> stm32h7xx_hal_uart.o(i.UART_RxISR_16BIT_FIFOEN)
<LI> stm32h7xx_hal_uart.o(i.UART_Start_Receive_IT)
</UL>
<P><STRONG><a name="[b4]"></a>UART_RxISR_16BIT_FIFOEN</STRONG> (Thumb, 402 bytes, Stack size 32 bytes, stm32h7xx_hal_uart.o(i.UART_RxISR_16BIT_FIFOEN))
<BR><BR>[Stack]<UL><LI>Max Depth = 80<LI>Call Chain = UART_RxISR_16BIT_FIFOEN &rArr; HAL_UART_RxCpltCallback &rArr; USART_StartRxByte &rArr; HAL_UART_Receive_IT &rArr; UART_Start_Receive_IT
</UL>
<BR>[Calls]<UL><LI><a href="#[12a]">&gt;&gt;</a>&nbsp;&nbsp;&nbsp;HAL_UART_RxCpltCallback
<LI><a href="#[11a]">&gt;&gt;</a>&nbsp;&nbsp;&nbsp;HAL_UART_ErrorCallback
<LI><a href="#[11b]">&gt;&gt;</a>&nbsp;&nbsp;&nbsp;HAL_UARTEx_RxEventCallback
</UL>
<BR>[Address Reference Count : 1]<UL><LI> stm32h7xx_hal_uart.o(i.UART_Start_Receive_IT)
</UL>
<P><STRONG><a name="[b2]"></a>UART_RxISR_8BIT</STRONG> (Thumb, 196 bytes, Stack size 8 bytes, stm32h7xx_hal_uart.o(i.UART_RxISR_8BIT))
<BR><BR>[Stack]<UL><LI>Max Depth = 56<LI>Call Chain = UART_RxISR_8BIT &rArr; HAL_UART_RxCpltCallback &rArr; USART_StartRxByte &rArr; HAL_UART_Receive_IT &rArr; UART_Start_Receive_IT
</UL>
<BR>[Calls]<UL><LI><a href="#[12a]">&gt;&gt;</a>&nbsp;&nbsp;&nbsp;HAL_UART_RxCpltCallback
<LI><a href="#[11b]">&gt;&gt;</a>&nbsp;&nbsp;&nbsp;HAL_UARTEx_RxEventCallback
</UL>
<BR>[Address Reference Count : 2]<UL><LI> stm32h7xx_hal_uart.o(i.UART_RxISR_8BIT_FIFOEN)
<LI> stm32h7xx_hal_uart.o(i.UART_Start_Receive_IT)
</UL>
<P><STRONG><a name="[b3]"></a>UART_RxISR_8BIT_FIFOEN</STRONG> (Thumb, 402 bytes, Stack size 32 bytes, stm32h7xx_hal_uart.o(i.UART_RxISR_8BIT_FIFOEN))
<BR><BR>[Stack]<UL><LI>Max Depth = 80<LI>Call Chain = UART_RxISR_8BIT_FIFOEN &rArr; HAL_UART_RxCpltCallback &rArr; USART_StartRxByte &rArr; HAL_UART_Receive_IT &rArr; UART_Start_Receive_IT
</UL>
<BR>[Calls]<UL><LI><a href="#[12a]">&gt;&gt;</a>&nbsp;&nbsp;&nbsp;HAL_UART_RxCpltCallback
<LI><a href="#[11a]">&gt;&gt;</a>&nbsp;&nbsp;&nbsp;HAL_UART_ErrorCallback
<LI><a href="#[11b]">&gt;&gt;</a>&nbsp;&nbsp;&nbsp;HAL_UARTEx_RxEventCallback
</UL>
<BR>[Address Reference Count : 1]<UL><LI> stm32h7xx_hal_uart.o(i.UART_Start_Receive_IT)
</UL>
<P><STRONG><a name="[115]"></a>UARTEx_SetNbDataToProcess</STRONG> (Thumb, 62 bytes, Stack size 12 bytes, stm32h7xx_hal_uart_ex.o(i.UARTEx_SetNbDataToProcess))
<BR><BR>[Stack]<UL><LI>Max Depth = 12<LI>Call Chain = UARTEx_SetNbDataToProcess
</UL>
<BR>[Called By]<UL><LI><a href="#[116]">&gt;&gt;</a>&nbsp;&nbsp;&nbsp;HAL_UARTEx_SetTxFifoThreshold
<LI><a href="#[114]">&gt;&gt;</a>&nbsp;&nbsp;&nbsp;HAL_UARTEx_SetRxFifoThreshold
</UL>

<P><STRONG><a name="[105]"></a>RCCEx_PLL2_Config</STRONG> (Thumb, 284 bytes, Stack size 32 bytes, stm32h7xx_hal_rcc_ex.o(i.RCCEx_PLL2_Config))
<BR><BR>[Stack]<UL><LI>Max Depth = 32<LI>Call Chain = RCCEx_PLL2_Config
</UL>
<BR>[Calls]<UL><LI><a href="#[cc]">&gt;&gt;</a>&nbsp;&nbsp;&nbsp;HAL_GetTick
</UL>
<BR>[Called By]<UL><LI><a href="#[104]">&gt;&gt;</a>&nbsp;&nbsp;&nbsp;HAL_RCCEx_PeriphCLKConfig
</UL>

<P><STRONG><a name="[106]"></a>RCCEx_PLL3_Config</STRONG> (Thumb, 284 bytes, Stack size 32 bytes, stm32h7xx_hal_rcc_ex.o(i.RCCEx_PLL3_Config))
<BR><BR>[Stack]<UL><LI>Max Depth = 32<LI>Call Chain = RCCEx_PLL3_Config
</UL>
<BR>[Calls]<UL><LI><a href="#[cc]">&gt;&gt;</a>&nbsp;&nbsp;&nbsp;HAL_GetTick
</UL>
<BR>[Called By]<UL><LI><a href="#[104]">&gt;&gt;</a>&nbsp;&nbsp;&nbsp;HAL_RCCEx_PeriphCLKConfig
</UL>

<P><STRONG><a name="[ff]"></a>MDMA_Init</STRONG> (Thumb, 170 bytes, Stack size 16 bytes, stm32h7xx_hal_mdma.o(i.MDMA_Init))
<BR><BR>[Stack]<UL><LI>Max Depth = 16<LI>Call Chain = MDMA_Init
</UL>
<BR>[Called By]<UL><LI><a href="#[fe]">&gt;&gt;</a>&nbsp;&nbsp;&nbsp;HAL_MDMA_Init
</UL>

<P><STRONG><a name="[e6]"></a>DMA2D_SetConfig</STRONG> (Thumb, 156 bytes, Stack size 20 bytes, stm32h7xx_hal_dma2d.o(i.DMA2D_SetConfig))
<BR><BR>[Stack]<UL><LI>Max Depth = 20<LI>Call Chain = DMA2D_SetConfig
</UL>
<BR>[Called By]<UL><LI><a href="#[dc]">&gt;&gt;</a>&nbsp;&nbsp;&nbsp;HAL_DMA2D_Start
</UL>

<P><STRONG><a name="[ef]"></a>DSI_ConfigPacketHeader</STRONG> (Thumb, 20 bytes, Stack size 8 bytes, stm32h7xx_hal_dsi.o(i.DSI_ConfigPacketHeader))
<BR><BR>[Stack]<UL><LI>Max Depth = 8<LI>Call Chain = DSI_ConfigPacketHeader
</UL>
<BR>[Called By]<UL><LI><a href="#[de]">&gt;&gt;</a>&nbsp;&nbsp;&nbsp;HAL_DSI_Read
<LI><a href="#[e0]">&gt;&gt;</a>&nbsp;&nbsp;&nbsp;HAL_DSI_LongWrite
</UL>

<P><STRONG><a name="[e2]"></a>DSI_ShortWrite</STRONG> (Thumb, 72 bytes, Stack size 32 bytes, stm32h7xx_hal_dsi.o(i.DSI_ShortWrite))
<BR><BR>[Stack]<UL><LI>Max Depth = 32<LI>Call Chain = DSI_ShortWrite
</UL>
<BR>[Calls]<UL><LI><a href="#[cc]">&gt;&gt;</a>&nbsp;&nbsp;&nbsp;HAL_GetTick
</UL>
<BR>[Called By]<UL><LI><a href="#[df]">&gt;&gt;</a>&nbsp;&nbsp;&nbsp;HAL_DSI_ShortWrite
<LI><a href="#[de]">&gt;&gt;</a>&nbsp;&nbsp;&nbsp;HAL_DSI_Read
</UL>

<P><STRONG><a name="[f9]"></a>LTDC_SetConfig</STRONG> (Thumb, 432 bytes, Stack size 44 bytes, stm32h7xx_hal_ltdc.o(i.LTDC_SetConfig))
<BR><BR>[Stack]<UL><LI>Max Depth = 44<LI>Call Chain = LTDC_SetConfig
</UL>
<BR>[Called By]<UL><LI><a href="#[f7]">&gt;&gt;</a>&nbsp;&nbsp;&nbsp;HAL_LTDC_ConfigLayer
</UL>

<P><STRONG><a name="[14c]"></a>OTM8009A_IO_Delay</STRONG> (Thumb, 26 bytes, Stack size 16 bytes, otm8009a.o(i.OTM8009A_IO_Delay))
<BR><BR>[Stack]<UL><LI>Max Depth = 16<LI>Call Chain = OTM8009A_IO_Delay
</UL>
<BR>[Called By]<UL><LI><a href="#[140]">&gt;&gt;</a>&nbsp;&nbsp;&nbsp;OTM8009A_Init
</UL>

<P><STRONG><a name="[af]"></a>OTM8009A_ReadRegWrap</STRONG> (Thumb, 14 bytes, Stack size 8 bytes, otm8009a.o(i.OTM8009A_ReadRegWrap))
<BR><BR>[Stack]<UL><LI>Max Depth = 8<LI>Call Chain = OTM8009A_ReadRegWrap
</UL>
<BR>[Address Reference Count : 1]<UL><LI> otm8009a.o(i.OTM8009A_RegisterBusIO)
</UL>
<P><STRONG><a name="[b0]"></a>OTM8009A_WriteRegWrap</STRONG> (Thumb, 14 bytes, Stack size 8 bytes, otm8009a.o(i.OTM8009A_WriteRegWrap))
<BR><BR>[Stack]<UL><LI>Max Depth = 8<LI>Call Chain = OTM8009A_WriteRegWrap
</UL>
<BR>[Address Reference Count : 1]<UL><LI> otm8009a.o(i.OTM8009A_RegisterBusIO)
</UL>
<P><STRONG><a name="[0]"></a>BUTTON_WAKEUP_EXTI_Callback</STRONG> (Thumb, 10 bytes, Stack size 8 bytes, stm32h747i_discovery.o(i.BUTTON_WAKEUP_EXTI_Callback))
<BR><BR>[Stack]<UL><LI>Max Depth = 8<LI>Call Chain = BUTTON_WAKEUP_EXTI_Callback
</UL>
<BR>[Calls]<UL><LI><a href="#[d8]">&gt;&gt;</a>&nbsp;&nbsp;&nbsp;BSP_PB_Callback
</UL>
<BR>[Address Reference Count : 1]<UL><LI> stm32h747i_discovery.o(.data)
</UL>
<P><STRONG><a name="[2]"></a>JOY1_DOWN_EXTI_Callback</STRONG> (Thumb, 12 bytes, Stack size 8 bytes, stm32h747i_discovery.o(i.JOY1_DOWN_EXTI_Callback))
<BR><BR>[Stack]<UL><LI>Max Depth = 8<LI>Call Chain = JOY1_DOWN_EXTI_Callback
</UL>
<BR>[Calls]<UL><LI><a href="#[131]">&gt;&gt;</a>&nbsp;&nbsp;&nbsp;BSP_JOY_Callback
</UL>
<BR>[Address Reference Count : 1]<UL><LI> stm32h747i_discovery.o(.data)
</UL>
<P><STRONG><a name="[3]"></a>JOY1_LEFT_EXTI_Callback</STRONG> (Thumb, 12 bytes, Stack size 8 bytes, stm32h747i_discovery.o(i.JOY1_LEFT_EXTI_Callback))
<BR><BR>[Stack]<UL><LI>Max Depth = 8<LI>Call Chain = JOY1_LEFT_EXTI_Callback
</UL>
<BR>[Calls]<UL><LI><a href="#[131]">&gt;&gt;</a>&nbsp;&nbsp;&nbsp;BSP_JOY_Callback
</UL>
<BR>[Address Reference Count : 1]<UL><LI> stm32h747i_discovery.o(.data)
</UL>
<P><STRONG><a name="[4]"></a>JOY1_RIGHT_EXTI_Callback</STRONG> (Thumb, 12 bytes, Stack size 8 bytes, stm32h747i_discovery.o(i.JOY1_RIGHT_EXTI_Callback))
<BR><BR>[Stack]<UL><LI>Max Depth = 8<LI>Call Chain = JOY1_RIGHT_EXTI_Callback
</UL>
<BR>[Calls]<UL><LI><a href="#[131]">&gt;&gt;</a>&nbsp;&nbsp;&nbsp;BSP_JOY_Callback
</UL>
<BR>[Address Reference Count : 1]<UL><LI> stm32h747i_discovery.o(.data)
</UL>
<P><STRONG><a name="[1]"></a>JOY1_SEL_EXTI_Callback</STRONG> (Thumb, 12 bytes, Stack size 8 bytes, stm32h747i_discovery.o(i.JOY1_SEL_EXTI_Callback))
<BR><BR>[Stack]<UL><LI>Max Depth = 8<LI>Call Chain = JOY1_SEL_EXTI_Callback
</UL>
<BR>[Calls]<UL><LI><a href="#[131]">&gt;&gt;</a>&nbsp;&nbsp;&nbsp;BSP_JOY_Callback
</UL>
<BR>[Address Reference Count : 1]<UL><LI> stm32h747i_discovery.o(.data)
</UL>
<P><STRONG><a name="[5]"></a>JOY1_UP_EXTI_Callback</STRONG> (Thumb, 12 bytes, Stack size 8 bytes, stm32h747i_discovery.o(i.JOY1_UP_EXTI_Callback))
<BR><BR>[Stack]<UL><LI>Max Depth = 8<LI>Call Chain = JOY1_UP_EXTI_Callback
</UL>
<BR>[Calls]<UL><LI><a href="#[131]">&gt;&gt;</a>&nbsp;&nbsp;&nbsp;BSP_JOY_Callback
</UL>
<BR>[Address Reference Count : 1]<UL><LI> stm32h747i_discovery.o(.data)
</UL>
<P><STRONG><a name="[cd]"></a>LL_ConvertLineToRGB</STRONG> (Thumb, 120 bytes, Stack size 32 bytes, stm32h747i_discovery_lcd.o(i.LL_ConvertLineToRGB))
<BR><BR>[Stack]<UL><LI>Max Depth = 76<LI>Call Chain = LL_ConvertLineToRGB &rArr; HAL_DMA2D_Start &rArr; DMA2D_SetConfig
</UL>
<BR>[Calls]<UL><LI><a href="#[dc]">&gt;&gt;</a>&nbsp;&nbsp;&nbsp;HAL_DMA2D_Start
<LI><a href="#[dd]">&gt;&gt;</a>&nbsp;&nbsp;&nbsp;HAL_DMA2D_PollForTransfer
<LI><a href="#[da]">&gt;&gt;</a>&nbsp;&nbsp;&nbsp;HAL_DMA2D_Init
<LI><a href="#[db]">&gt;&gt;</a>&nbsp;&nbsp;&nbsp;HAL_DMA2D_ConfigLayer
</UL>
<BR>[Called By]<UL><LI><a href="#[b6]">&gt;&gt;</a>&nbsp;&nbsp;&nbsp;BSP_LCD_DrawBitmap
</UL>

<P><STRONG><a name="[ce]"></a>LL_FillBuffer</STRONG> (Thumb, 168 bytes, Stack size 24 bytes, stm32h747i_discovery_lcd.o(i.LL_FillBuffer))
<BR><BR>[Stack]<UL><LI>Max Depth = 68<LI>Call Chain = LL_FillBuffer &rArr; HAL_DMA2D_Start &rArr; DMA2D_SetConfig
</UL>
<BR>[Calls]<UL><LI><a href="#[dc]">&gt;&gt;</a>&nbsp;&nbsp;&nbsp;HAL_DMA2D_Start
<LI><a href="#[dd]">&gt;&gt;</a>&nbsp;&nbsp;&nbsp;HAL_DMA2D_PollForTransfer
<LI><a href="#[da]">&gt;&gt;</a>&nbsp;&nbsp;&nbsp;HAL_DMA2D_Init
<LI><a href="#[db]">&gt;&gt;</a>&nbsp;&nbsp;&nbsp;HAL_DMA2D_ConfigLayer
</UL>
<BR>[Called By]<UL><LI><a href="#[ba]">&gt;&gt;</a>&nbsp;&nbsp;&nbsp;BSP_LCD_FillRect
<LI><a href="#[b9]">&gt;&gt;</a>&nbsp;&nbsp;&nbsp;BSP_LCD_DrawVLine
<LI><a href="#[b8]">&gt;&gt;</a>&nbsp;&nbsp;&nbsp;BSP_LCD_DrawHLine
</UL>

<P><STRONG><a name="[d5]"></a>SDRAM_MspInit</STRONG> (Thumb, 322 bytes, Stack size 48 bytes, stm32h747i_discovery_sdram.o(i.SDRAM_MspInit))
<BR><BR>[Stack]<UL><LI>Max Depth = 88<LI>Call Chain = SDRAM_MspInit &rArr; HAL_GPIO_Init
</UL>
<BR>[Calls]<UL><LI><a href="#[f6]">&gt;&gt;</a>&nbsp;&nbsp;&nbsp;HAL_NVIC_SetPriority
<LI><a href="#[127]">&gt;&gt;</a>&nbsp;&nbsp;&nbsp;HAL_NVIC_EnableIRQ
<LI><a href="#[d0]">&gt;&gt;</a>&nbsp;&nbsp;&nbsp;HAL_GPIO_Init
<LI><a href="#[fe]">&gt;&gt;</a>&nbsp;&nbsp;&nbsp;HAL_MDMA_Init
<LI><a href="#[14d]">&gt;&gt;</a>&nbsp;&nbsp;&nbsp;HAL_MDMA_DeInit
</UL>
<BR>[Called By]<UL><LI><a href="#[d4]">&gt;&gt;</a>&nbsp;&nbsp;&nbsp;BSP_SDRAM_Init
</UL>

<P><STRONG><a name="[e3]"></a>DrawChar</STRONG> (Thumb, 262 bytes, Stack size 200 bytes, stm32_lcd.o(i.DrawChar))
<BR><BR>[Stack]<UL><LI>Max Depth = 224<LI>Call Chain = DrawChar &rArr; UTIL_LCD_FillRGBRect
</UL>
<BR>[Calls]<UL><LI><a href="#[e4]">&gt;&gt;</a>&nbsp;&nbsp;&nbsp;UTIL_LCD_FillRGBRect
</UL>
<BR>[Called By]<UL><LI><a href="#[155]">&gt;&gt;</a>&nbsp;&nbsp;&nbsp;UTIL_LCD_DisplayChar
</UL>

<P><STRONG><a name="[18a]"></a>_stai_network_check</STRONG> (Thumb, 94 bytes, Stack size 0 bytes, network.o(i._stai_network_check))
<BR><BR>[Called By]<UL><LI><a href="#[189]">&gt;&gt;</a>&nbsp;&nbsp;&nbsp;stai_network_init
<LI><a href="#[168]">&gt;&gt;</a>&nbsp;&nbsp;&nbsp;stai_network_set_activations
</UL>

<P><STRONG><a name="[164]"></a>_transpose_items</STRONG> (Thumb, 360 bytes, Stack size 112 bytes, layers_generic_float.o(i._transpose_items))
<BR><BR>[Stack]<UL><LI>Max Depth = 132<LI>Call Chain = _transpose_items &rArr; st_int8_copy
</UL>
<BR>[Calls]<UL><LI><a href="#[165]">&gt;&gt;</a>&nbsp;&nbsp;&nbsp;st_int8_copy
</UL>
<BR>[Called By]<UL><LI><a href="#[6]">&gt;&gt;</a>&nbsp;&nbsp;&nbsp;forward_transpose
</UL>

<P><STRONG><a name="[171]"></a>ai_shape_get_size</STRONG> (Thumb, 26 bytes, Stack size 0 bytes, layers_generic_float.o(i.ai_shape_get_size))
<BR><BR>[Called By]<UL><LI><a href="#[9]">&gt;&gt;</a>&nbsp;&nbsp;&nbsp;forward_eltwise
</UL>

<P><STRONG><a name="[175]"></a>fw_lite_conv2d_kernel_depthwise_f32</STRONG> (Thumb, 294 bytes, Stack size 64 bytes, forward_lite_conv2d_if32of32wf32.o(i.fw_lite_conv2d_kernel_depthwise_f32))
<BR><BR>[Stack]<UL><LI>Max Depth = 64<LI>Call Chain = fw_lite_conv2d_kernel_depthwise_f32
</UL>
<BR>[Called By]<UL><LI><a href="#[174]">&gt;&gt;</a>&nbsp;&nbsp;&nbsp;forward_lite_dw_if32of32wf32
</UL>

<P><STRONG><a name="[173]"></a>fw_lite_conv2d_kernel_simple_opt_f32</STRONG> (Thumb, 366 bytes, Stack size 68 bytes, forward_lite_conv2d_if32of32wf32.o(i.fw_lite_conv2d_kernel_simple_opt_f32))
<BR><BR>[Stack]<UL><LI>Max Depth = 68<LI>Call Chain = fw_lite_conv2d_kernel_simple_opt_f32
</UL>
<BR>[Called By]<UL><LI><a href="#[172]">&gt;&gt;</a>&nbsp;&nbsp;&nbsp;forward_lite_conv2d_if32of32wf32
</UL>

<P><STRONG><a name="[159]"></a>_printf_core</STRONG> (Thumb, 748 bytes, Stack size 96 bytes, printf6.o(i._printf_core), UNUSED)
<BR><BR>[Calls]<UL><LI><a href="#[162]">&gt;&gt;</a>&nbsp;&nbsp;&nbsp;__aeabi_uidivmod
<LI><a href="#[161]">&gt;&gt;</a>&nbsp;&nbsp;&nbsp;_printf_pre_padding
<LI><a href="#[163]">&gt;&gt;</a>&nbsp;&nbsp;&nbsp;_printf_post_padding
</UL>
<BR>[Called By]<UL><LI><a href="#[158]">&gt;&gt;</a>&nbsp;&nbsp;&nbsp;__0sprintf$6
</UL>

<P><STRONG><a name="[163]"></a>_printf_post_padding</STRONG> (Thumb, 36 bytes, Stack size 24 bytes, printf6.o(i._printf_post_padding), UNUSED)
<BR><BR>[Called By]<UL><LI><a href="#[159]">&gt;&gt;</a>&nbsp;&nbsp;&nbsp;_printf_core
</UL>

<P><STRONG><a name="[161]"></a>_printf_pre_padding</STRONG> (Thumb, 46 bytes, Stack size 24 bytes, printf6.o(i._printf_pre_padding), UNUSED)
<BR><BR>[Called By]<UL><LI><a href="#[159]">&gt;&gt;</a>&nbsp;&nbsp;&nbsp;_printf_core
</UL>

<P><STRONG><a name="[b5]"></a>_sputc</STRONG> (Thumb, 10 bytes, Stack size 0 bytes, printf6.o(i._sputc))
<BR><BR>[Called By]<UL><LI><a href="#[158]">&gt;&gt;</a>&nbsp;&nbsp;&nbsp;__0sprintf$6
</UL>
<BR>[Address Reference Count : 1]<UL><LI> printf6.o(i.__0sprintf$6)
</UL><P>
<H3>
Undefined Global Symbols
</H3><HR></body></html>
