Component: ARM Compiler 5.06 update 6 (build 750) Tool: armlink [4d35ed]

==============================================================================

Section Cross References

    startup_stm32h747xx_cm7.o(RESET) refers to startup_stm32h747xx_cm7.o(STACK) for __initial_sp
    startup_stm32h747xx_cm7.o(RESET) refers to startup_stm32h747xx_cm7.o(.text) for Reset_Handler
    startup_stm32h747xx_cm7.o(RESET) refers to stm32h7xx_it.o(i.NMI_Handler) for NMI_Handler
    startup_stm32h747xx_cm7.o(RESET) refers to stm32h7xx_it.o(i.HardFault_Handler) for HardFault_Handler
    startup_stm32h747xx_cm7.o(RESET) refers to stm32h7xx_it.o(i.MemManage_Handler) for MemManage_Handler
    startup_stm32h747xx_cm7.o(RESET) refers to stm32h7xx_it.o(i.BusFault_Handler) for BusFault_Handler
    startup_stm32h747xx_cm7.o(RESET) refers to stm32h7xx_it.o(i.UsageFault_Handler) for UsageFault_Handler
    startup_stm32h747xx_cm7.o(RESET) refers to stm32h7xx_it.o(i.SVC_Handler) for SVC_Handler
    startup_stm32h747xx_cm7.o(RESET) refers to stm32h7xx_it.o(i.DebugMon_Handler) for DebugMon_Handler
    startup_stm32h747xx_cm7.o(RESET) refers to stm32h7xx_it.o(i.PendSV_Handler) for PendSV_Handler
    startup_stm32h747xx_cm7.o(RESET) refers to stm32h7xx_it.o(i.SysTick_Handler) for SysTick_Handler
    startup_stm32h747xx_cm7.o(RESET) refers to stm32h7xx_it.o(i.USART1_IRQHandler) for USART1_IRQHandler
    startup_stm32h747xx_cm7.o(RESET) refers to lcd_display.o(i.DSI_IRQHandler) for DSI_IRQHandler
    startup_stm32h747xx_cm7.o(.text) refers to main.o(i.ExitRun0Mode) for ExitRun0Mode
    startup_stm32h747xx_cm7.o(.text) refers to system_stm32h7xx_dualcore_boot_cm4_cm7.o(i.SystemInit) for SystemInit
    startup_stm32h747xx_cm7.o(.text) refers to entry.o(.ARM.Collect$$$$00000000) for __main
    main.o(i.HAL_UART_RxCpltCallback) refers to main.o(i.USART_StartRxByte) for USART_StartRxByte
    main.o(i.HAL_UART_RxCpltCallback) refers to main.o(.data) for .data
    main.o(i.MPU_Config) refers to stm32h7xx_hal_cortex.o(i.HAL_MPU_Disable) for HAL_MPU_Disable
    main.o(i.MPU_Config) refers to stm32h7xx_hal_cortex.o(i.HAL_MPU_ConfigRegion) for HAL_MPU_ConfigRegion
    main.o(i.MPU_Config) refers to stm32h7xx_hal_cortex.o(i.HAL_MPU_Enable) for HAL_MPU_Enable
    main.o(i.SystemClock_Config) refers to memseta.o(.text) for __aeabi_memclr4
    main.o(i.SystemClock_Config) refers to stm32h7xx_hal_pwr_ex.o(i.HAL_PWREx_ConfigSupply) for HAL_PWREx_ConfigSupply
    main.o(i.SystemClock_Config) refers to stm32h7xx_hal_rcc.o(i.HAL_RCC_OscConfig) for HAL_RCC_OscConfig
    main.o(i.SystemClock_Config) refers to stm32h7xx_hal_rcc.o(i.HAL_RCC_ClockConfig) for HAL_RCC_ClockConfig
    main.o(i.USART_StartRxByte) refers to stm32h7xx_hal_uart.o(i.HAL_UART_Receive_IT) for HAL_UART_Receive_IT
    main.o(i.USART_StartRxByte) refers to main.o(.data) for .data
    main.o(i.USART_StartRxByte) refers to usart.o(.bss) for huart1
    main.o(i.main) refers to main.o(i.MPU_Config) for MPU_Config
    main.o(i.main) refers to stm32h7xx_hal.o(i.HAL_Init) for HAL_Init
    main.o(i.main) refers to main.o(i.SystemClock_Config) for SystemClock_Config
    main.o(i.main) refers to stm32h7xx_hal_hsem.o(i.HAL_HSEM_FastTake) for HAL_HSEM_FastTake
    main.o(i.main) refers to stm32h7xx_hal_hsem.o(i.HAL_HSEM_Release) for HAL_HSEM_Release
    main.o(i.main) refers to gpio.o(i.MX_GPIO_Init) for MX_GPIO_Init
    main.o(i.main) refers to usart.o(i.MX_USART1_UART_Init) for MX_USART1_UART_Init
    main.o(i.main) refers to stm32h747i_discovery.o(i.BSP_LED_Init) for BSP_LED_Init
    main.o(i.main) refers to stm32h747i_discovery_sdram.o(i.BSP_SDRAM_Init) for BSP_SDRAM_Init
    main.o(i.main) refers to lcd_display.o(i.LCD_Init) for LCD_Init
    main.o(i.main) refers to lcd_display.o(i.LCD_LayertInit) for LCD_LayertInit
    main.o(i.main) refers to stm32_lcd.o(i.UTIL_LCD_SetFuncDriver) for UTIL_LCD_SetFuncDriver
    main.o(i.main) refers to lcd_display.o(i.LCD_BriefDisplay) for LCD_BriefDisplay
    main.o(i.main) refers to lcd_display.o(i.CopyBuffer) for CopyBuffer
    main.o(i.main) refers to stm32h7xx_hal_dsi.o(i.HAL_DSI_Refresh) for HAL_DSI_Refresh
    main.o(i.main) refers to app_x-cube-ai.o(i.STM32CubeAI_Studio_AI_Init) for STM32CubeAI_Studio_AI_Init
    main.o(i.main) refers to main.o(i.USART_StartRxByte) for USART_StartRxByte
    main.o(i.main) refers to printf6.o(i.__0sprintf$6) for __2sprintf
    main.o(i.main) refers to stm32_lcd.o(i.UTIL_LCD_DisplayStringAtLine) for UTIL_LCD_DisplayStringAtLine
    main.o(i.main) refers to ai_detection.o(i.ai_preprocess) for ai_preprocess
    main.o(i.main) refers to app_x-cube-ai.o(i.aiRun) for aiRun
    main.o(i.main) refers to ai_detection.o(i.ai_postprocess) for ai_postprocess
    main.o(i.main) refers to ai_detection.o(i.ai_draw_detections) for ai_draw_detections
    main.o(i.main) refers to stm32_lcd.o(i.UTIL_LCD_SetBackColor) for UTIL_LCD_SetBackColor
    main.o(i.main) refers to stm32_lcd.o(i.UTIL_LCD_SetTextColor) for UTIL_LCD_SetTextColor
[...]
    DMA2_Stream6_IRQHandler                  0x080002cb   Thumb Code     0  startup_stm32h747xx_cm7.o(.text)
    DMA2_Stream7_IRQHandler                  0x080002cb   Thumb Code     0  startup_stm32h747xx_cm7.o(.text)
    DMAMUX1_OVR_IRQHandler                   0x080002cb   Thumb Code     0  startup_stm32h747xx_cm7.o(.text)
    DMAMUX2_OVR_IRQHandler                   0x080002cb   Thumb Code     0  startup_stm32h747xx_cm7.o(.text)
    ECC_IRQHandler                           0x080002cb   Thumb Code     0  startup_stm32h747xx_cm7.o(.text)
    ETH_IRQHandler                           0x080002cb   Thumb Code     0  startup_stm32h747xx_cm7.o(.text)
    ETH_WKUP_IRQHandler                      0x080002cb   Thumb Code     0  startup_stm32h747xx_cm7.o(.text)
    EXTI0_IRQHandler                         0x080002cb   Thumb Code     0  startup_stm32h747xx_cm7.o(.text)
    EXTI15_10_IRQHandler                     0x080002cb   Thumb Code     0  startup_stm32h747xx_cm7.o(.text)
    EXTI1_IRQHandler                         0x080002cb   Thumb Code     0  startup_stm32h747xx_cm7.o(.text)
    EXTI2_IRQHandler                         0x080002cb   Thumb Code     0  startup_stm32h747xx_cm7.o(.text)
    EXTI3_IRQHandler                         0x080002cb   Thumb Code     0  startup_stm32h747xx_cm7.o(.text)
    EXTI4_IRQHandler                         0x080002cb   Thumb Code     0  startup_stm32h747xx_cm7.o(.text)
    EXTI9_5_IRQHandler                       0x080002cb   Thumb Code     0  startup_stm32h747xx_cm7.o(.text)
    FDCAN1_IT0_IRQHandler                    0x080002cb   Thumb Code     0  startup_stm32h747xx_cm7.o(.text)
    FDCAN1_IT1_IRQHandler                    0x080002cb   Thumb Code     0  startup_stm32h747xx_cm7.o(.text)
    FDCAN2_IT0_IRQHandler                    0x080002cb   Thumb Code     0  startup_stm32h747xx_cm7.o(.text)
    FDCAN2_IT1_IRQHandler                    0x080002cb   Thumb Code     0  startup_stm32h747xx_cm7.o(.text)
    FDCAN_CAL_IRQHandler                     0x080002cb   Thumb Code     0  startup_stm32h747xx_cm7.o(.text)
    FLASH_IRQHandler                         0x080002cb   Thumb Code     0  startup_stm32h747xx_cm7.o(.text)
    FMC_IRQHandler                           0x080002cb   Thumb Code     0  startup_stm32h747xx_cm7.o(.text)
    FPU_IRQHandler                           0x080002cb   Thumb Code     0  startup_stm32h747xx_cm7.o(.text)
    HOLD_CORE_IRQHandler                     0x080002cb   Thumb Code     0  startup_stm32h747xx_cm7.o(.text)
    HRTIM1_FLT_IRQHandler                    0x080002cb   Thumb Code     0  startup_stm32h747xx_cm7.o(.text)
    HRTIM1_Master_IRQHandler                 0x080002cb   Thumb Code     0  startup_stm32h747xx_cm7.o(.text)
    HRTIM1_TIMA_IRQHandler                   0x080002cb   Thumb Code     0  startup_stm32h747xx_cm7.o(.text)
    HRTIM1_TIMB_IRQHandler                   0x080002cb   Thumb Code     0  startup_stm32h747xx_cm7.o(.text)
    HRTIM1_TIMC_IRQHandler                   0x080002cb   Thumb Code     0  startup_stm32h747xx_cm7.o(.text)
    HRTIM1_TIMD_IRQHandler                   0x080002cb   Thumb Code     0  startup_stm32h747xx_cm7.o(.text)
    HRTIM1_TIME_IRQHandler                   0x080002cb   Thumb Code     0  startup_stm32h747xx_cm7.o(.text)
    HSEM1_IRQHandler                         0x080002cb   Thumb Code     0  startup_stm32h747xx_cm7.o(.text)
    HSEM2_IRQHandler                         0x080002cb   Thumb Code     0  startup_stm32h747xx_cm7.o(.text)
    I2C1_ER_IRQHandler                       0x080002cb   Thumb Code     0  startup_stm32h747xx_cm7.o(.text)
    I2C1_EV_IRQHandler                       0x080002cb   Thumb Code     0  startup_stm32h747xx_cm7.o(.text)
    I2C2_ER_IRQHandler                       0x080002cb   Thumb Code     0  startup_stm32h747xx_cm7.o(.text)
    I2C2_EV_IRQHandler                       0x080002cb   Thumb Code     0  startup_stm32h747xx_cm7.o(.text)
    I2C3_ER_IRQHandler                       0x080002cb   Thumb Code     0  startup_stm32h747xx_cm7.o(.text)
    I2C3_EV_IRQHandler                       0x080002cb   Thumb Code     0  startup_stm32h747xx_cm7.o(.text)
    I2C4_ER_IRQHandler                       0x080002cb   Thumb Code     0  startup_stm32h747xx_cm7.o(.text)
    I2C4_EV_IRQHandler                       0x080002cb   Thumb Code     0  startup_stm32h747xx_cm7.o(.text)
    JPEG_IRQHandler                          0x080002cb   Thumb Code     0  startup_stm32h747xx_cm7.o(.text)
    LPTIM1_IRQHandler                        0x080002cb   Thumb Code     0  startup_stm32h747xx_cm7.o(.text)
    LPTIM2_IRQHandler                        0x080002cb   Thumb Code     0  startup_stm32h747xx_cm7.o(.text)
    LPTIM3_IRQHandler                        0x080002cb   Thumb Code     0  startup_stm32h747xx_cm7.o(.text)
    LPTIM4_IRQHandler                        0x080002cb   Thumb Code     0  startup_stm32h747xx_cm7.o(.text)
    LPTIM5_IRQHandler                        0x080002cb   Thumb Code     0  startup_stm32h747xx_cm7.o(.text)
    LPUART1_IRQHandler                       0x080002cb   Thumb Code     0  startup_stm32h747xx_cm7.o(.text)
    LTDC_ER_IRQHandler                       0x080002cb   Thumb Code     0  startup_stm32h747xx_cm7.o(.text)
    LTDC_IRQHandler                          0x080002cb   Thumb Code     0  startup_stm32h747xx_cm7.o(.text)
    MDIOS_IRQHandler                         0x080002cb   Thumb Code     0  startup_stm32h747xx_cm7.o(.text)
    MDIOS_WKUP_IRQHandler                    0x080002cb   Thumb Code     0  startup_stm32h747xx_cm7.o(.text)
    MDMA_IRQHandler                          0x080002cb   Thumb Code     0  startup_stm32h747xx_cm7.o(.text)
    OTG_FS_EP1_IN_IRQHandler                 0x080002cb   Thumb Code     0  startup_stm32h747xx_cm7.o(.text)
    OTG_FS_EP1_OUT_IRQHandler                0x080002cb   Thumb Code     0  startup_stm32h747xx_cm7.o(.text)
    OTG_FS_IRQHandler                        0x080002cb   Thumb Code     0  startup_stm32h747xx_cm7.o(.text)
    OTG_FS_WKUP_IRQHandler                   0x080002cb   Thumb Code     0  startup_stm32h747xx_cm7.o(.text)
    OTG_HS_EP1_IN_IRQHandler                 0x080002cb   Thumb Code     0  startup_stm32h747xx_cm7.o(.text)
    OTG_HS_EP1_OUT_IRQHandler                0x080002cb   Thumb Code     0  startup_stm32h747xx_cm7.o(.text)
    OTG_HS_IRQHandler                        0x080002cb   Thumb Code     0  startup_stm32h747xx_cm7.o(.text)
    OTG_HS_WKUP_IRQHandler                   0x080002cb   Thumb Code     0  startup_stm32h747xx_cm7.o(.text)
    PVD_AVD_IRQHandler                       0x080002cb   Thumb Code     0  startup_stm32h747xx_cm7.o(.text)
    QUADSPI_IRQHandler                       0x080002cb   Thumb Code     0  startup_stm32h747xx_cm7.o(.text)
    RCC_IRQHandler                           0x080002cb   Thumb Code     0  startup_stm32h747xx_cm7.o(.text)
    RNG_IRQHandler                           0x080002cb   Thumb Code     0  startup_stm32h747xx_cm7.o(.text)
    RTC_Alarm_IRQHandler                     0x080002cb   Thumb Code     0  startup_stm32h747xx_cm7.o(.text)
    RTC_WKUP_IRQHandler                      0x080002cb   Thumb Code     0  startup_stm32h747xx_cm7.o(.text)
    SAI1_IRQHandler                          0x080002cb   Thumb Code     0  startup_stm32h747xx_cm7.o(.text)
    SAI2_IRQHandler                          0x080002cb   Thumb Code     0  startup_stm32h747xx_cm7.o(.text)
    SAI3_IRQHandler                          0x080002cb   Thumb Code     0  startup_stm32h747xx_cm7.o(.text)
    SAI4_IRQHandler                          0x080002cb   Thumb Code     0  startup_stm32h747xx_cm7.o(.text)
    SDMMC1_IRQHandler                        0x080002cb   Thumb Code     0  startup_stm32h747xx_cm7.o(.text)
    SDMMC2_IRQHandler                        0x080002cb   Thumb Code     0  startup_stm32h747xx_cm7.o(.text)
    SPDIF_RX_IRQHandler                      0x080002cb   Thumb Code     0  startup_stm32h747xx_cm7.o(.text)
    SPI1_IRQHandler                          0x080002cb   Thumb Code     0  startup_stm32h747xx_cm7.o(.text)
    SPI2_IRQHandler                          0x080002cb   Thumb Code     0  startup_stm32h747xx_cm7.o(.text)
    SPI3_IRQHandler                          0x080002cb   Thumb Code     0  startup_stm32h747xx_cm7.o(.text)
    SPI4_IRQHandler                          0x080002cb   Thumb Code     0  startup_stm32h747xx_cm7.o(.text)
    SPI5_IRQHandler                          0x080002cb   Thumb Code     0  startup_stm32h747xx_cm7.o(.text)
    SPI6_IRQHandler                          0x080002cb   Thumb Code     0  startup_stm32h747xx_cm7.o(.text)
    SWPMI1_IRQHandler                        0x080002cb   Thumb Code     0  startup_stm32h747xx_cm7.o(.text)
    TAMP_STAMP_IRQHandler                    0x080002cb   Thumb Code     0  startup_stm32h747xx_cm7.o(.text)
    TIM15_IRQHandler                         0x080002cb   Thumb Code     0  startup_stm32h747xx_cm7.o(.text)
    TIM16_IRQHandler                         0x080002cb   Thumb Code     0  startup_stm32h747xx_cm7.o(.text)
    TIM17_IRQHandler                         0x080002cb   Thumb Code     0  startup_stm32h747xx_cm7.o(.text)
    TIM1_BRK_IRQHandler                      0x080002cb   Thumb Code     0  startup_stm32h747xx_cm7.o(.text)
    TIM1_CC_IRQHandler                       0x080002cb   Thumb Code     0  startup_stm32h747xx_cm7.o(.text)
    TIM1_TRG_COM_IRQHandler                  0x080002cb   Thumb Code     0  startup_stm32h747xx_cm7.o(.text)
    TIM1_UP_IRQHandler                       0x080002cb   Thumb Code     0  startup_stm32h747xx_cm7.o(.text)
    TIM2_IRQHandler                          0x080002cb   Thumb Code     0  startup_stm32h747xx_cm7.o(.text)
    TIM3_IRQHandler                          0x080002cb   Thumb Code     0  startup_stm32h747xx_cm7.o(.text)
    TIM4_IRQHandler                          0x080002cb   Thumb Code     0  startup_stm32h747xx_cm7.o(.text)
    TIM5_IRQHandler                          0x080002cb   Thumb Code     0  startup_stm32h747xx_cm7.o(.text)
    TIM6_DAC_IRQHandler                      0x080002cb   Thumb Code     0  startup_stm32h747xx_cm7.o(.text)
    TIM7_IRQHandler                          0x080002cb   Thumb Code     0  startup_stm32h747xx_cm7.o(.text)
    TIM8_BRK_TIM12_IRQHandler                0x080002cb   Thumb Code     0  startup_stm32h747xx_cm7.o(.text)
    TIM8_CC_IRQHandler                       0x080002cb   Thumb Code     0  startup_stm32h747xx_cm7.o(.text)
    TIM8_TRG_COM_TIM14_IRQHandler            0x080002cb   Thumb Code     0  startup_stm32h747xx_cm7.o(.text)
    TIM8_UP_TIM13_IRQHandler                 0x080002cb   Thumb Code     0  startup_stm32h747xx_cm7.o(.text)
    UART4_IRQHandler                         0x080002cb   Thumb Code     0  startup_stm32h747xx_cm7.o(.text)
    UART5_IRQHandler                         0x080002cb   Thumb Code     0  startup_stm32h747xx_cm7.o(.text)
    UART7_IRQHandler                         0x080002cb   Thumb Code     0  startup_stm32h747xx_cm7.o(.text)
    UART8_IRQHandler                         0x080002cb   Thumb Code     0  startup_stm32h747xx_cm7.o(.text)
    USART2_IRQHandler                        0x080002cb   Thumb Code     0  startup_stm32h747xx_cm7.o(.text)
    USART3_IRQHandler                        0x080002cb   Thumb Code     0  startup_stm32h747xx_cm7.o(.text)
    USART6_IRQHandler                        0x080002cb   Thumb Code     0  startup_stm32h747xx_cm7.o(.text)
    WAKEUP_PIN_IRQHandler                    0x080002cb   Thumb Code     0  startup_stm32h747xx_cm7.o(.text)
    WWDG_IRQHandler                          0x080002cb   Thumb Code     0  startup_stm32h747xx_cm7.o(.text)
    WWDG_RST_IRQHandler                      0x080002cb   Thumb Code     0  startup_stm32h747xx_cm7.o(.text)
    __aeabi_uldivmod                         0x080002d9   Thumb Code    98  uldiv.o(.text)
    __aeabi_memcpy                           0x0800033b   Thumb Code    36  memcpya.o(.text)
    __aeabi_memcpy4                          0x0800033b   Thumb Code     0  memcpya.o(.text)
    __aeabi_memcpy8                          0x0800033b   Thumb Code     0  memcpya.o(.text)
    __aeabi_memset                           0x0800035f   Thumb Code    14  memseta.o(.text)
    __aeabi_memset4                          0x0800035f   Thumb Code     0  memseta.o(.text)
    __aeabi_memset8                          0x0800035f   Thumb Code     0  memseta.o(.text)
    __aeabi_memclr                           0x0800036d   Thumb Code     4  memseta.o(.text)
    __aeabi_memclr4                          0x0800036d   Thumb Code     0  memseta.o(.text)
    __aeabi_memclr8                          0x0800036d   Thumb Code     0  memseta.o(.text)
    _memset$wrapper                          0x08000371   Thumb Code    18  memseta.o(.text)
    __aeabi_uidiv                            0x08000383   Thumb Code     0  uidiv.o(.text)
    __aeabi_uidivmod                         0x08000383   Thumb Code    44  uidiv.o(.text)
    __aeabi_llsl                             0x080003af   Thumb Code    30  llshl.o(.text)
    _ll_shift_l                              0x080003af   Thumb Code     0  llshl.o(.text)
    __aeabi_llsr                             0x080003cd   Thumb Code    32  llushr.o(.text)
    _ll_ushift_r                             0x080003cd   Thumb Code     0  llushr.o(.text)
    __I$use$fp                               0x080003ed   Thumb Code     0  iusefp.o(.text)
    _float_round                             0x080003ed   Thumb Code    18  fepilogue.o(.text)
    _float_epilogue                          0x080003ff   Thumb Code    92  fepilogue.o(.text)
    _frnd                                    0x0800045b   Thumb Code    60  frnd.o(.text)
    __scatterload                            0x08000499   Thumb Code    28  init.o(.text)
    __scatterload_rt2                        0x08000499   Thumb Code     0  init.o(.text)
    __decompress                             0x080004bd   Thumb Code     0  __dczerorl2.o(.text)
    __decompress1                            0x080004bd   Thumb Code    86  __dczerorl2.o(.text)
    BSP_GetTick                              0x08000513   Thumb Code     4  stm32h747i_discovery_bus.o(i.BSP_GetTick)
    BSP_JOY_Callback                         0x08000517   Thumb Code     2  stm32h747i_discovery.o(i.BSP_JOY_Callback)
    BSP_LCD_DrawBitmap                       0x08000519   Thumb Code   242  stm32h747i_discovery_lcd.o(i.BSP_LCD_DrawBitmap)
    BSP_LCD_DrawHLine                        0x08000611   Thumb Code    88  stm32h747i_discovery_lcd.o(i.BSP_LCD_DrawHLine)
    BSP_LCD_DrawVLine                        0x0800066d   Thumb Code    86  stm32h747i_discovery_lcd.o(i.BSP_LCD_DrawVLine)
    BSP_LCD_FillRGBRect                      0x080006c9   Thumb Code    84  stm32h747i_discovery_lcd.o(i.BSP_LCD_FillRGBRect)
    BSP_LCD_FillRect                         0x08000721   Thumb Code    74  stm32h747i_discovery_lcd.o(i.BSP_LCD_FillRect)
    BSP_LCD_GetPixelFormat                   0x08000771   Thumb Code    20  stm32h747i_discovery_lcd.o(i.BSP_LCD_GetPixelFormat)
    BSP_LCD_ReadPixel                        0x08000789   Thumb Code    62  stm32h747i_discovery_lcd.o(i.BSP_LCD_ReadPixel)
    BSP_LCD_Reset                            0x080007cd   Thumb Code    82  stm32h747i_discovery_lcd.o(i.BSP_LCD_Reset)
    BSP_LCD_SetActiveLayer                   0x08000829   Thumb Code    18  stm32h747i_discovery_lcd.o(i.BSP_LCD_SetActiveLayer)
    BSP_LCD_WritePixel                       0x08000841   Thumb Code    60  stm32h747i_discovery_lcd.o(i.BSP_LCD_WritePixel)
    BSP_LED_Init                             0x08000881   Thumb Code    78  stm32h747i_discovery.o(i.BSP_LED_Init)
    BSP_PB_Callback                          0x080008dd   Thumb Code     2  stm32h747i_discovery.o(i.BSP_PB_Callback)
    BSP_SDRAM_Init                           0x080008e1   Thumb Code    82  stm32h747i_discovery_sdram.o(i.BSP_SDRAM_Init)
    BusFault_Handler                         0x08000943   Thumb Code     2  stm32h7xx_it.o(i.BusFault_Handler)
    CopyBuffer                               0x08000945   Thumb Code   122  lcd_display.o(i.CopyBuffer)
    DSI_IRQHandler                           0x08000ad9   Thumb Code     6  lcd_display.o(i.DSI_IRQHandler)
    DebugMon_Handler                         0x08000b2d   Thumb Code     2  stm32h7xx_it.o(i.DebugMon_Handler)
    Error_Handler                            0x08000c3d   Thumb Code     4  main.o(i.Error_Handler)
    ExitRun0Mode                             0x08000c41   Thumb Code     2  main.o(i.ExitRun0Mode)
    FMC_SDRAM_Init                           0x08000c43   Thumb Code   106  stm32h7xx_ll_fmc.o(i.FMC_SDRAM_Init)
    FMC_SDRAM_ProgramRefreshRate             0x08000cad   Thumb Code    18  stm32h7xx_ll_fmc.o(i.FMC_SDRAM_ProgramRefreshRate)
    FMC_SDRAM_SendCommand                    0x08000cbf   Thumb Code    38  stm32h7xx_ll_fmc.o(i.FMC_SDRAM_SendCommand)
    FMC_SDRAM_Timing_Init                    0x08000ce5   Thumb Code   164  stm32h7xx_ll_fmc.o(i.FMC_SDRAM_Timing_Init)
    HAL_DMA2D_ConfigLayer                    0x08000d95   Thumb Code   190  stm32h7xx_hal_dma2d.o(i.HAL_DMA2D_ConfigLayer)
    HAL_DMA2D_Init                           0x08000e5d   Thumb Code   130  stm32h7xx_hal_dma2d.o(i.HAL_DMA2D_Init)
    HAL_DMA2D_MspInit                        0x08000ee5   Thumb Code     2  stm32h7xx_hal_dma2d.o(i.HAL_DMA2D_MspInit)
    HAL_DMA2D_PollForTransfer                0x08000ee7   Thumb Code   270  stm32h7xx_hal_dma2d.o(i.HAL_DMA2D_PollForTransfer)
    HAL_DMA2D_Start                          0x08000ff5   Thumb Code    52  stm32h7xx_hal_dma2d.o(i.HAL_DMA2D_Start)
    HAL_DMA_Abort                            0x08001029   Thumb Code   836  stm32h7xx_hal_dma.o(i.HAL_DMA_Abort)
    HAL_DMA_Abort_IT                         0x08001389   Thumb Code   498  stm32h7xx_hal_dma.o(i.HAL_DMA_Abort_IT)
    HAL_DSI_ConfigAdaptedCommandMode         0x080015a5   Thumb Code   272  stm32h7xx_hal_dsi.o(i.HAL_DSI_ConfigAdaptedCommandMode)
    HAL_DSI_ConfigCommand                    0x080016b5   Thumb Code   110  stm32h7xx_hal_dsi.o(i.HAL_DSI_ConfigCommand)
    HAL_DSI_ConfigFlowControl                0x08001729   Thumb Code    42  stm32h7xx_hal_dsi.o(i.HAL_DSI_ConfigFlowControl)
    HAL_DSI_ConfigPhyTimer                   0x08001753   Thumb Code   132  stm32h7xx_hal_dsi.o(i.HAL_DSI_ConfigPhyTimer)
    HAL_DSI_DeInit                           0x080017d7   Thumb Code   138  stm32h7xx_hal_dsi.o(i.HAL_DSI_DeInit)
    HAL_DSI_EndOfRefreshCallback             0x08001861   Thumb Code    16  lcd_display.o(i.HAL_DSI_EndOfRefreshCallback)
    HAL_DSI_ErrorCallback                    0x08001875   Thumb Code     2  stm32h7xx_hal_dsi.o(i.HAL_DSI_ErrorCallback)
    HAL_DSI_ForceRXLowPower                  0x08001877   Thumb Code    52  stm32h7xx_hal_dsi.o(i.HAL_DSI_ForceRXLowPower)
    HAL_DSI_IRQHandler                       0x080018ab   Thumb Code   236  stm32h7xx_hal_dsi.o(i.HAL_DSI_IRQHandler)
    HAL_DSI_Init                             0x08001999   Thumb Code   510  stm32h7xx_hal_dsi.o(i.HAL_DSI_Init)
    HAL_DSI_LongWrite                        0x08001ba1   Thumb Code   196  stm32h7xx_hal_dsi.o(i.HAL_DSI_LongWrite)
    HAL_DSI_MspDeInit                        0x08001c65   Thumb Code     2  stm32h7xx_hal_dsi.o(i.HAL_DSI_MspDeInit)
    HAL_DSI_MspInit                          0x08001c67   Thumb Code     2  stm32h7xx_hal_dsi.o(i.HAL_DSI_MspInit)
    HAL_DSI_Read                             0x08001c69   Thumb Code   236  stm32h7xx_hal_dsi.o(i.HAL_DSI_Read)
    HAL_DSI_Refresh                          0x08001d55   Thumb Code    36  stm32h7xx_hal_dsi.o(i.HAL_DSI_Refresh)
    HAL_DSI_ShortWrite                       0x08001d79   Thumb Code    34  stm32h7xx_hal_dsi.o(i.HAL_DSI_ShortWrite)
    HAL_DSI_Start                            0x08001d9b   Thumb Code    68  stm32h7xx_hal_dsi.o(i.HAL_DSI_Start)
    HAL_DSI_TearingEffectCallback            0x08001ddf   Thumb Code     2  stm32h7xx_hal_dsi.o(i.HAL_DSI_TearingEffectCallback)
    HAL_Delay                                0x08001de1   Thumb Code    32  stm32h7xx_hal.o(i.HAL_Delay)
    HAL_GPIO_Init                            0x08001e05   Thumb Code   514  stm32h7xx_hal_gpio.o(i.HAL_GPIO_Init)
    HAL_GPIO_WritePin                        0x08002039   Thumb Code    10  stm32h7xx_hal_gpio.o(i.HAL_GPIO_WritePin)
    HAL_GetREVID                             0x08002045   Thumb Code     8  stm32h7xx_hal.o(i.HAL_GetREVID)
    HAL_GetTick                              0x08002051   Thumb Code     6  stm32h7xx_hal.o(i.HAL_GetTick)
    HAL_HSEM_FastTake                        0x0800205d   Thumb Code    24  stm32h7xx_hal_hsem.o(i.HAL_HSEM_FastTake)
    HAL_HSEM_Release                         0x0800207d   Thumb Code    16  stm32h7xx_hal_hsem.o(i.HAL_HSEM_Release)
    HAL_IncTick                              0x08002091   Thumb Code    12  stm32h7xx_hal.o(i.HAL_IncTick)
    HAL_Init                                 0x080020a1   Thumb Code    74  stm32h7xx_hal.o(i.HAL_Init)
    HAL_InitTick                             0x080020fd   Thumb Code    56  stm32h7xx_hal.o(i.HAL_InitTick)
    HAL_LTDC_ConfigLayer                     0x0800213d   Thumb Code    82  stm32h7xx_hal_ltdc.o(i.HAL_LTDC_ConfigLayer)
    HAL_LTDC_DeInit                          0x0800218f   Thumb Code   106  stm32h7xx_hal_ltdc.o(i.HAL_LTDC_DeInit)
    HAL_LTDC_Init                            0x080021f9   Thumb Code   192  stm32h7xx_hal_ltdc.o(i.HAL_LTDC_Init)
    HAL_LTDC_MspDeInit                       0x080022b9   Thumb Code     2  stm32h7xx_hal_ltdc.o(i.HAL_LTDC_MspDeInit)
    HAL_LTDC_MspInit                         0x080022bb   Thumb Code     2  stm32h7xx_hal_ltdc.o(i.HAL_LTDC_MspInit)
    HAL_MDMA_DeInit                          0x080022bd   Thumb Code    86  stm32h7xx_hal_mdma.o(i.HAL_MDMA_DeInit)
    HAL_MDMA_Init                            0x08002313   Thumb Code    94  stm32h7xx_hal_mdma.o(i.HAL_MDMA_Init)
    HAL_MPU_ConfigRegion                     0x08002371   Thumb Code    86  stm32h7xx_hal_cortex.o(i.HAL_MPU_ConfigRegion)
    HAL_MPU_Disable                          0x080023cd   Thumb Code    24  stm32h7xx_hal_cortex.o(i.HAL_MPU_Disable)
    HAL_MPU_Enable                           0x080023e9   Thumb Code    30  stm32h7xx_hal_cortex.o(i.HAL_MPU_Enable)
    HAL_MspInit                              0x0800240d   Thumb Code    22  stm32h7xx_hal_msp.o(i.HAL_MspInit)
    HAL_NVIC_EnableIRQ                       0x08002429   Thumb Code    26  stm32h7xx_hal_cortex.o(i.HAL_NVIC_EnableIRQ)
    HAL_NVIC_SetPriority                     0x08002445   Thumb Code    60  stm32h7xx_hal_cortex.o(i.HAL_NVIC_SetPriority)
    HAL_NVIC_SetPriorityGrouping             0x08002485   Thumb Code    28  stm32h7xx_hal_cortex.o(i.HAL_NVIC_SetPriorityGrouping)
    HAL_PWREx_ConfigSupply                   0x080024a9   Thumb Code   128  stm32h7xx_hal_pwr_ex.o(i.HAL_PWREx_ConfigSupply)
    HAL_RCCEx_GetD3PCLK1Freq                 0x0800252d   Thumb Code    26  stm32h7xx_hal_rcc_ex.o(i.HAL_RCCEx_GetD3PCLK1Freq)
    HAL_RCCEx_GetPLL2ClockFreq               0x08002551   Thumb Code   296  stm32h7xx_hal_rcc_ex.o(i.HAL_RCCEx_GetPLL2ClockFreq)
    HAL_RCCEx_GetPLL3ClockFreq               0x08002695   Thumb Code   296  stm32h7xx_hal_rcc_ex.o(i.HAL_RCCEx_GetPLL3ClockFreq)
    HAL_RCCEx_PeriphCLKConfig                0x080027d9   Thumb Code  2524  stm32h7xx_hal_rcc_ex.o(i.HAL_RCCEx_PeriphCLKConfig)
    HAL_RCC_ClockConfig                      0x080031b9   Thumb Code   580  stm32h7xx_hal_rcc.o(i.HAL_RCC_ClockConfig)
    HAL_RCC_GetHCLKFreq                      0x08003415   Thumb Code    52  stm32h7xx_hal_rcc.o(i.HAL_RCC_GetHCLKFreq)
    HAL_RCC_GetPCLK1Freq                     0x08003459   Thumb Code    26  stm32h7xx_hal_rcc.o(i.HAL_RCC_GetPCLK1Freq)
    HAL_RCC_GetPCLK2Freq                     0x0800347d   Thumb Code    26  stm32h7xx_hal_rcc.o(i.HAL_RCC_GetPCLK2Freq)
    HAL_RCC_GetSysClockFreq                  0x080034a1   Thumb Code   278  stm32h7xx_hal_rcc.o(i.HAL_RCC_GetSysClockFreq)
    HAL_RCC_OscConfig                        0x080035d9   Thumb Code  1410  stm32h7xx_hal_rcc.o(i.HAL_RCC_OscConfig)
    HAL_SDRAM_Init                           0x08003b5d   Thumb Code    76  stm32h7xx_hal_sdram.o(i.HAL_SDRAM_Init)
    HAL_SDRAM_MspInit                        0x08003bad   Thumb Code     2  stm32h7xx_hal_sdram.o(i.HAL_SDRAM_MspInit)
    HAL_SDRAM_ProgramRefreshRate             0x08003baf   Thumb Code    46  stm32h7xx_hal_sdram.o(i.HAL_SDRAM_ProgramRefreshRate)
    HAL_SDRAM_SendCommand                    0x08003bdd   Thumb Code    60  stm32h7xx_hal_sdram.o(i.HAL_SDRAM_SendCommand)
    HAL_SYSTICK_Config                       0x08003c19   Thumb Code    38  stm32h7xx_hal_cortex.o(i.HAL_SYSTICK_Config)
    HAL_UARTEx_DisableFifoMode               0x08003c3f   Thumb Code    64  stm32h7xx_hal_uart_ex.o(i.HAL_UARTEx_DisableFifoMode)
    HAL_UARTEx_RxEventCallback               0x08003c7f   Thumb Code     2  stm32h7xx_hal_uart.o(i.HAL_UARTEx_RxEventCallback)
    HAL_UARTEx_RxFifoFullCallback            0x08003c81   Thumb Code     2  stm32h7xx_hal_uart_ex.o(i.HAL_UARTEx_RxFifoFullCallback)
    HAL_UARTEx_SetRxFifoThreshold            0x08003c83   Thumb Code    76  stm32h7xx_hal_uart_ex.o(i.HAL_UARTEx_SetRxFifoThreshold)
    HAL_UARTEx_SetTxFifoThreshold            0x08003ccf   Thumb Code    76  stm32h7xx_hal_uart_ex.o(i.HAL_UARTEx_SetTxFifoThreshold)
    HAL_UARTEx_TxFifoEmptyCallback           0x08003d1b   Thumb Code     2  stm32h7xx_hal_uart_ex.o(i.HAL_UARTEx_TxFifoEmptyCallback)
    HAL_UARTEx_WakeupCallback                0x08003d1d   Thumb Code     2  stm32h7xx_hal_uart_ex.o(i.HAL_UARTEx_WakeupCallback)
    HAL_UART_ErrorCallback                   0x08003d1f   Thumb Code     2  stm32h7xx_hal_uart.o(i.HAL_UART_ErrorCallback)
    HAL_UART_IRQHandler                      0x08003d21   Thumb Code   898  stm32h7xx_hal_uart.o(i.HAL_UART_IRQHandler)
    HAL_UART_Init                            0x080040bd   Thumb Code   106  stm32h7xx_hal_uart.o(i.HAL_UART_Init)
    HAL_UART_MspInit                         0x08004129   Thumb Code   138  usart.o(i.HAL_UART_MspInit)
    HAL_UART_Receive_IT                      0x080041c1   Thumb Code    66  stm32h7xx_hal_uart.o(i.HAL_UART_Receive_IT)
    HAL_UART_RxCpltCallback                  0x08004209   Thumb Code   202  main.o(i.HAL_UART_RxCpltCallback)
    HAL_UART_TxCpltCallback                  0x080042e5   Thumb Code     2  stm32h7xx_hal_uart.o(i.HAL_UART_TxCpltCallback)
    HardFault_Handler                        0x080042e7   Thumb Code     2  stm32h7xx_it.o(i.HardFault_Handler)
    IS42S32800J_ClockEnable                  0x080042e9   Thumb Code    34  is42s32800j.o(i.IS42S32800J_ClockEnable)
    IS42S32800J_Init                         0x08004311   Thumb Code    88  is42s32800j.o(i.IS42S32800J_Init)
    IS42S32800J_ModeRegConfig                0x08004369   Thumb Code    64  is42s32800j.o(i.IS42S32800J_ModeRegConfig)
    IS42S32800J_Precharge                    0x080043ad   Thumb Code    36  is42s32800j.o(i.IS42S32800J_Precharge)
    IS42S32800J_RefreshMode                  0x080043d5   Thumb Code    32  is42s32800j.o(i.IS42S32800J_RefreshMode)
    IS42S32800J_RefreshRate                  0x080043f9   Thumb Code    16  is42s32800j.o(i.IS42S32800J_RefreshRate)
    LCD_BriefDisplay                         0x08004445   Thumb Code    98  lcd_display.o(i.LCD_BriefDisplay)
    LCD_GetXSize                             0x08004559   Thumb Code    10  lcd_display.o(i.LCD_GetXSize)
    LCD_GetYSize                             0x08004569   Thumb Code    10  lcd_display.o(i.LCD_GetYSize)
    LCD_Init                                 0x08004579   Thumb Code   328  lcd_display.o(i.LCD_Init)
    LCD_LayertInit                           0x080046d9   Thumb Code    70  lcd_display.o(i.LCD_LayertInit)
    MX_GPIO_Init                             0x08004c45   Thumb Code    86  gpio.o(i.MX_GPIO_Init)
    MX_SDRAM_Init                            0x08004ca5   Thumb Code    86  stm32h747i_discovery_sdram.o(i.MX_SDRAM_Init)
    MX_USART1_UART_Init                      0x08004d05   Thumb Code    94  usart.o(i.MX_USART1_UART_Init)
    MemManage_Handler                        0x08004d6d   Thumb Code     2  stm32h7xx_it.o(i.MemManage_Handler)
    NMI_Handler                              0x08004d6f   Thumb Code     2  stm32h7xx_it.o(i.NMI_Handler)
    OTM8009A_Init                            0x08004d8d   Thumb Code  1684  otm8009a.o(i.OTM8009A_Init)
    OTM8009A_RegisterBusIO                   0x0800543d   Thumb Code    38  otm8009a.o(i.OTM8009A_RegisterBusIO)
    PendSV_Handler                           0x0800547b   Thumb Code     2  stm32h7xx_it.o(i.PendSV_Handler)
    STM32CubeAI_Studio_AI_Init               0x08005825   Thumb Code     4  app_x-cube-ai.o(i.STM32CubeAI_Studio_AI_Init)
    SVC_Handler                              0x08005829   Thumb Code     2  stm32h7xx_it.o(i.SVC_Handler)
    SysTick_Handler                          0x0800582b   Thumb Code     4  stm32h7xx_it.o(i.SysTick_Handler)
    SystemClock_Config                       0x08005831   Thumb Code   158  main.o(i.SystemClock_Config)
    SystemInit                               0x080058d9   Thumb Code   208  system_stm32h7xx_dualcore_boot_cm4_cm7.o(i.SystemInit)
    UART_AdvFeatureConfig                    0x08005a15   Thumb Code   200  stm32h7xx_hal_uart.o(i.UART_AdvFeatureConfig)
    UART_CheckIdleState                      0x08005add   Thumb Code   170  stm32h7xx_hal_uart.o(i.UART_CheckIdleState)
    UART_SetConfig                           0x080060b5   Thumb Code   876  stm32h7xx_hal_uart.o(i.UART_SetConfig)
    UART_Start_Receive_IT                    0x08006461   Thumb Code   256  stm32h7xx_hal_uart.o(i.UART_Start_Receive_IT)
    UART_WaitOnFlagUntilTimeout              0x08006571   Thumb Code   148  stm32h7xx_hal_uart.o(i.UART_WaitOnFlagUntilTimeout)
    USART1_IRQHandler                        0x08006605   Thumb Code     6  stm32h7xx_it.o(i.USART1_IRQHandler)
    UTIL_LCD_DisplayChar                     0x08006625   Thumb Code    38  stm32_lcd.o(i.UTIL_LCD_DisplayChar)
    UTIL_LCD_DisplayStringAt                 0x08006651   Thumb Code   140  stm32_lcd.o(i.UTIL_LCD_DisplayStringAt)
    UTIL_LCD_DisplayStringAtLine             0x080066e1   Thumb Code    26  stm32_lcd.o(i.UTIL_LCD_DisplayStringAtLine)
    UTIL_LCD_FillRGBRect                     0x080066fd   Thumb Code    30  stm32_lcd.o(i.UTIL_LCD_FillRGBRect)
    UTIL_LCD_FillRect                        0x08006721   Thumb Code    72  stm32_lcd.o(i.UTIL_LCD_FillRect)
    UTIL_LCD_GetFont                         0x0800676d   Thumb Code    12  stm32_lcd.o(i.UTIL_LCD_GetFont)
    UTIL_LCD_SetBackColor                    0x0800677d   Thumb Code    12  stm32_lcd.o(i.UTIL_LCD_SetBackColor)
    UTIL_LCD_SetFont                         0x0800678d   Thumb Code    12  stm32_lcd.o(i.UTIL_LCD_SetFont)
    UTIL_LCD_SetFuncDriver                   0x0800679d   Thumb Code    88  stm32_lcd.o(i.UTIL_LCD_SetFuncDriver)
    UTIL_LCD_SetTextColor                    0x080067f9   Thumb Code    12  stm32_lcd.o(i.UTIL_LCD_SetTextColor)
    UsageFault_Handler                       0x08006809   Thumb Code     2  stm32h7xx_it.o(i.UsageFault_Handler)
    __0sprintf$6                             0x0800680d   Thumb Code    34  printf6.o(i.__0sprintf$6)
    __1sprintf$6                             0x0800680d   Thumb Code     0  printf6.o(i.__0sprintf$6)
    __2sprintf                               0x0800680d   Thumb Code     0  printf6.o(i.__0sprintf$6)
    __ARM_fpclassifyf                        0x08006835   Thumb Code    38  fpclassifyf.o(i.__ARM_fpclassifyf)
    __hardfp_expf                            0x0800687d   Thumb Code   426  expf.o(i.__hardfp_expf)
    __mathlib_expf                           0x0800687d   Thumb Code     0  expf.o(i.__hardfp_expf)
    __hardfp_roundf                          0x08006a71   Thumb Code   154  roundf.o(i.__hardfp_roundf)
    __mathlib_flt_infnan                     0x08006b11   Thumb Code     6  funder.o(i.__mathlib_flt_infnan)
    __mathlib_flt_overflow                   0x08006b19   Thumb Code    10  funder.o(i.__mathlib_flt_overflow)
    __mathlib_flt_underflow                  0x08006b29   Thumb Code    10  funder.o(i.__mathlib_flt_underflow)
    __scatterload_copy                       0x08006b39   Thumb Code    14  handlers.o(i.__scatterload_copy)
    __scatterload_null                       0x08006b47   Thumb Code     2  handlers.o(i.__scatterload_null)
    __scatterload_zeroinit                   0x08006b49   Thumb Code    14  handlers.o(i.__scatterload_zeroinit)
    __set_errno                              0x08006b59   Thumb Code     6  errno.o(i.__set_errno)
    aiInit                                   0x0800707d   Thumb Code    72  app_x-cube-ai.o(i.aiInit)
    aiRun                                    0x080070cd   Thumb Code    26  app_x-cube-ai.o(i.aiRun)
    ai_draw_detections                       0x080070ed   Thumb Code   284  ai_detection.o(i.ai_draw_detections)
    ai_postprocess                           0x0800720d   Thumb Code   852  ai_detection.o(i.ai_postprocess)
    ai_preprocess                            0x08007571   Thumb Code   168  ai_detection.o(i.ai_preprocess)
    ai_sum_buffer_f32                        0x08007635   Thumb Code    30  ai_math_helpers.o(i.ai_sum_buffer_f32)
    ai_sum_f32                               0x08007653   Thumb Code    18  ai_math_helpers.o(i.ai_sum_f32)
    core_compute_offsets                     0x08007665   Thumb Code   348  core_utils.o(i.core_compute_offsets)
    core_get_broadcasted_shape               0x080077c5   Thumb Code    96  core_utils.o(i.core_get_broadcasted_shape)
    forward_eltwise                          0x08007825   Thumb Code   586  layers_generic_float.o(i.forward_eltwise)
    forward_lite_conv2d_if32of32wf32         0x08007a75   Thumb Code   338  forward_lite_conv2d_if32of32wf32.o(i.forward_lite_conv2d_if32of32wf32)
    forward_lite_dw_if32of32wf32             0x08007bcd   Thumb Code   190  forward_lite_conv2d_if32of32wf32.o(i.forward_lite_dw_if32of32wf32)
    forward_lite_eltwise_node_269            0x08007c8d   Thumb Code   138  network.o(i.forward_lite_eltwise_node_269)
    forward_lite_eltwise_node_279            0x08007d31   Thumb Code   136  network.o(i.forward_lite_eltwise_node_279)
    forward_lite_mp_node_216                 0x08007dd1   Thumb Code   110  network.o(i.forward_lite_mp_node_216)
    forward_lite_mp_node_233                 0x08007e55   Thumb Code   110  network.o(i.forward_lite_mp_node_233)
    forward_lite_mp_node_242                 0x08007ed9   Thumb Code   110  network.o(i.forward_lite_mp_node_242)
    forward_lite_mp_node_251                 0x08007f59   Thumb Code   118  network.o(i.forward_lite_mp_node_251)
    forward_lite_nl_relu_if32of32            0x08007fe1   Thumb Code    36  lite_nl_generic_float.o(i.forward_lite_nl_relu_if32of32)
    forward_lite_nl_sigmoid_if32of32         0x08008009   Thumb Code    60  lite_nl_generic_float.o(i.forward_lite_nl_sigmoid_if32of32)
    forward_lite_transpose_input_Transpose   0x08008045   Thumb Code   112  network.o(i.forward_lite_transpose_input_Transpose)
    forward_lite_upsample_nearest            0x080080c5   Thumb Code   352  forward_lite_upsample_generic.o(i.forward_lite_upsample_nearest)
    forward_lite_upsample_nearest_node_268   0x08008225   Thumb Code   116  network.o(i.forward_lite_upsample_nearest_node_268)
    forward_lite_upsample_nearest_node_278   0x080082ad   Thumb Code   114  network.o(i.forward_lite_upsample_nearest_node_278)
    forward_mp                               0x08008339   Thumb Code   336  layers_pool_generic_float.o(i.forward_mp)
    forward_transpose                        0x08008489   Thumb Code    76  layers_generic_float.o(i.forward_transpose)
    forward_upsample_nearest                 0x080084d5   Thumb Code   164  layers_upsample_generic.o(i.forward_upsample_nearest)
    main                                     0x08008825   Thumb Code   732  main.o(i.main)
    otm8009a_write_reg                       0x08008b85   Thumb Code    14  otm8009a_reg.o(i.otm8009a_write_reg)
    pool_func_mp_kernel_array_f32            0x08008b93   Thumb Code    52  layers_pool_generic_float.o(i.pool_func_mp_kernel_array_f32)
    st_int8_copy                             0x08008bc9   Thumb Code   132  st_int8_fill.o(i.st_int8_copy)
    stai_network_get_error                   0x08008c4d   Thumb Code    40  network.o(i.stai_network_get_error)
    stai_network_get_inputs                  0x08008c79   Thumb Code    64  network.o(i.stai_network_get_inputs)
    stai_network_get_outputs                 0x08008cc1   Thumb Code    86  network.o(i.stai_network_get_outputs)
    stai_network_init                        0x08008d21   Thumb Code    58  network.o(i.stai_network_init)
    stai_network_run                         0x08008d65   Thumb Code 11446  network.o(i.stai_network_run)
    stai_network_set_activations             0x0800ba21   Thumb Code   272  network.o(i.stai_network_set_activations)
    stai_runtime_init                        0x0800bb41   Thumb Code     4  stai_internal.o(i.stai_runtime_init)
    user_stai_network_init                   0x0800bb45   Thumb Code     4  user_init.o(i.user_stai_network_init)
    face_img_0                               0x0800bb48   Data       307200  main.o(.constdata)
    face_img_1                               0x08056b48   Data       307200  main.o(.constdata)
    LCD_UTIL_Driver                          0x080a1b48   Data          44  main.o(.constdata)
    yu_strides                               0x080a1b74   Data          12  ai_detection.o(.constdata)
    yu_grid_sizes                            0x080a1b80   Data          12  ai_detection.o(.constdata)
    UARTPrescTable                           0x080a1b8c   Data          24  stm32h7xx_hal_uart.o(.constdata)
    D1CorePrescTable                         0x080a1bb4   Data          16  system_stm32h7xx_dualcore_boot_cm4_cm7.o(.constdata)
    Font24_Table                             0x080a1d4c   Data        6840  stm32_lcd.o(.constdata)
    Font16_Table                             0x080a3804   Data        3040  stm32_lcd.o(.constdata)
    g_network_weights_array                  0x080a4db0   Data       295360  network_data.o(.constdata)
    Region$$Table$$Base                      0x080ed23c   Number         0  anon$$obj.o(Region$$Table)
    Region$$Table$$Limit                     0x080ed26c   Number         0  anon$$obj.o(Region$$Table)
    pending_buffer                           0x20000040   Data           4  lcd_display.o(.data)
    uwTickFreq                               0x20000048   Data           1  stm32h7xx_hal.o(.data)
    uwTickPrio                               0x2000004c   Data           4  stm32h7xx_hal.o(.data)
    uwTick                                   0x20000050   Data           4  stm32h7xx_hal.o(.data)
    SystemCoreClock                          0x20000054   Data           4  system_stm32h7xx_dualcore_boot_cm4_cm7.o(.data)
    SystemD2Clock                            0x20000058   Data           4  system_stm32h7xx_dualcore_boot_cm4_cm7.o(.data)
    COM_USART                                0x20000060   Data           4  stm32h747i_discovery.o(.data)
    hpb_exti                                 0x20000074   Data           8  stm32h747i_discovery.o(.data)
    Font24                                   0x200000c8   Data           8  stm32_lcd.o(.data)
    Font16                                   0x200000d0   Data           8  stm32_lcd.o(.data)
    in_length                                0x200000d8   Data           4  app_x-cube-ai.o(.data)
    out_length                               0x200000dc   Data           4  app_x-cube-ai.o(.data)
    stai_input                               0x200000e0   Data           4  app_x-cube-ai.o(.data)
    data_activations                         0x200000e4   Data           8  app_x-cube-ai.o(.data)
    My_String                                0x200009ac   Data          80  main.o(.bss)
    huart1                                   0x20000de4   Data         148  usart.o(.bss)
    hlcd_dsi                                 0x2000109c   Data          28  stm32h747i_discovery_lcd.o(.bss)
    hlcd_dma2d                               0x200010b8   Data         104  stm32h747i_discovery_lcd.o(.bss)
    hlcd_ltdc                                0x20001120   Data         168  stm32h747i_discovery_lcd.o(.bss)
    Lcd_Ctx                                  0x200011c8   Data          28  stm32h747i_discovery_lcd.o(.bss)
    hsdram                                   0x200012dc   Data          52  stm32h747i_discovery_sdram.o(.bss)
    network_context                          0x20001380   Data          96  app_x-cube-ai.o(.bss)
    stai_output                              0x200013e0   Data          48  app_x-cube-ai.o(.bss)
    __initial_sp                             0x20001850   Data           0  startup_stm32h747xx_cm7.o(STACK)



==============================================================================

Memory Map of the image

  Image Entry point : 0x08000299

  Load Region LR_IROM1 (Base: 0x08000000, Size: 0x000fc4c4, Max: 0x00100000, ABSOLUTE, COMPRESSED[0x000ed74c])

    Execution Region ER_IROM1 (Exec base: 0x08000000, Load base: 0x08000000, Size: 0x000ed26c, Max: 0x00100000, ABSOLUTE)

    Exec Addr    Load Addr    Size         Type   Attr      Idx    E Section Name        Object

    0x08000000   0x08000000   0x00000298   Data   RO            3    RESET               startup_stm32h747xx_cm7.o
    0x08000298   0x08000298   0x00000000   Code   RO         9445  * .ARM.Collect$$$$00000000  mc_w.l(entry.o)
    0x08000298   0x08000298   0x00000004   Code   RO         9785    .ARM.Collect$$$$00000001  mc_w.l(entry2.o)
    0x0800029c   0x0800029c   0x00000004   Code   RO         9788    .ARM.Collect$$$$00000004  mc_w.l(entry5.o)
    0x080002a0   0x080002a0   0x00000000   Code   RO         9790    .ARM.Collect$$$$00000008  mc_w.l(entry7b.o)
    0x080002a0   0x080002a0   0x00000000   Code   RO         9792    .ARM.Collect$$$$0000000A  mc_w.l(entry8b.o)
    0x080002a0   0x080002a0   0x00000008   Code   RO         9793    .ARM.Collect$$$$0000000B  mc_w.l(entry9a.o)
    0x080002a8   0x080002a8   0x00000000   Code   RO         9795    .ARM.Collect$$$$0000000D  mc_w.l(entry10a.o)
    0x080002a8   0x080002a8   0x00000000   Code   RO         9797    .ARM.Collect$$$$0000000F  mc_w.l(entry11a.o)
    0x080002a8   0x080002a8   0x00000004   Code   RO         9786    .ARM.Collect$$$$00002712  mc_w.l(entry2.o)
    0x080002ac   0x080002ac   0x0000002c   Code   RO            4    .text               startup_stm32h747xx_cm7.o
    0x080002d8   0x080002d8   0x00000062   Code   RO         9448    .text               mc_w.l(uldiv.o)
    0x0800033a   0x0800033a   0x00000024   Code   RO         9450    .text               mc_w.l(memcpya.o)
    0x0800035e   0x0800035e   0x00000024   Code   RO         9452    .text               mc_w.l(memseta.o)
    0x08000382   0x08000382   0x0000002c   Code   RO         9800    .text               mc_w.l(uidiv.o)
    0x080003ae   0x080003ae   0x0000001e   Code   RO         9802    .text               mc_w.l(llshl.o)
    0x080003cc   0x080003cc   0x00000020   Code   RO         9804    .text               mc_w.l(llushr.o)
    0x080003ec   0x080003ec   0x00000000   Code   RO         9815    .text               mc_w.l(iusefp.o)
    0x080003ec   0x080003ec   0x0000006e   Code   RO         9816    .text               mf_w.l(fepilogue.o)
    0x0800045a   0x0800045a   0x0000003c   Code   RO         9818    .text               mf_w.l(frnd.o)
    0x08000496   0x08000496   0x00000002   PAD
    0x08000498   0x08000498   0x00000024   Code   RO         9832    .text               mc_w.l(init.o)
    0x080004bc   0x080004bc   0x00000056   Code   RO         9846    .text               mc_w.l(__dczerorl2.o)
    0x08000512   0x08000512   0x00000004   Code   RO         6258    i.BSP_GetTick       stm32h747i_discovery_bus.o
    0x08000516   0x08000516   0x00000002   Code   RO         6059    i.BSP_JOY_Callback  stm32h747i_discovery.o
    0x08000518   0x08000518   0x000000f8   Code   RO         6373    i.BSP_LCD_DrawBitmap  stm32h747i_discovery_lcd.o
    0x08000610   0x08000610   0x0000005c   Code   RO         6374    i.BSP_LCD_DrawHLine  stm32h747i_discovery_lcd.o
    0x0800066c   0x0800066c   0x0000005c   Code   RO         6375    i.BSP_LCD_DrawVLine  stm32h747i_discovery_lcd.o
    0x080006c8   0x080006c8   0x00000058   Code   RO         6376    i.BSP_LCD_FillRGBRect  stm32h747i_discovery_lcd.o
    0x08000720   0x08000720   0x00000050   Code   RO         6377    i.BSP_LCD_FillRect  stm32h747i_discovery_lcd.o
    0x08000770   0x08000770   0x00000018   Code   RO         6379    i.BSP_LCD_GetPixelFormat  stm32h747i_discovery_lcd.o
    0x08000788   0x08000788   0x00000044   Code   RO         6385    i.BSP_LCD_ReadPixel  stm32h747i_discovery_lcd.o
    0x080007cc   0x080007cc   0x0000005c   Code   RO         6387    i.BSP_LCD_Reset     stm32h747i_discovery_lcd.o
    0x08000828   0x08000828   0x00000018   Code   RO         6389    i.BSP_LCD_SetActiveLayer  stm32h747i_discovery_lcd.o
    0x08000840   0x08000840   0x00000040   Code   RO         6396    i.BSP_LCD_WritePixel  stm32h747i_discovery_lcd.o
    0x08000880   0x08000880   0x0000005c   Code   RO         6066    i.BSP_LED_Init      stm32h747i_discovery.o
    0x080008dc   0x080008dc   0x00000002   Code   RO         6070    i.BSP_PB_Callback   stm32h747i_discovery.o
    0x080008de   0x080008de   0x00000002   PAD
    0x080008e0   0x080008e0   0x00000058   Code   RO         6654    i.BSP_SDRAM_Init    stm32h747i_discovery_sdram.o
    0x08000938   0x08000938   0x0000000a   Code   RO         6075    i.BUTTON_WAKEUP_EXTI_Callback  stm32h747i_discovery.o
    0x08000942   0x08000942   0x00000002   Code   RO          410    i.BusFault_Handler  stm32h7xx_it.o
    0x08000944   0x08000944   0x00000084   Code   RO          545    i.CopyBuffer        lcd_display.o
    0x080009c8   0x080009c8   0x0000009c   Code   RO         4167    i.DMA2D_SetConfig   stm32h7xx_hal_dma2d.o
    0x08000a64   0x08000a64   0x00000014   Code   RO         4376    i.DSI_ConfigPacketHeader  stm32h7xx_hal_dsi.o
    0x08000a78   0x08000a78   0x00000024   Code   RO          546    i.DSI_IO_Read       lcd_display.o
    0x08000a9c   0x08000a9c   0x0000003c   Code   RO          547    i.DSI_IO_Write      lcd_display.o
    0x08000ad8   0x08000ad8   0x0000000c   Code   RO          548    i.DSI_IRQHandler    lcd_display.o
    0x08000ae4   0x08000ae4   0x00000048   Code   RO         4377    i.DSI_ShortWrite    stm32h7xx_hal_dsi.o
    0x08000b2c   0x08000b2c   0x00000002   Code   RO          411    i.DebugMon_Handler  stm32h7xx_it.o
    0x08000b2e   0x08000b2e   0x00000002   PAD
    0x08000b30   0x08000b30   0x0000010c   Code   RO         6708    i.DrawChar          stm32_lcd.o
    0x08000c3c   0x08000c3c   0x00000004   Code   RO           13    i.Error_Handler     main.o
    0x08000c40   0x08000c40   0x00000002   Code   RO           14    i.ExitRun0Mode      main.o
    0x08000c42   0x08000c42   0x0000006a   Code   RO         5129    i.FMC_SDRAM_Init    stm32h7xx_ll_fmc.o
    0x08000cac   0x08000cac   0x00000012   Code   RO         5130    i.FMC_SDRAM_ProgramRefreshRate  stm32h7xx_ll_fmc.o
    0x08000cbe   0x08000cbe   0x00000026   Code   RO         5131    i.FMC_SDRAM_SendCommand  stm32h7xx_ll_fmc.o
    0x08000ce4   0x08000ce4   0x000000b0   Code   RO         5133    i.FMC_SDRAM_Timing_Init  stm32h7xx_ll_fmc.o
    0x08000d94   0x08000d94   0x000000c8   Code   RO         4181    i.HAL_DMA2D_ConfigLayer  stm32h7xx_hal_dma2d.o
    0x08000e5c   0x08000e5c   0x00000088   Code   RO         4189    i.HAL_DMA2D_Init    stm32h7xx_hal_dma2d.o
    0x08000ee4   0x08000ee4   0x00000002   Code   RO         4192    i.HAL_DMA2D_MspInit  stm32h7xx_hal_dma2d.o
    0x08000ee6   0x08000ee6   0x0000010e   Code   RO         4193    i.HAL_DMA2D_PollForTransfer  stm32h7xx_hal_dma2d.o
    0x08000ff4   0x08000ff4   0x00000034   Code   RO         4196    i.HAL_DMA2D_Start   stm32h7xx_hal_dma2d.o
    0x08001028   0x08001028   0x00000360   Code   RO         2018    i.HAL_DMA_Abort     stm32h7xx_hal_dma.o
    0x08001388   0x08001388   0x0000021c   Code   RO         2019    i.HAL_DMA_Abort_IT  stm32h7xx_hal_dma.o
    0x080015a4   0x080015a4   0x00000110   Code   RO         4379    i.HAL_DSI_ConfigAdaptedCommandMode  stm32h7xx_hal_dsi.o
    0x080016b4   0x080016b4   0x00000074   Code   RO         4380    i.HAL_DSI_ConfigCommand  stm32h7xx_hal_dsi.o
    0x08001728   0x08001728   0x0000002a   Code   RO         4382    i.HAL_DSI_ConfigFlowControl  stm32h7xx_hal_dsi.o
    0x08001752   0x08001752   0x00000084   Code   RO         4384    i.HAL_DSI_ConfigPhyTimer  stm32h7xx_hal_dsi.o
    0x080017d6   0x080017d6   0x0000008a   Code   RO         4386    i.HAL_DSI_DeInit    stm32h7xx_hal_dsi.o
    0x08001860   0x08001860   0x00000014   Code   RO          549    i.HAL_DSI_EndOfRefreshCallback  lcd_display.o
    0x08001874   0x08001874   0x00000002   Code   RO         4390    i.HAL_DSI_ErrorCallback  stm32h7xx_hal_dsi.o
    0x08001876   0x08001876   0x00000034   Code   RO         4394    i.HAL_DSI_ForceRXLowPower  stm32h7xx_hal_dsi.o
    0x080018aa   0x080018aa   0x000000ec   Code   RO         4398    i.HAL_DSI_IRQHandler  stm32h7xx_hal_dsi.o
    0x08001996   0x08001996   0x00000002   PAD
    0x08001998   0x08001998   0x00000208   Code   RO         4399    i.HAL_DSI_Init      stm32h7xx_hal_dsi.o
    0x08001ba0   0x08001ba0   0x000000c4   Code   RO         4400    i.HAL_DSI_LongWrite  stm32h7xx_hal_dsi.o
    0x08001c64   0x08001c64   0x00000002   Code   RO         4401    i.HAL_DSI_MspDeInit  stm32h7xx_hal_dsi.o
    0x08001c66   0x08001c66   0x00000002   Code   RO         4402    i.HAL_DSI_MspInit   stm32h7xx_hal_dsi.o
    0x08001c68   0x08001c68   0x000000ec   Code   RO         4405    i.HAL_DSI_Read      stm32h7xx_hal_dsi.o
    0x08001d54   0x08001d54   0x00000024   Code   RO         4406    i.HAL_DSI_Refresh   stm32h7xx_hal_dsi.o
    0x08001d78   0x08001d78   0x00000022   Code   RO         4415    i.HAL_DSI_ShortWrite  stm32h7xx_hal_dsi.o
    0x08001d9a   0x08001d9a   0x00000044   Code   RO         4417    i.HAL_DSI_Start     stm32h7xx_hal_dsi.o
    0x08001dde   0x08001dde   0x00000002   Code   RO         4419    i.HAL_DSI_TearingEffectCallback  stm32h7xx_hal_dsi.o
    0x08001de0   0x08001de0   0x00000024   Code   RO         2745    i.HAL_Delay         stm32h7xx_hal.o
    0x08001e04   0x08001e04   0x00000234   Code   RO         1866    i.HAL_GPIO_Init     stm32h7xx_hal_gpio.o
    0x08002038   0x08002038   0x0000000a   Code   RO         1870    i.HAL_GPIO_WritePin  stm32h7xx_hal_gpio.o
    0x08002042   0x08002042   0x00000002   PAD
    0x08002044   0x08002044   0x0000000c   Code   RO         2764    i.HAL_GetREVID      stm32h7xx_hal.o
    0x08002050   0x08002050   0x0000000c   Code   RO         2765    i.HAL_GetTick       stm32h7xx_hal.o
    0x0800205c   0x0800205c   0x00000020   Code   RO         1931    i.HAL_HSEM_FastTake  stm32h7xx_hal_hsem.o
    0x0800207c   0x0800207c   0x00000014   Code   RO         1936    i.HAL_HSEM_Release  stm32h7xx_hal_hsem.o
    0x08002090   0x08002090   0x00000010   Code   RO         2771    i.HAL_IncTick       stm32h7xx_hal.o
    0x080020a0   0x080020a0   0x0000005c   Code   RO         2772    i.HAL_Init          stm32h7xx_hal.o
    0x080020fc   0x080020fc   0x00000040   Code   RO         2773    i.HAL_InitTick      stm32h7xx_hal.o
    0x0800213c   0x0800213c   0x00000052   Code   RO         4659    i.HAL_LTDC_ConfigLayer  stm32h7xx_hal_ltdc.o
    0x0800218e   0x0800218e   0x0000006a   Code   RO         4661    i.HAL_LTDC_DeInit   stm32h7xx_hal_ltdc.o
    0x080021f8   0x080021f8   0x000000c0   Code   RO         4676    i.HAL_LTDC_Init     stm32h7xx_hal_ltdc.o
    0x080022b8   0x080022b8   0x00000002   Code   RO         4678    i.HAL_LTDC_MspDeInit  stm32h7xx_hal_ltdc.o
    0x080022ba   0x080022ba   0x00000002   Code   RO         4679    i.HAL_LTDC_MspInit  stm32h7xx_hal_ltdc.o
    0x080022bc   0x080022bc   0x00000056   Code   RO         2203    i.HAL_MDMA_DeInit   stm32h7xx_hal_mdma.o
    0x08002312   0x08002312   0x0000005e   Code   RO         2208    i.HAL_MDMA_Init     stm32h7xx_hal_mdma.o
    0x08002370   0x08002370   0x0000005c   Code   RO          639    i.HAL_MPU_ConfigRegion  stm32h7xx_hal_cortex.o
    0x080023cc   0x080023cc   0x0000001c   Code   RO          640    i.HAL_MPU_Disable   stm32h7xx_hal_cortex.o
    0x080023e8   0x080023e8   0x00000024   Code   RO          642    i.HAL_MPU_Enable    stm32h7xx_hal_cortex.o
    0x0800240c   0x0800240c   0x0000001c   Code   RO          491    i.HAL_MspInit       stm32h7xx_hal_msp.o
    0x08002428   0x08002428   0x0000001a   Code   RO          646    i.HAL_NVIC_EnableIRQ  stm32h7xx_hal_cortex.o
    0x08002442   0x08002442   0x00000002   PAD
    0x08002444   0x08002444   0x00000040   Code   RO          652    i.HAL_NVIC_SetPriority  stm32h7xx_hal_cortex.o
    0x08002484   0x08002484   0x00000024   Code   RO          653    i.HAL_NVIC_SetPriorityGrouping  stm32h7xx_hal_cortex.o
    0x080024a8   0x080024a8   0x00000084   Code   RO         2468    i.HAL_PWREx_ConfigSupply  stm32h7xx_hal_pwr_ex.o
    0x0800252c   0x0800252c   0x00000024   Code   RO         1482    i.HAL_RCCEx_GetD3PCLK1Freq  stm32h7xx_hal_rcc_ex.o
    0x08002550   0x08002550   0x00000144   Code   RO         1484    i.HAL_RCCEx_GetPLL2ClockFreq  stm32h7xx_hal_rcc_ex.o
    0x08002694   0x08002694   0x00000144   Code   RO         1485    i.HAL_RCCEx_GetPLL3ClockFreq  stm32h7xx_hal_rcc_ex.o
    0x080027d8   0x080027d8   0x000009e0   Code   RO         1491    i.HAL_RCCEx_PeriphCLKConfig  stm32h7xx_hal_rcc_ex.o
    0x080031b8   0x080031b8   0x0000025c   Code   RO         1366    i.HAL_RCC_ClockConfig  stm32h7xx_hal_rcc.o
    0x08003414   0x08003414   0x00000044   Code   RO         1371    i.HAL_RCC_GetHCLKFreq  stm32h7xx_hal_rcc.o
    0x08003458   0x08003458   0x00000024   Code   RO         1373    i.HAL_RCC_GetPCLK1Freq  stm32h7xx_hal_rcc.o
    0x0800347c   0x0800347c   0x00000024   Code   RO         1374    i.HAL_RCC_GetPCLK2Freq  stm32h7xx_hal_rcc.o
    0x080034a0   0x080034a0   0x00000138   Code   RO         1375    i.HAL_RCC_GetSysClockFreq  stm32h7xx_hal_rcc.o
    0x080035d8   0x080035d8   0x00000582   Code   RO         1378    i.HAL_RCC_OscConfig  stm32h7xx_hal_rcc.o
    0x08003b5a   0x08003b5a   0x00000002   PAD
    0x08003b5c   0x08003b5c   0x00000050   Code   RO         4949    i.HAL_SDRAM_Init    stm32h7xx_hal_sdram.o
    0x08003bac   0x08003bac   0x00000002   Code   RO         4951    i.HAL_SDRAM_MspInit  stm32h7xx_hal_sdram.o
    0x08003bae   0x08003bae   0x0000002e   Code   RO         4952    i.HAL_SDRAM_ProgramRefreshRate  stm32h7xx_hal_sdram.o
    0x08003bdc   0x08003bdc   0x0000003c   Code   RO         4958    i.HAL_SDRAM_SendCommand  stm32h7xx_hal_sdram.o
    0x08003c18   0x08003c18   0x00000026   Code   RO          657    i.HAL_SYSTICK_Config  stm32h7xx_hal_cortex.o
    0x08003c3e   0x08003c3e   0x00000040   Code   RO         1247    i.HAL_UARTEx_DisableFifoMode  stm32h7xx_hal_uart_ex.o
    0x08003c7e   0x08003c7e   0x00000002   Code   RO          836    i.HAL_UARTEx_RxEventCallback  stm32h7xx_hal_uart.o
    0x08003c80   0x08003c80   0x00000002   Code   RO         1255    i.HAL_UARTEx_RxFifoFullCallback  stm32h7xx_hal_uart_ex.o
    0x08003c82   0x08003c82   0x0000004c   Code   RO         1256    i.HAL_UARTEx_SetRxFifoThreshold  stm32h7xx_hal_uart_ex.o
    0x08003cce   0x08003cce   0x0000004c   Code   RO         1257    i.HAL_UARTEx_SetTxFifoThreshold  stm32h7xx_hal_uart_ex.o
    0x08003d1a   0x08003d1a   0x00000002   Code   RO         1259    i.HAL_UARTEx_TxFifoEmptyCallback  stm32h7xx_hal_uart_ex.o
    0x08003d1c   0x08003d1c   0x00000002   Code   RO         1260    i.HAL_UARTEx_WakeupCallback  stm32h7xx_hal_uart_ex.o
    0x08003d1e   0x08003d1e   0x00000002   Code   RO          852    i.HAL_UART_ErrorCallback  stm32h7xx_hal_uart.o
    0x08003d20   0x08003d20   0x0000039c   Code   RO          855    i.HAL_UART_IRQHandler  stm32h7xx_hal_uart.o
    0x080040bc   0x080040bc   0x0000006a   Code   RO          856    i.HAL_UART_Init     stm32h7xx_hal_uart.o
    0x08004126   0x08004126   0x00000002   PAD
    0x08004128   0x08004128   0x00000098   Code   RO          369    i.HAL_UART_MspInit  usart.o
    0x080041c0   0x080041c0   0x00000048   Code   RO          861    i.HAL_UART_Receive_IT  stm32h7xx_hal_uart.o
    0x08004208   0x08004208   0x000000dc   Code   RO           15    i.HAL_UART_RxCpltCallback  main.o
    0x080042e4   0x080042e4   0x00000002   Code   RO          868    i.HAL_UART_TxCpltCallback  stm32h7xx_hal_uart.o
    0x080042e6   0x080042e6   0x00000002   Code   RO          412    i.HardFault_Handler  stm32h7xx_it.o
    0x080042e8   0x080042e8   0x00000028   Code   RO         5970    i.IS42S32800J_ClockEnable  is42s32800j.o
    0x08004310   0x08004310   0x00000058   Code   RO         5973    i.IS42S32800J_Init  is42s32800j.o
    0x08004368   0x08004368   0x00000044   Code   RO         5974    i.IS42S32800J_ModeRegConfig  is42s32800j.o
    0x080043ac   0x080043ac   0x00000028   Code   RO         5975    i.IS42S32800J_Precharge  is42s32800j.o
    0x080043d4   0x080043d4   0x00000024   Code   RO         5976    i.IS42S32800J_RefreshMode  is42s32800j.o
    0x080043f8   0x080043f8   0x00000010   Code   RO         5977    i.IS42S32800J_RefreshRate  is42s32800j.o
    0x08004408   0x08004408   0x0000000c   Code   RO         6076    i.JOY1_DOWN_EXTI_Callback  stm32h747i_discovery.o
    0x08004414   0x08004414   0x0000000c   Code   RO         6077    i.JOY1_LEFT_EXTI_Callback  stm32h747i_discovery.o
    0x08004420   0x08004420   0x0000000c   Code   RO         6078    i.JOY1_RIGHT_EXTI_Callback  stm32h747i_discovery.o
    0x0800442c   0x0800442c   0x0000000c   Code   RO         6079    i.JOY1_SEL_EXTI_Callback  stm32h747i_discovery.o
    0x08004438   0x08004438   0x0000000c   Code   RO         6080    i.JOY1_UP_EXTI_Callback  stm32h747i_discovery.o
    0x08004444   0x08004444   0x00000114   Code   RO          550    i.LCD_BriefDisplay  lcd_display.o
    0x08004558   0x08004558   0x00000010   Code   RO          551    i.LCD_GetXSize      lcd_display.o
    0x08004568   0x08004568   0x00000010   Code   RO          552    i.LCD_GetYSize      lcd_display.o
    0x08004578   0x08004578   0x00000160   Code   RO          553    i.LCD_Init          lcd_display.o
    0x080046d8   0x080046d8   0x00000050   Code   RO          554    i.LCD_LayertInit    lcd_display.o
    0x08004728   0x08004728   0x000000a8   Code   RO          555    i.LCD_MspInit       lcd_display.o
    0x080047d0   0x080047d0   0x00000084   Code   RO         6403    i.LL_ConvertLineToRGB  stm32h747i_discovery_lcd.o
    0x08004854   0x08004854   0x000000b4   Code   RO         6404    i.LL_FillBuffer     stm32h747i_discovery_lcd.o
    0x08004908   0x08004908   0x00000060   Code   RO          556    i.LTDC_Init         lcd_display.o
    0x08004968   0x08004968   0x000001b0   Code   RO         4695    i.LTDC_SetConfig    stm32h7xx_hal_ltdc.o
    0x08004b18   0x08004b18   0x000000b0   Code   RO         2219    i.MDMA_Init         stm32h7xx_hal_mdma.o
    0x08004bc8   0x08004bc8   0x0000007a   Code   RO           16    i.MPU_Config        main.o
    0x08004c42   0x08004c42   0x00000002   PAD
    0x08004c44   0x08004c44   0x00000060   Code   RO          341    i.MX_GPIO_Init      gpio.o
    0x08004ca4   0x08004ca4   0x00000060   Code   RO         6656    i.MX_SDRAM_Init     stm32h747i_discovery_sdram.o
    0x08004d04   0x08004d04   0x00000068   Code   RO          370    i.MX_USART1_UART_Init  usart.o
    0x08004d6c   0x08004d6c   0x00000002   Code   RO          413    i.MemManage_Handler  stm32h7xx_it.o
    0x08004d6e   0x08004d6e   0x00000002   Code   RO          414    i.NMI_Handler       stm32h7xx_it.o
    0x08004d70   0x08004d70   0x0000001a   Code   RO         5314    i.OTM8009A_IO_Delay  otm8009a.o
    0x08004d8a   0x08004d8a   0x00000002   PAD
    0x08004d8c   0x08004d8c   0x000006a0   Code   RO         5315    i.OTM8009A_Init     otm8009a.o
    0x0800542c   0x0800542c   0x0000000e   Code   RO         5317    i.OTM8009A_ReadRegWrap  otm8009a.o
    0x0800543a   0x0800543a   0x00000002   PAD
    0x0800543c   0x0800543c   0x00000030   Code   RO         5318    i.OTM8009A_RegisterBusIO  otm8009a.o
    0x0800546c   0x0800546c   0x0000000e   Code   RO         5323    i.OTM8009A_WriteRegWrap  otm8009a.o
    0x0800547a   0x0800547a   0x00000002   Code   RO          415    i.PendSV_Handler    stm32h7xx_it.o
    0x0800547c   0x0800547c   0x00000120   Code   RO         1494    i.RCCEx_PLL2_Config  stm32h7xx_hal_rcc_ex.o
    0x0800559c   0x0800559c   0x00000120   Code   RO         1495    i.RCCEx_PLL3_Config  stm32h7xx_hal_rcc_ex.o
    0x080056bc   0x080056bc   0x00000168   Code   RO         6657    i.SDRAM_MspInit     stm32h747i_discovery_sdram.o
    0x08005824   0x08005824   0x00000004   Code   RO         6935    i.STM32CubeAI_Studio_AI_Init  app_x-cube-ai.o
    0x08005828   0x08005828   0x00000002   Code   RO          416    i.SVC_Handler       stm32h7xx_it.o
    0x0800582a   0x0800582a   0x00000004   Code   RO          417    i.SysTick_Handler   stm32h7xx_it.o
    0x0800582e   0x0800582e   0x00000002   PAD
    0x08005830   0x08005830   0x000000a8   Code   RO           17    i.SystemClock_Config  main.o
    0x080058d8   0x080058d8   0x000000f8   Code   RO         5265    i.SystemInit        system_stm32h7xx_dualcore_boot_cm4_cm7.o
    0x080059d0   0x080059d0   0x00000044   Code   RO         1261    i.UARTEx_SetNbDataToProcess  stm32h7xx_hal_uart_ex.o
    0x08005a14   0x08005a14   0x000000c8   Code   RO          870    i.UART_AdvFeatureConfig  stm32h7xx_hal_uart.o
    0x08005adc   0x08005adc   0x000000aa   Code   RO          871    i.UART_CheckIdleState  stm32h7xx_hal_uart.o
    0x08005b86   0x08005b86   0x0000000a   Code   RO          872    i.UART_DMAAbortOnError  stm32h7xx_hal_uart.o
    0x08005b90   0x08005b90   0x00000054   Code   RO          882    i.UART_EndRxTransfer  stm32h7xx_hal_uart.o
    0x08005be4   0x08005be4   0x000000c8   Code   RO          884    i.UART_RxISR_16BIT  stm32h7xx_hal_uart.o
    0x08005cac   0x08005cac   0x000001a0   Code   RO          885    i.UART_RxISR_16BIT_FIFOEN  stm32h7xx_hal_uart.o
    0x08005e4c   0x08005e4c   0x000000c8   Code   RO          886    i.UART_RxISR_8BIT   stm32h7xx_hal_uart.o
    0x08005f14   0x08005f14   0x000001a0   Code   RO          887    i.UART_RxISR_8BIT_FIFOEN  stm32h7xx_hal_uart.o
    0x080060b4   0x080060b4   0x000003ac   Code   RO          888    i.UART_SetConfig    stm32h7xx_hal_uart.o
    0x08006460   0x08006460   0x00000110   Code   RO          890    i.UART_Start_Receive_IT  stm32h7xx_hal_uart.o
    0x08006570   0x08006570   0x00000094   Code   RO          895    i.UART_WaitOnFlagUntilTimeout  stm32h7xx_hal_uart.o
    0x08006604   0x08006604   0x0000000c   Code   RO          418    i.USART1_IRQHandler  stm32h7xx_it.o
    0x08006610   0x08006610   0x00000014   Code   RO           18    i.USART_StartRxByte  main.o
    0x08006624   0x08006624   0x0000002c   Code   RO         6712    i.UTIL_LCD_DisplayChar  stm32_lcd.o
    0x08006650   0x08006650   0x00000090   Code   RO         6713    i.UTIL_LCD_DisplayStringAt  stm32_lcd.o
    0x080066e0   0x080066e0   0x0000001a   Code   RO         6714    i.UTIL_LCD_DisplayStringAtLine  stm32_lcd.o
    0x080066fa   0x080066fa   0x00000002   PAD
    0x080066fc   0x080066fc   0x00000024   Code   RO         6726    i.UTIL_LCD_FillRGBRect  stm32_lcd.o
    0x08006720   0x08006720   0x0000004c   Code   RO         6727    i.UTIL_LCD_FillRect  stm32_lcd.o
    0x0800676c   0x0800676c   0x00000010   Code   RO         6729    i.UTIL_LCD_GetFont  stm32_lcd.o
    0x0800677c   0x0800677c   0x00000010   Code   RO         6732    i.UTIL_LCD_SetBackColor  stm32_lcd.o
    0x0800678c   0x0800678c   0x00000010   Code   RO         6734    i.UTIL_LCD_SetFont  stm32_lcd.o
    0x0800679c   0x0800679c   0x0000005c   Code   RO         6735    i.UTIL_LCD_SetFuncDriver  stm32_lcd.o
    0x080067f8   0x080067f8   0x00000010   Code   RO         6738    i.UTIL_LCD_SetTextColor  stm32_lcd.o
    0x08006808   0x08006808   0x00000002   Code   RO          419    i.UsageFault_Handler  stm32h7xx_it.o
    0x0800680a   0x0800680a   0x00000002   PAD
    0x0800680c   0x0800680c   0x00000028   Code   RO         9615    i.__0sprintf$6      mc_w.l(printf6.o)
    0x08006834   0x08006834   0x00000026   Code   RO         9759    i.__ARM_fpclassifyf  m_wv.l(fpclassifyf.o)
    0x0800685a   0x0800685a   0x00000022   Code   RO          659    i.__NVIC_SetPriority  stm32h7xx_hal_cortex.o
    0x0800687c   0x0800687c   0x000001f4   Code   RO         9321    i.__hardfp_expf     m_wv.l(expf.o)
    0x08006a70   0x08006a70   0x000000a0   Code   RO         9441    i.__hardfp_roundf   m_wv.l(roundf.o)
    0x08006b10   0x08006b10   0x00000006   Code   RO         9762    i.__mathlib_flt_infnan  m_wv.l(funder.o)
    0x08006b16   0x08006b16   0x00000002   PAD
    0x08006b18   0x08006b18   0x00000010   Code   RO         9765    i.__mathlib_flt_overflow  m_wv.l(funder.o)
    0x08006b28   0x08006b28   0x00000010   Code   RO         9767    i.__mathlib_flt_underflow  m_wv.l(funder.o)
    0x08006b38   0x08006b38   0x0000000e   Code   RO         9840    i.__scatterload_copy  mc_w.l(handlers.o)
    0x08006b46   0x08006b46   0x00000002   Code   RO         9841    i.__scatterload_null  mc_w.l(handlers.o)
    0x08006b48   0x08006b48   0x0000000e   Code   RO         9842    i.__scatterload_zeroinit  mc_w.l(handlers.o)
    0x08006b56   0x08006b56   0x00000002   PAD
    0x08006b58   0x08006b58   0x0000000c   Code   RO         9810    i.__set_errno       mc_w.l(errno.o)
    0x08006b64   0x08006b64   0x000002f0   Code   RO         9620    i._printf_core      mc_w.l(printf6.o)
    0x08006e54   0x08006e54   0x00000024   Code   RO         9621    i._printf_post_padding  mc_w.l(printf6.o)
    0x08006e78   0x08006e78   0x0000002e   Code   RO         9622    i._printf_pre_padding  mc_w.l(printf6.o)
    0x08006ea6   0x08006ea6   0x0000000a   Code   RO         9624    i._sputc            mc_w.l(printf6.o)
    0x08006eb0   0x08006eb0   0x0000005e   Code   RO         7074    i._stai_network_check  network.o
    0x08006f0e   0x08006f0e   0x00000002   PAD
    0x08006f10   0x08006f10   0x0000016c   Code   RO         8112    i._transpose_items  NetworkRuntime1201_CM7_Keil.lib(layers_generic_float.o)
    0x0800707c   0x0800707c   0x00000050   Code   RO         6939    i.aiInit            app_x-cube-ai.o
    0x080070cc   0x080070cc   0x00000020   Code   RO         6940    i.aiRun             app_x-cube-ai.o
    0x080070ec   0x080070ec   0x00000120   Code   RO          512    i.ai_draw_detections  ai_detection.o
    0x0800720c   0x0800720c   0x00000364   Code   RO          513    i.ai_postprocess    ai_detection.o
    0x08007570   0x08007570   0x000000a8   Code   RO          514    i.ai_preprocess     ai_detection.o
    0x08007618   0x08007618   0x0000001a   Code   RO         8113    i.ai_shape_get_size  NetworkRuntime1201_CM7_Keil.lib(layers_generic_float.o)
    0x08007632   0x08007632   0x00000002   PAD
    0x08007634   0x08007634   0x0000001e   Code   RO         8584    i.ai_sum_buffer_f32  NetworkRuntime1201_CM7_Keil.lib(ai_math_helpers.o)
    0x08007652   0x08007652   0x00000012   Code   RO         8591    i.ai_sum_f32        NetworkRuntime1201_CM7_Keil.lib(ai_math_helpers.o)
    0x08007664   0x08007664   0x00000160   Code   RO         8900    i.core_compute_offsets  NetworkRuntime1201_CM7_Keil.lib(core_utils.o)
    0x080077c4   0x080077c4   0x00000060   Code   RO         8901    i.core_get_broadcasted_shape  NetworkRuntime1201_CM7_Keil.lib(core_utils.o)
    0x08007824   0x08007824   0x00000250   Code   RO         8120    i.forward_eltwise   NetworkRuntime1201_CM7_Keil.lib(layers_generic_float.o)
    0x08007a74   0x08007a74   0x00000158   Code   RO         8217    i.forward_lite_conv2d_if32of32wf32  NetworkRuntime1201_CM7_Keil.lib(forward_lite_conv2d_if32of32wf32.o)
    0x08007bcc   0x08007bcc   0x000000be   Code   RO         8221    i.forward_lite_dw_if32of32wf32  NetworkRuntime1201_CM7_Keil.lib(forward_lite_conv2d_if32of32wf32.o)
    0x08007c8a   0x08007c8a   0x00000002   PAD
    0x08007c8c   0x08007c8c   0x000000a4   Code   RO         7075    i.forward_lite_eltwise_node_269  network.o
    0x08007d30   0x08007d30   0x000000a0   Code   RO         7076    i.forward_lite_eltwise_node_279  network.o
    0x08007dd0   0x08007dd0   0x00000084   Code   RO         7077    i.forward_lite_mp_node_216  network.o
    0x08007e54   0x08007e54   0x00000084   Code   RO         7078    i.forward_lite_mp_node_233  network.o
    0x08007ed8   0x08007ed8   0x00000080   Code   RO         7079    i.forward_lite_mp_node_242  network.o
    0x08007f58   0x08007f58   0x00000088   Code   RO         7080    i.forward_lite_mp_node_251  network.o
    0x08007fe0   0x08007fe0   0x00000028   Code   RO         8267    i.forward_lite_nl_relu_if32of32  NetworkRuntime1201_CM7_Keil.lib(lite_nl_generic_float.o)
    0x08008008   0x08008008   0x0000003c   Code   RO         8272    i.forward_lite_nl_sigmoid_if32of32  NetworkRuntime1201_CM7_Keil.lib(lite_nl_generic_float.o)
    0x08008044   0x08008044   0x00000080   Code   RO         7081    i.forward_lite_transpose_input_Transpose  network.o
    0x080080c4   0x080080c4   0x00000160   Code   RO         9023    i.forward_lite_upsample_nearest  NetworkRuntime1201_CM7_Keil.lib(forward_lite_upsample_generic.o)
    0x08008224   0x08008224   0x00000088   Code   RO         7082    i.forward_lite_upsample_nearest_node_268  network.o
    0x080082ac   0x080082ac   0x0000008c   Code   RO         7083    i.forward_lite_upsample_nearest_node_278  network.o
    0x08008338   0x08008338   0x00000150   Code   RO         8200    i.forward_mp        NetworkRuntime1201_CM7_Keil.lib(layers_pool_generic_float.o)
    0x08008488   0x08008488   0x0000004c   Code   RO         8144    i.forward_transpose  NetworkRuntime1201_CM7_Keil.lib(layers_generic_float.o)
    0x080084d4   0x080084d4   0x000000b4   Code   RO         8208    i.forward_upsample_nearest  NetworkRuntime1201_CM7_Keil.lib(layers_upsample_generic.o)
    0x08008588   0x08008588   0x0000012c   Code   RO         8223    i.fw_lite_conv2d_kernel_depthwise_f32  NetworkRuntime1201_CM7_Keil.lib(forward_lite_conv2d_if32of32wf32.o)
    0x080086b4   0x080086b4   0x0000016e   Code   RO         8225    i.fw_lite_conv2d_kernel_simple_opt_f32  NetworkRuntime1201_CM7_Keil.lib(forward_lite_conv2d_if32of32wf32.o)
    0x08008822   0x08008822   0x00000002   PAD
    0x08008824   0x08008824   0x00000360   Code   RO           19    i.main              main.o
    0x08008b84   0x08008b84   0x0000000e   Code   RO         5469    i.otm8009a_write_reg  otm8009a_reg.o
    0x08008b92   0x08008b92   0x00000034   Code   RO         8202    i.pool_func_mp_kernel_array_f32  NetworkRuntime1201_CM7_Keil.lib(layers_pool_generic_float.o)
    0x08008bc6   0x08008bc6   0x00000002   PAD
    0x08008bc8   0x08008bc8   0x00000084   Code   RO         9086    i.st_int8_copy      NetworkRuntime1201_CM7_Keil.lib(st_int8_fill.o)
    0x08008c4c   0x08008c4c   0x0000002c   Code   RO         7087    i.stai_network_get_error  network.o
    0x08008c78   0x08008c78   0x00000048   Code   RO         7088    i.stai_network_get_inputs  network.o
    0x08008cc0   0x08008cc0   0x00000060   Code   RO         7089    i.stai_network_get_outputs  network.o
    0x08008d20   0x08008d20   0x00000044   Code   RO         7092    i.stai_network_init  network.o
    0x08008d64   0x08008d64   0x00002cbc   Code   RO         7093    i.stai_network_run  network.o
    0x0800ba20   0x0800ba20   0x00000120   Code   RO         7094    i.stai_network_set_activations  network.o
    0x0800bb40   0x0800bb40   0x00000004   Code   RO         8094    i.stai_runtime_init  NetworkRuntime1201_CM7_Keil.lib(stai_internal.o)
    0x0800bb44   0x0800bb44   0x00000004   Code   RO         7034    i.user_stai_network_init  user_init.o
    0x0800bb48   0x0800bb48   0x0004b000   Data   RO           21    .constdata          main.o
    0x08056b48   0x08056b48   0x0004b000   Data   RO           22    .constdata          main.o
    0x080a1b48   0x080a1b48   0x0000002c   Data   RO           23    .constdata          main.o
    0x080a1b74   0x080a1b74   0x00000018   Data   RO          515    .constdata          ai_detection.o
    0x080a1b8c   0x080a1b8c   0x00000018   Data   RO          896    .constdata          stm32h7xx_hal_uart.o
    0x080a1ba4   0x080a1ba4   0x00000010   Data   RO         1262    .constdata          stm32h7xx_hal_uart_ex.o
    0x080a1bb4   0x080a1bb4   0x00000010   Data   RO         5266    .constdata          system_stm32h7xx_dualcore_boot_cm4_cm7.o
    0x080a1bc4   0x080a1bc4   0x00000147   Data   RO         5325    .constdata          otm8009a.o
    0x080a1d0b   0x080a1d0b   0x00000001   PAD
    0x080a1d0c   0x080a1d0c   0x00000040   Data   RO         6085    .constdata          stm32h747i_discovery.o
    0x080a1d4c   0x080a1d4c   0x00001ab8   Data   RO         6740    .constdata          stm32_lcd.o
    0x080a3804   0x080a3804   0x00000be0   Data   RO         6742    .constdata          stm32_lcd.o
    0x080a43e4   0x080a43e4   0x00000008   Data   RO         7384    .constdata          network.o
    0x080a43ec   0x080a43ec   0x00000008   Data   RO         7385    .constdata          network.o
    0x080a43f4   0x080a43f4   0x00000008   Data   RO         7386    .constdata          network.o
    0x080a43fc   0x080a43fc   0x00000008   Data   RO         7387    .constdata          network.o
    0x080a4404   0x080a4404   0x00000008   Data   RO         7388    .constdata          network.o
    0x080a440c   0x080a440c   0x00000010   Data   RO         7389    .constdata          network.o
    0x080a441c   0x080a441c   0x00000010   Data   RO         7390    .constdata          network.o
    0x080a442c   0x080a442c   0x00000008   Data   RO         7391    .constdata          network.o
    0x080a4434   0x080a4434   0x00000008   Data   RO         7392    .constdata          network.o
    0x080a443c   0x080a443c   0x00000010   Data   RO         7393    .constdata          network.o
    0x080a444c   0x080a444c   0x00000010   Data   RO         7394    .constdata          network.o
    0x080a445c   0x080a445c   0x00000008   Data   RO         7395    .constdata          network.o
    0x080a4464   0x080a4464   0x00000008   Data   RO         7396    .constdata          network.o
    0x080a446c   0x080a446c   0x00000004   PAD
    0x080a4470   0x080a4470   0x00000940   Data   RO         7397    .constdata          network.o
    0x080a4db0   0x080a4db0   0x000481c0   Data   RO         7874    .constdata          network_data.o
    0x080ecf70   0x080ecf70   0x00000280   Data   RO         8150    .constdata          NetworkRuntime1201_CM7_Keil.lib(layers_generic_float.o)
    0x080ed1f0   0x080ed1f0   0x0000001c   Data   RO         8906    .constdata          NetworkRuntime1201_CM7_Keil.lib(core_utils.o)
    0x080ed20c   0x080ed20c   0x00000030   Data   RO         9324    .constdata          m_wv.l(expf.o)
    0x080ed23c   0x080ed23c   0x00000030   Data   RO         9838    Region$$Table       anon$$obj.o


    Execution Region RW_IRAM1 (Exec base: 0x20000000, Load base: 0x080ed26c, Size: 0x00001850, Max: 0x00020000, ABSOLUTE, COMPRESSED[0x0000030c])

    Exec Addr    Load Addr    Size         Type   Attr      Idx    E Section Name        Object

    0x20000000   COMPRESSED   0x00000040   Data   RW           24    .data               main.o
    0x20000040   COMPRESSED   0x00000008   Data   RW          558    .data               lcd_display.o
    0x20000048   COMPRESSED   0x0000000c   Data   RW         2799    .data               stm32h7xx_hal.o
    0x20000054   COMPRESSED   0x00000008   Data   RW         5267    .data               system_stm32h7xx_dualcore_boot_cm4_cm7.o
    0x2000005c   COMPRESSED   0x0000006c   Data   RW         6086    .data               stm32h747i_discovery.o
    0x200000c8   COMPRESSED   0x00000008   Data   RW         6745    .data               stm32_lcd.o
    0x200000d0   COMPRESSED   0x00000008   Data   RW         6747    .data               stm32_lcd.o
    0x200000d8   COMPRESSED   0x00000014   Data   RW         6945    .data               app_x-cube-ai.o
    0x200000ec   COMPRESSED   0x00000010   Data   RW         7399    .data               network.o
    0x200000fc   COMPRESSED   0x00000010   Data   RW         7400    .data               network.o
    0x2000010c   COMPRESSED   0x00000010   Data   RW         7401    .data               network.o
    0x2000011c   COMPRESSED   0x00000010   Data   RW         7402    .data               network.o
    0x2000012c   COMPRESSED   0x00000010   Data   RW         7403    .data               network.o
    0x2000013c   COMPRESSED   0x00000010   Data   RW         7404    .data               network.o
    0x2000014c   COMPRESSED   0x00000010   Data   RW         7405    .data               network.o
    0x2000015c   COMPRESSED   0x00000010   Data   RW         7406    .data               network.o
    0x2000016c   COMPRESSED   0x00000010   Data   RW         7407    .data               network.o
    0x2000017c   COMPRESSED   0x00000010   Data   RW         7408    .data               network.o
    0x2000018c   COMPRESSED   0x00000010   Data   RW         7409    .data               network.o
    0x2000019c   COMPRESSED   0x00000010   Data   RW         7410    .data               network.o
    0x200001ac   COMPRESSED   0x00000010   Data   RW         7411    .data               network.o
    0x200001bc   COMPRESSED   0x00000010   Data   RW         7412    .data               network.o
    0x200001cc   COMPRESSED   0x00000010   Data   RW         7413    .data               network.o
    0x200001dc   COMPRESSED   0x00000010   Data   RW         7414    .data               network.o
    0x200001ec   COMPRESSED   0x00000010   Data   RW         7415    .data               network.o
    0x200001fc   COMPRESSED   0x00000010   Data   RW         7416    .data               network.o
    0x2000020c   COMPRESSED   0x00000010   Data   RW         7417    .data               network.o
    0x2000021c   COMPRESSED   0x00000010   Data   RW         7418    .data               network.o
    0x2000022c   COMPRESSED   0x00000010   Data   RW         7419    .data               network.o
    0x2000023c   COMPRESSED   0x00000010   Data   RW         7420    .data               network.o
    0x2000024c   COMPRESSED   0x00000010   Data   RW         7421    .data               network.o
    0x2000025c   COMPRESSED   0x00000010   Data   RW         7422    .data               network.o
    0x2000026c   COMPRESSED   0x00000010   Data   RW         7423    .data               network.o
    0x2000027c   COMPRESSED   0x00000010   Data   RW         7424    .data               network.o
    0x2000028c   COMPRESSED   0x00000010   Data   RW         7425    .data               network.o
    0x2000029c   COMPRESSED   0x00000010   Data   RW         7426    .data               network.o
    0x200002ac   COMPRESSED   0x00000010   Data   RW         7427    .data               network.o
    0x200002bc   COMPRESSED   0x00000010   Data   RW         7428    .data               network.o
    0x200002cc   COMPRESSED   0x00000010   Data   RW         7429    .data               network.o
    0x200002dc   COMPRESSED   0x00000010   Data   RW         7430    .data               network.o
    0x200002ec   COMPRESSED   0x00000004   Data   RW         7431    .data               network.o
    0x200002f0   COMPRESSED   0x00000004   Data   RW         7432    .data               network.o
    0x200002f4   COMPRESSED   0x00000004   Data   RW         7433    .data               network.o
    0x200002f8   COMPRESSED   0x00000004   Data   RW         7434    .data               network.o
    0x200002fc   COMPRESSED   0x00000030   Data   RW         7435    .data               network.o
    0x2000032c   COMPRESSED   0x00000018   Data   RW         7436    .data               network.o
    0x20000344   COMPRESSED   0x00000004   Data   RW         7437    .data               network.o
    0x20000348   COMPRESSED   0x00000004   Data   RW         7438    .data               network.o
    0x2000034c   COMPRESSED   0x00000004   Data   RW         7439    .data               network.o
    0x20000350   COMPRESSED   0x00000004   Data   RW         7440    .data               network.o
    0x20000354   COMPRESSED   0x00000030   Data   RW         7441    .data               network.o
    0x20000384   COMPRESSED   0x00000004   Data   RW         7442    .data               network.o
    0x20000388   COMPRESSED   0x00000004   Data   RW         7443    .data               network.o
    0x2000038c   COMPRESSED   0x00000004   Data   RW         7444    .data               network.o
    0x20000390   COMPRESSED   0x00000004   Data   RW         7445    .data               network.o
    0x20000394   COMPRESSED   0x00000030   Data   RW         7446    .data               network.o
    0x200003c4   COMPRESSED   0x00000004   Data   RW         7447    .data               network.o
    0x200003c8   COMPRESSED   0x00000004   Data   RW         7448    .data               network.o
    0x200003cc   COMPRESSED   0x00000004   Data   RW         7449    .data               network.o
    0x200003d0   COMPRESSED   0x00000004   Data   RW         7450    .data               network.o
    0x200003d4   COMPRESSED   0x00000030   Data   RW         7451    .data               network.o
    0x20000404   COMPRESSED   0x00000004   Data   RW         7452    .data               network.o
    0x20000408   COMPRESSED   0x00000004   Data   RW         7453    .data               network.o
    0x2000040c   COMPRESSED   0x00000004   Data   RW         7454    .data               network.o
    0x20000410   COMPRESSED   0x00000004   Data   RW         7455    .data               network.o
    0x20000414   COMPRESSED   0x00000030   Data   RW         7456    .data               network.o
    0x20000444   COMPRESSED   0x00000004   Data   RW         7457    .data               network.o
    0x20000448   COMPRESSED   0x00000004   Data   RW         7458    .data               network.o
    0x2000044c   COMPRESSED   0x00000004   Data   RW         7459    .data               network.o
    0x20000450   COMPRESSED   0x00000004   Data   RW         7460    .data               network.o
    0x20000454   COMPRESSED   0x00000030   Data   RW         7461    .data               network.o
    0x20000484   COMPRESSED   0x00000008   Data   RW         7462    .data               network.o
    0x2000048c   COMPRESSED   0x00000004   Data   RW         7463    .data               network.o
    0x20000490   COMPRESSED   0x00000004   Data   RW         7464    .data               network.o
    0x20000494   COMPRESSED   0x00000004   Data   RW         7465    .data               network.o
    0x20000498   COMPRESSED   0x00000030   Data   RW         7466    .data               network.o
    0x200004c8   COMPRESSED   0x00000004   Data   RW         7467    .data               network.o
    0x200004cc   COMPRESSED   0x00000004   Data   RW         7468    .data               network.o
    0x200004d0   COMPRESSED   0x00000004   Data   RW         7469    .data               network.o
    0x200004d4   COMPRESSED   0x00000004   Data   RW         7470    .data               network.o
    0x200004d8   COMPRESSED   0x00000030   Data   RW         7471    .data               network.o
    0x20000508   COMPRESSED   0x00000008   Data   RW         7472    .data               network.o
    0x20000510   COMPRESSED   0x00000004   Data   RW         7473    .data               network.o
    0x20000514   COMPRESSED   0x00000004   Data   RW         7474    .data               network.o
    0x20000518   COMPRESSED   0x00000004   Data   RW         7475    .data               network.o
    0x2000051c   COMPRESSED   0x00000030   Data   RW         7476    .data               network.o
    0x2000054c   COMPRESSED   0x0000045c   Data   RW         7477    .data               network.o
    0x200009a8   COMPRESSED   0x00000004   Data   RW         9811    .data               mc_w.l(errno.o)
    0x200009ac        -       0x00000438   Zero   RW           20    .bss                main.o
    0x20000de4        -       0x00000094   Zero   RW          371    .bss                usart.o
    0x20000e78        -       0x000001c0   Zero   RW          557    .bss                lcd_display.o
    0x20001038        -       0x0000000c   Zero   RW         5324    .bss                otm8009a.o
    0x20001044        -       0x00000010   Zero   RW         5980    .bss                is42s32800j.o
    0x20001054        -       0x00000190   Zero   RW         6413    .bss                stm32h747i_discovery_lcd.o
    0x200011e4        -       0x0000012c   Zero   RW         6658    .bss                stm32h747i_discovery_sdram.o
    0x20001310        -       0x0000006c   Zero   RW         6739    .bss                stm32_lcd.o
    0x2000137c   COMPRESSED   0x00000004   PAD
    0x20001380        -       0x00000090   Zero   RW         6944    .bss                app_x-cube-ai.o
    0x20001410        -       0x00000010   Zero   RW         7100    .bss                network.o
    0x20001420        -       0x00000010   Zero   RW         7101    .bss                network.o
    0x20001430        -       0x00000010   Zero   RW         7102    .bss                network.o
    0x20001440        -       0x00000010   Zero   RW         7103    .bss                network.o
    0x20001450        -       0x00000400   Zero   RW            1    STACK               startup_stm32h747xx_cm7.o


    Execution Region RW_AXI_SRAM (Exec base: 0x24000000, Load base: 0x080ed578, Size: 0x0000e8ac, Max: 0x00080000, ABSOLUTE, COMPRESSED[0x000001d4])

    Exec Addr    Load Addr    Size         Type   Attr      Idx    E Section Name        Object

    0x24000000   COMPRESSED   0x0000e8ac   Data   RW         6943    .AI_DTCMRAM         app_x-cube-ai.o


==============================================================================

Image component sizes


      Code (inc. data)   RO Data    RW Data    ZI Data      Debug   Object Name

      1324         20         24          0          0       8141   ai_detection.o
       116         14          0      59584        144       3248   app_x-cube-ai.o
        96         10          0          0          0       1055   gpio.o
       288         18          0          0         16       6525   is42s32800j.o
      1264        270          0          8        448       8691   lcd_display.o
      1400        170     614444         64       1080    1617259   main.o
     13370        628       2504       2236         64     128687   network.o
         0          0     295360          0          0        742   network_data.o
      1798         26        327          0         12      10663   otm8009a.o
        14          0          0          0          0       1197   otm8009a_reg.o
        44         12        664          0       1024        864   startup_stm32h747xx_cm7.o
       750         46       9880         16        108      14141   stm32_lcd.o
       166         14         64        108          0      12992   stm32h747i_discovery.o
         4          0          0          0          0        546   stm32h747i_discovery_bus.o
      1184         80          0          0        400      17552   stm32h747i_discovery_lcd.o
       544         54          0          0        300       3462   stm32h747i_discovery_sdram.o
       232         44          0         12          0      31488   stm32h7xx_hal.o
       354         28          0          0          0      41169   stm32h7xx_hal_cortex.o
      1404         70          0          0          0       3939   stm32h7xx_hal_dma.o
       816         16          0          0          0       6071   stm32h7xx_hal_dma2d.o
      2178         16          0          0          0      17143   stm32h7xx_hal_dsi.o
       574         50          0          0          0       2440   stm32h7xx_hal_gpio.o
        52         12          0          0          0       1287   stm32h7xx_hal_hsem.o
       816          0          0          0          0       5181   stm32h7xx_hal_ltdc.o
       356          6          0          0          0       2826   stm32h7xx_hal_mdma.o
        28          6          0          0          0        994   stm32h7xx_hal_msp.o
       132          4          0          0          0        857   stm32h7xx_hal_pwr_ex.o
      2466        102          0          0          0       7316   stm32h7xx_hal_rcc.o
      3788        118          0          0          0       8065   stm32h7xx_hal_rcc_ex.o
       188          4          0          0          0       3612   stm32h7xx_hal_sdram.o
      4164        196         24          0          0      36598   stm32h7xx_hal_uart.o
       290          6         16          0          0       5658   stm32h7xx_hal_uart_ex.o
        32          6          0          0          0       4886   stm32h7xx_it.o
       338         12          0          0          0       4456   stm32h7xx_ll_fmc.o
       248         40         16          8          0       1710   system_stm32h7xx_dualcore_boot_cm4_cm7.o
       256         24          0          0        148       2050   usart.o
         4          0          0          0          0       1045   user_init.o

    ----------------------------------------------------------------------
     41106       2122     923376      62036       3748    2024556   Object Totals
         0          0         48          0          0          0   (incl. Generated)
        28          0          5          0          4          0   (incl. Padding)

    ----------------------------------------------------------------------

      Code (inc. data)   RO Data    RW Data    ZI Data      Debug   Library Member Name

        48          0          0          0          0        232   ai_math_helpers.o
       448          4         28          0          0        276   core_utils.o
      1200         12          0          0          0        596   forward_lite_conv2d_if32of32wf32.o
       352          0          0          0          0        164   forward_lite_upsample_generic.o
      1058         10        640          0          0        536   layers_generic_float.o
       388          0          0          0          0        272   layers_pool_generic_float.o
       180         16          0          0          0        132   layers_upsample_generic.o
       100          4          0          0          0        256   lite_nl_generic_float.o
       132          0          0          0          0        132   st_int8_fill.o
         4          0          0          0          0        116   stai_internal.o
       500         74         48          0          0        236   expf.o
        38          0          0          0          0        116   fpclassifyf.o
        38         12          0          0          0        348   funder.o
       160          6          0          0          0        140   roundf.o
        86          0          0          0          0          0   __dczerorl2.o
         0          0          0          0          0          0   entry.o
         0          0          0          0          0          0   entry10a.o
         0          0          0          0          0          0   entry11a.o
         8          4          0          0          0          0   entry2.o
         4          0          0          0          0          0   entry5.o
         0          0          0          0          0          0   entry7b.o
         0          0          0          0          0          0   entry8b.o
         8          4          0          0          0          0   entry9a.o
        12          6          0          4          0         68   errno.o
        30          0          0          0          0          0   handlers.o
        36          8          0          0          0         68   init.o
         0          0          0          0          0          0   iusefp.o
        30          0          0          0          0         68   llshl.o
        32          0          0          0          0         68   llushr.o
        36          0          0          0          0         68   memcpya.o
        36          0          0          0          0        108   memseta.o
       884         10          0          0          0        420   printf6.o
        44          0          0          0          0         80   uidiv.o
        98          0          0          0          0         92   uldiv.o
       110          0          0          0          0        168   fepilogue.o
        60          0          0          0          0         76   frnd.o

    ----------------------------------------------------------------------
      6174        170        716          4          0       4836   Library Totals
        14          0          0          0          0          0   (incl. Padding)

    ----------------------------------------------------------------------

      Code (inc. data)   RO Data    RW Data    ZI Data      Debug   Library Name

      3910         46        668          0          0       2712   NetworkRuntime1201_CM7_Keil.lib
       736         92         48          0          0        840   m_wv.l
      1344         32          0          4          0       1040   mc_w.l
       170          0          0          0          0        244   mf_w.l

    ----------------------------------------------------------------------
      6174        170        716          4          0       4836   Library Totals

    ----------------------------------------------------------------------

==============================================================================


      Code (inc. data)   RO Data    RW Data    ZI Data      Debug   

     47280       2292     924092      62040       3748    2007352   Grand Totals
     47280       2292     924092       1248       3748    2007352   ELF Image Totals (compressed)
     47280       2292     924092       1248          0          0   ROM Totals

==============================================================================

    Total RO  Size (Code + RO Data)               971372 ( 948.61kB)
    Total RW  Size (RW Data + ZI Data)             65788 (  64.25kB)
    Total ROM Size (Code + RO Data + RW Data)     972620 ( 949.82kB)

==============================================================================

